Archive member included because of file (symbol)

.\CortexM3\ARM_GCC_493\Debug\vga.a(cyfitter_cfg.o)
                              .\CortexM3\ARM_GCC_493\Debug\Cm3Start.o (cyfitter_cfg)
.\CortexM3\ARM_GCC_493\Debug\vga.a(VERT.o)
                              .\CortexM3\ARM_GCC_493\Debug\main.o (VERT_Start)
.\CortexM3\ARM_GCC_493\Debug\vga.a(HORIZ.o)
                              .\CortexM3\ARM_GCC_493\Debug\main.o (HORIZ_Start)
.\CortexM3\ARM_GCC_493\Debug\vga.a(DMA_dma.o)
                              .\CortexM3\ARM_GCC_493\Debug\main.o (DMA_DmaInitialize)
.\CortexM3\ARM_GCC_493\Debug\vga.a(NEWLINE.o)
                              .\CortexM3\ARM_GCC_493\Debug\main.o (NEWLINE_SetPriority)
.\CortexM3\ARM_GCC_493\Debug\vga.a(VSYNC.o)
                              .\CortexM3\ARM_GCC_493\Debug\main.o (VSYNC_Start)
.\CortexM3\ARM_GCC_493\Debug\vga.a(HSYNC.o)
                              .\CortexM3\ARM_GCC_493\Debug\main.o (HSYNC_Start)
.\CortexM3\ARM_GCC_493\Debug\vga.a(CyBootAsmGnu.o)
                              .\CortexM3\ARM_GCC_493\Debug\vga.a(cyfitter_cfg.o) (CyDelayCycles)
.\CortexM3\ARM_GCC_493\Debug\vga.a(CyDmac.o)
                              .\CortexM3\ARM_GCC_493\Debug\Cm3Start.o (CyDmacConfigure)
.\CortexM3\ARM_GCC_493\Debug\vga.a(CyLib.o)
                              .\CortexM3\ARM_GCC_493\Debug\Cm3Start.o (CyResetStatus)
.\CortexM3\ARM_GCC_493\Debug\vga.a(cyPm.o)
                              .\CortexM3\ARM_GCC_493\Debug\vga.a(CyLib.o) (CyPmReadStatus)
.\CortexM3\ARM_GCC_493\Debug\vga.a(UART_1.o)
                              .\CortexM3\ARM_GCC_493\Debug\main.o (UART_1_Start)
.\CortexM3\ARM_GCC_493\Debug\vga.a(Timer_1.o)
                              .\CortexM3\ARM_GCC_493\Debug\main.o (Timer_1_Start)
.\CortexM3\ARM_GCC_493\Debug\vga.a(ISR_1.o)
                              .\CortexM3\ARM_GCC_493\Debug\main.o (ISR_1_SetPriority)
.\CortexM3\ARM_GCC_493\Debug\vga.a(UART_1_IntClock.o)
                              .\CortexM3\ARM_GCC_493\Debug\vga.a(UART_1.o) (UART_1_IntClock_Start)
.\CortexM3\ARM_GCC_493\Debug\vga.a(CyFlash.o)
                              .\CortexM3\ARM_GCC_493\Debug\vga.a(cyPm.o) (CyFlash_SetWaitCycles)
.\CortexM3\ARM_GCC_493\Debug\vga.a(CySpc.o)
                              .\CortexM3\ARM_GCC_493\Debug\vga.a(CyFlash.o) (CySpcStart)
c:/program files (x86)/cypress/psoc creator/3.3/psoc creator/import/gnu/arm/4.9.3/bin/../lib/gcc/arm-none-eabi/4.9.3/../../../../arm-none-eabi/lib/armv7-m\libg_nano.a(lib_a-exit.o)
                              c:/program files (x86)/cypress/psoc creator/3.3/psoc creator/import/gnu/arm/4.9.3/bin/../lib/gcc/arm-none-eabi/4.9.3/../../../../arm-none-eabi/lib/armv7-m/crt0.o (exit)
c:/program files (x86)/cypress/psoc creator/3.3/psoc creator/import/gnu/arm/4.9.3/bin/../lib/gcc/arm-none-eabi/4.9.3/../../../../arm-none-eabi/lib/armv7-m\libg_nano.a(lib_a-impure.o)
                              c:/program files (x86)/cypress/psoc creator/3.3/psoc creator/import/gnu/arm/4.9.3/bin/../lib/gcc/arm-none-eabi/4.9.3/../../../../arm-none-eabi/lib/armv7-m\libg_nano.a(lib_a-exit.o) (_global_impure_ptr)
c:/program files (x86)/cypress/psoc creator/3.3/psoc creator/import/gnu/arm/4.9.3/bin/../lib/gcc/arm-none-eabi/4.9.3/../../../../arm-none-eabi/lib/armv7-m\libg_nano.a(lib_a-init.o)
                              c:/program files (x86)/cypress/psoc creator/3.3/psoc creator/import/gnu/arm/4.9.3/bin/../lib/gcc/arm-none-eabi/4.9.3/../../../../arm-none-eabi/lib/armv7-m/crt0.o (__libc_init_array)
c:/program files (x86)/cypress/psoc creator/3.3/psoc creator/import/gnu/arm/4.9.3/bin/../lib/gcc/arm-none-eabi/4.9.3/../../../../arm-none-eabi/lib/armv7-m\libg_nano.a(lib_a-memcpy.o)
                              .\CortexM3\ARM_GCC_493\Debug\main.o (memcpy)
c:/program files (x86)/cypress/psoc creator/3.3/psoc creator/import/gnu/arm/4.9.3/bin/../lib/gcc/arm-none-eabi/4.9.3/../../../../arm-none-eabi/lib/armv7-m\libg_nano.a(lib_a-memset.o)
                              c:/program files (x86)/cypress/psoc creator/3.3/psoc creator/import/gnu/arm/4.9.3/bin/../lib/gcc/arm-none-eabi/4.9.3/../../../../arm-none-eabi/lib/armv7-m/crt0.o (memset)

Allocating common symbols
Common symbol       size              file

dma_chan            0x1               .\CortexM3\ARM_GCC_493\Debug\main.o
dma_td              0x1               .\CortexM3\ARM_GCC_493\Debug\main.o
buf                 0x3000            .\CortexM3\ARM_GCC_493\Debug\main.o
dieTemperature      0x2               .\CortexM3\ARM_GCC_493\Debug\vga.a(CyFlash.o)

Discarded input sections

 .text          0x00000000        0x0 c:/program files (x86)/cypress/psoc creator/3.3/psoc creator/import/gnu/arm/4.9.3/bin/../lib/gcc/arm-none-eabi/4.9.3/armv7-m/crti.o
 .data          0x00000000        0x0 c:/program files (x86)/cypress/psoc creator/3.3/psoc creator/import/gnu/arm/4.9.3/bin/../lib/gcc/arm-none-eabi/4.9.3/armv7-m/crti.o
 .bss           0x00000000        0x0 c:/program files (x86)/cypress/psoc creator/3.3/psoc creator/import/gnu/arm/4.9.3/bin/../lib/gcc/arm-none-eabi/4.9.3/armv7-m/crti.o
 .data          0x00000000        0x4 c:/program files (x86)/cypress/psoc creator/3.3/psoc creator/import/gnu/arm/4.9.3/bin/../lib/gcc/arm-none-eabi/4.9.3/armv7-m/crtbegin.o
 .text          0x00000000       0x74 c:/program files (x86)/cypress/psoc creator/3.3/psoc creator/import/gnu/arm/4.9.3/bin/../lib/gcc/arm-none-eabi/4.9.3/../../../../arm-none-eabi/lib/armv7-m/crt0.o
 .data          0x00000000        0x0 c:/program files (x86)/cypress/psoc creator/3.3/psoc creator/import/gnu/arm/4.9.3/bin/../lib/gcc/arm-none-eabi/4.9.3/../../../../arm-none-eabi/lib/armv7-m/crt0.o
 .bss           0x00000000        0x0 c:/program files (x86)/cypress/psoc creator/3.3/psoc creator/import/gnu/arm/4.9.3/bin/../lib/gcc/arm-none-eabi/4.9.3/../../../../arm-none-eabi/lib/armv7-m/crt0.o
 .ARM.extab     0x00000000        0x0 c:/program files (x86)/cypress/psoc creator/3.3/psoc creator/import/gnu/arm/4.9.3/bin/../lib/gcc/arm-none-eabi/4.9.3/../../../../arm-none-eabi/lib/armv7-m/crt0.o
 .ARM.exidx     0x00000000        0x8 c:/program files (x86)/cypress/psoc creator/3.3/psoc creator/import/gnu/arm/4.9.3/bin/../lib/gcc/arm-none-eabi/4.9.3/../../../../arm-none-eabi/lib/armv7-m/crt0.o
 .text          0x00000000        0x0 .\CortexM3\ARM_GCC_493\Debug\main.o
 .text          0x00000000        0x0 .\CortexM3\ARM_GCC_493\Debug\draw.o
 .data          0x00000000        0x0 .\CortexM3\ARM_GCC_493\Debug\draw.o
 .bss           0x00000000        0x0 .\CortexM3\ARM_GCC_493\Debug\draw.o
 .text.test     0x00000000       0x1c .\CortexM3\ARM_GCC_493\Debug\draw.o
 .text          0x00000000        0x0 .\CortexM3\ARM_GCC_493\Debug\cymetadata.o
 .data          0x00000000        0x0 .\CortexM3\ARM_GCC_493\Debug\cymetadata.o
 .bss           0x00000000        0x0 .\CortexM3\ARM_GCC_493\Debug\cymetadata.o
 .text          0x00000000        0x0 .\CortexM3\ARM_GCC_493\Debug\Cm3Start.o
 .data          0x00000000        0x0 .\CortexM3\ARM_GCC_493\Debug\Cm3Start.o
 .bss           0x00000000        0x0 .\CortexM3\ARM_GCC_493\Debug\Cm3Start.o
 .text._exit    0x00000000       0x28 .\CortexM3\ARM_GCC_493\Debug\Cm3Start.o
 .text          0x00000000        0x0 .\CortexM3\ARM_GCC_493\Debug\vga.a(cyfitter_cfg.o)
 .data          0x00000000        0x0 .\CortexM3\ARM_GCC_493\Debug\vga.a(cyfitter_cfg.o)
 .text.CYCONFIGCPYCODE
                0x00000000       0x1c .\CortexM3\ARM_GCC_493\Debug\vga.a(cyfitter_cfg.o)
 .text.SetAnalogRoutingPumps
                0x00000000       0x28 .\CortexM3\ARM_GCC_493\Debug\vga.a(cyfitter_cfg.o)
 .text          0x00000000        0x0 .\CortexM3\ARM_GCC_493\Debug\vga.a(VERT.o)
 .data          0x00000000        0x0 .\CortexM3\ARM_GCC_493\Debug\vga.a(VERT.o)
 .text.VERT_Stop
                0x00000000       0x20 .\CortexM3\ARM_GCC_493\Debug\vga.a(VERT.o)
 .text.VERT_ReadControlRegister
                0x00000000       0x20 .\CortexM3\ARM_GCC_493\Debug\vga.a(VERT.o)
 .text.VERT_WriteControlRegister
                0x00000000       0x20 .\CortexM3\ARM_GCC_493\Debug\vga.a(VERT.o)
 .text.VERT_ReadCapture
                0x00000000       0x18 .\CortexM3\ARM_GCC_493\Debug\vga.a(VERT.o)
 .text.VERT_ReadCompare
                0x00000000       0x18 .\CortexM3\ARM_GCC_493\Debug\vga.a(VERT.o)
 .text.VERT_ReadPeriod
                0x00000000       0x18 .\CortexM3\ARM_GCC_493\Debug\vga.a(VERT.o)
 .text          0x00000000        0x0 .\CortexM3\ARM_GCC_493\Debug\vga.a(HORIZ.o)
 .data          0x00000000        0x0 .\CortexM3\ARM_GCC_493\Debug\vga.a(HORIZ.o)
 .text.HORIZ_Stop
                0x00000000       0x20 .\CortexM3\ARM_GCC_493\Debug\vga.a(HORIZ.o)
 .text.HORIZ_ReadCounter
                0x00000000       0x20 .\CortexM3\ARM_GCC_493\Debug\vga.a(HORIZ.o)
 .text.HORIZ_ReadControlRegister
                0x00000000       0x20 .\CortexM3\ARM_GCC_493\Debug\vga.a(HORIZ.o)
 .text.HORIZ_WriteControlRegister
                0x00000000       0x20 .\CortexM3\ARM_GCC_493\Debug\vga.a(HORIZ.o)
 .text.HORIZ_ReadCapture
                0x00000000       0x18 .\CortexM3\ARM_GCC_493\Debug\vga.a(HORIZ.o)
 .text.HORIZ_ReadCompare1
                0x00000000       0x18 .\CortexM3\ARM_GCC_493\Debug\vga.a(HORIZ.o)
 .text.HORIZ_ReadCompare2
                0x00000000       0x18 .\CortexM3\ARM_GCC_493\Debug\vga.a(HORIZ.o)
 .text.HORIZ_ReadPeriod
                0x00000000       0x18 .\CortexM3\ARM_GCC_493\Debug\vga.a(HORIZ.o)
 .text          0x00000000        0x0 .\CortexM3\ARM_GCC_493\Debug\vga.a(DMA_dma.o)
 .bss           0x00000000        0x0 .\CortexM3\ARM_GCC_493\Debug\vga.a(DMA_dma.o)
 .text.DMA_DmaRelease
                0x00000000       0x14 .\CortexM3\ARM_GCC_493\Debug\vga.a(DMA_dma.o)
 .text          0x00000000        0x0 .\CortexM3\ARM_GCC_493\Debug\vga.a(NEWLINE.o)
 .data          0x00000000        0x0 .\CortexM3\ARM_GCC_493\Debug\vga.a(NEWLINE.o)
 .bss           0x00000000        0x0 .\CortexM3\ARM_GCC_493\Debug\vga.a(NEWLINE.o)
 .text.NEWLINE_Start
                0x00000000       0x20 .\CortexM3\ARM_GCC_493\Debug\vga.a(NEWLINE.o)
 .text.NEWLINE_Stop
                0x00000000       0x14 .\CortexM3\ARM_GCC_493\Debug\vga.a(NEWLINE.o)
 .text.NEWLINE_Interrupt
                0x00000000        0xc .\CortexM3\ARM_GCC_493\Debug\vga.a(NEWLINE.o)
 .text.NEWLINE_GetVector
                0x00000000       0x20 .\CortexM3\ARM_GCC_493\Debug\vga.a(NEWLINE.o)
 .text.NEWLINE_GetPriority
                0x00000000       0x24 .\CortexM3\ARM_GCC_493\Debug\vga.a(NEWLINE.o)
 .text.NEWLINE_GetState
                0x00000000       0x20 .\CortexM3\ARM_GCC_493\Debug\vga.a(NEWLINE.o)
 .text.NEWLINE_SetPending
                0x00000000       0x18 .\CortexM3\ARM_GCC_493\Debug\vga.a(NEWLINE.o)
 .text.NEWLINE_ClearPending
                0x00000000       0x18 .\CortexM3\ARM_GCC_493\Debug\vga.a(NEWLINE.o)
 .text          0x00000000        0x0 .\CortexM3\ARM_GCC_493\Debug\vga.a(VSYNC.o)
 .data          0x00000000        0x0 .\CortexM3\ARM_GCC_493\Debug\vga.a(VSYNC.o)
 .text.VSYNC_Stop
                0x00000000       0x20 .\CortexM3\ARM_GCC_493\Debug\vga.a(VSYNC.o)
 .text.VSYNC_ReadCounter
                0x00000000       0x20 .\CortexM3\ARM_GCC_493\Debug\vga.a(VSYNC.o)
 .text.VSYNC_ReadControlRegister
                0x00000000       0x20 .\CortexM3\ARM_GCC_493\Debug\vga.a(VSYNC.o)
 .text.VSYNC_WriteControlRegister
                0x00000000       0x20 .\CortexM3\ARM_GCC_493\Debug\vga.a(VSYNC.o)
 .text.VSYNC_ReadCapture
                0x00000000       0x18 .\CortexM3\ARM_GCC_493\Debug\vga.a(VSYNC.o)
 .text.VSYNC_ReadCompare
                0x00000000       0x18 .\CortexM3\ARM_GCC_493\Debug\vga.a(VSYNC.o)
 .text.VSYNC_ReadPeriod
                0x00000000       0x18 .\CortexM3\ARM_GCC_493\Debug\vga.a(VSYNC.o)
 .text          0x00000000        0x0 .\CortexM3\ARM_GCC_493\Debug\vga.a(HSYNC.o)
 .data          0x00000000        0x0 .\CortexM3\ARM_GCC_493\Debug\vga.a(HSYNC.o)
 .text.HSYNC_Stop
                0x00000000       0x20 .\CortexM3\ARM_GCC_493\Debug\vga.a(HSYNC.o)
 .text.HSYNC_ReadCounter
                0x00000000       0x20 .\CortexM3\ARM_GCC_493\Debug\vga.a(HSYNC.o)
 .text.HSYNC_ReadControlRegister
                0x00000000       0x20 .\CortexM3\ARM_GCC_493\Debug\vga.a(HSYNC.o)
 .text.HSYNC_WriteControlRegister
                0x00000000       0x20 .\CortexM3\ARM_GCC_493\Debug\vga.a(HSYNC.o)
 .text.HSYNC_ReadCapture
                0x00000000       0x18 .\CortexM3\ARM_GCC_493\Debug\vga.a(HSYNC.o)
 .text.HSYNC_ReadCompare
                0x00000000       0x18 .\CortexM3\ARM_GCC_493\Debug\vga.a(HSYNC.o)
 .text.HSYNC_ReadPeriod
                0x00000000       0x18 .\CortexM3\ARM_GCC_493\Debug\vga.a(HSYNC.o)
 .data          0x00000000        0x0 .\CortexM3\ARM_GCC_493\Debug\vga.a(CyBootAsmGnu.o)
 .bss           0x00000000        0x0 .\CortexM3\ARM_GCC_493\Debug\vga.a(CyBootAsmGnu.o)
 .text          0x00000000        0x0 .\CortexM3\ARM_GCC_493\Debug\vga.a(CyDmac.o)
 .bss           0x00000000        0x0 .\CortexM3\ARM_GCC_493\Debug\vga.a(CyDmac.o)
 .text.CyDmacError
                0x00000000       0x20 .\CortexM3\ARM_GCC_493\Debug\vga.a(CyDmac.o)
 .text.CyDmacClearError
                0x00000000       0x24 .\CortexM3\ARM_GCC_493\Debug\vga.a(CyDmac.o)
 .text.CyDmacErrorAddress
                0x00000000       0x18 .\CortexM3\ARM_GCC_493\Debug\vga.a(CyDmac.o)
 .text.CyDmaChAlloc
                0x00000000       0x64 .\CortexM3\ARM_GCC_493\Debug\vga.a(CyDmac.o)
 .text.CyDmaChFree
                0x00000000       0x4c .\CortexM3\ARM_GCC_493\Debug\vga.a(CyDmac.o)
 .text.CyDmaClearPendingDrq
                0x00000000       0x64 .\CortexM3\ARM_GCC_493\Debug\vga.a(CyDmac.o)
 .text.CyDmaChSetRequest
                0x00000000       0x58 .\CortexM3\ARM_GCC_493\Debug\vga.a(CyDmac.o)
 .text.CyDmaChGetRequest
                0x00000000       0x38 .\CortexM3\ARM_GCC_493\Debug\vga.a(CyDmac.o)
 .text.CyDmaChStatus
                0x00000000       0x60 .\CortexM3\ARM_GCC_493\Debug\vga.a(CyDmac.o)
 .text.CyDmaTdFree
                0x00000000       0x54 .\CortexM3\ARM_GCC_493\Debug\vga.a(CyDmac.o)
 .text.CyDmaTdFreeCount
                0x00000000       0x1c .\CortexM3\ARM_GCC_493\Debug\vga.a(CyDmac.o)
 .text.CyDmaTdGetConfiguration
                0x00000000       0x88 .\CortexM3\ARM_GCC_493\Debug\vga.a(CyDmac.o)
 .text.CyDmaTdGetAddress
                0x00000000       0x6c .\CortexM3\ARM_GCC_493\Debug\vga.a(CyDmac.o)
 .text.CyDmaChRoundRobin
                0x00000000       0x70 .\CortexM3\ARM_GCC_493\Debug\vga.a(CyDmac.o)
 .text          0x00000000        0x0 .\CortexM3\ARM_GCC_493\Debug\vga.a(CyLib.o)
 .bss           0x00000000        0x0 .\CortexM3\ARM_GCC_493\Debug\vga.a(CyLib.o)
 .text.CyPLL_OUT_Start
                0x00000000       0xb0 .\CortexM3\ARM_GCC_493\Debug\vga.a(CyLib.o)
 .text.CyPLL_OUT_Stop
                0x00000000       0x20 .\CortexM3\ARM_GCC_493\Debug\vga.a(CyLib.o)
 .text.CyPLL_OUT_SetPQ
                0x00000000       0x90 .\CortexM3\ARM_GCC_493\Debug\vga.a(CyLib.o)
 .text.CyPLL_OUT_SetSource
                0x00000000       0x54 .\CortexM3\ARM_GCC_493\Debug\vga.a(CyLib.o)
 .text.CyIMO_Start
                0x00000000       0x94 .\CortexM3\ARM_GCC_493\Debug\vga.a(CyLib.o)
 .text.CyIMO_Stop
                0x00000000       0x34 .\CortexM3\ARM_GCC_493\Debug\vga.a(CyLib.o)
 .text.CyUSB_PowerOnCheck
                0x00000000       0x60 .\CortexM3\ARM_GCC_493\Debug\vga.a(CyLib.o)
 .text.CyIMO_SetTrimValue
                0x00000000      0x108 .\CortexM3\ARM_GCC_493\Debug\vga.a(CyLib.o)
 .text.CyIMO_SetFreq
                0x00000000      0x1ac .\CortexM3\ARM_GCC_493\Debug\vga.a(CyLib.o)
 .text.CyIMO_SetSource
                0x00000000       0x8c .\CortexM3\ARM_GCC_493\Debug\vga.a(CyLib.o)
 .text.CyIMO_EnableDoubler
                0x00000000       0x20 .\CortexM3\ARM_GCC_493\Debug\vga.a(CyLib.o)
 .text.CyIMO_DisableDoubler
                0x00000000       0x20 .\CortexM3\ARM_GCC_493\Debug\vga.a(CyLib.o)
 .text.CyMasterClk_SetSource
                0x00000000       0x34 .\CortexM3\ARM_GCC_493\Debug\vga.a(CyLib.o)
 .text.CyMasterClk_SetDivider
                0x00000000       0x20 .\CortexM3\ARM_GCC_493\Debug\vga.a(CyLib.o)
 .text.CyBusClk_Internal_SetDivider
                0x00000000       0x78 .\CortexM3\ARM_GCC_493\Debug\vga.a(CyLib.o)
 .text.CyBusClk_SetDivider
                0x00000000       0xb4 .\CortexM3\ARM_GCC_493\Debug\vga.a(CyLib.o)
 .text.CyUsbClk_SetSource
                0x00000000       0x34 .\CortexM3\ARM_GCC_493\Debug\vga.a(CyLib.o)
 .text.CyILO_Start1K
                0x00000000       0x20 .\CortexM3\ARM_GCC_493\Debug\vga.a(CyLib.o)
 .text.CyILO_Stop1K
                0x00000000       0x20 .\CortexM3\ARM_GCC_493\Debug\vga.a(CyLib.o)
 .text.CyILO_Start100K
                0x00000000       0x20 .\CortexM3\ARM_GCC_493\Debug\vga.a(CyLib.o)
 .text.CyILO_Stop100K
                0x00000000       0x20 .\CortexM3\ARM_GCC_493\Debug\vga.a(CyLib.o)
 .text.CyILO_Enable33K
                0x00000000       0x20 .\CortexM3\ARM_GCC_493\Debug\vga.a(CyLib.o)
 .text.CyILO_Disable33K
                0x00000000       0x20 .\CortexM3\ARM_GCC_493\Debug\vga.a(CyLib.o)
 .text.CyILO_SetSource
                0x00000000       0x38 .\CortexM3\ARM_GCC_493\Debug\vga.a(CyLib.o)
 .text.CyILO_SetPowerMode
                0x00000000       0x4c .\CortexM3\ARM_GCC_493\Debug\vga.a(CyLib.o)
 .text.CyXTAL_32KHZ_Start
                0x00000000       0x84 .\CortexM3\ARM_GCC_493\Debug\vga.a(CyLib.o)
 .text.CyXTAL_32KHZ_Stop
                0x00000000       0x50 .\CortexM3\ARM_GCC_493\Debug\vga.a(CyLib.o)
 .text.CyXTAL_32KHZ_ReadStatus
                0x00000000       0x20 .\CortexM3\ARM_GCC_493\Debug\vga.a(CyLib.o)
 .text.CyXTAL_32KHZ_SetPowerMode
                0x00000000       0xb4 .\CortexM3\ARM_GCC_493\Debug\vga.a(CyLib.o)
 .text.CyXTAL_Start
                0x00000000       0xd0 .\CortexM3\ARM_GCC_493\Debug\vga.a(CyLib.o)
 .text.CyXTAL_Stop
                0x00000000       0x20 .\CortexM3\ARM_GCC_493\Debug\vga.a(CyLib.o)
 .text.CyXTAL_EnableErrStatus
                0x00000000       0x20 .\CortexM3\ARM_GCC_493\Debug\vga.a(CyLib.o)
 .text.CyXTAL_DisableErrStatus
                0x00000000       0x20 .\CortexM3\ARM_GCC_493\Debug\vga.a(CyLib.o)
 .text.CyXTAL_ReadStatus
                0x00000000       0x28 .\CortexM3\ARM_GCC_493\Debug\vga.a(CyLib.o)
 .text.CyXTAL_EnableFaultRecovery
                0x00000000       0x20 .\CortexM3\ARM_GCC_493\Debug\vga.a(CyLib.o)
 .text.CyXTAL_DisableFaultRecovery
                0x00000000       0x20 .\CortexM3\ARM_GCC_493\Debug\vga.a(CyLib.o)
 .text.CyXTAL_SetStartup
                0x00000000       0x34 .\CortexM3\ARM_GCC_493\Debug\vga.a(CyLib.o)
 .text.CyXTAL_SetFbVoltage
                0x00000000       0x34 .\CortexM3\ARM_GCC_493\Debug\vga.a(CyLib.o)
 .text.CyXTAL_SetWdVoltage
                0x00000000       0x38 .\CortexM3\ARM_GCC_493\Debug\vga.a(CyLib.o)
 .text.CyHalt   0x00000000       0x18 .\CortexM3\ARM_GCC_493\Debug\vga.a(CyLib.o)
 .text.CySoftwareReset
                0x00000000       0x20 .\CortexM3\ARM_GCC_493\Debug\vga.a(CyLib.o)
 .text.CyDelayUs
                0x00000000       0x24 .\CortexM3\ARM_GCC_493\Debug\vga.a(CyLib.o)
 .text.CyDelayFreq
                0x00000000       0x7c .\CortexM3\ARM_GCC_493\Debug\vga.a(CyLib.o)
 .text.CyWdtStart
                0x00000000       0x8c .\CortexM3\ARM_GCC_493\Debug\vga.a(CyLib.o)
 .text.CyWdtClear
                0x00000000       0x18 .\CortexM3\ARM_GCC_493\Debug\vga.a(CyLib.o)
 .text.CyVdLvDigitEnable
                0x00000000       0xb4 .\CortexM3\ARM_GCC_493\Debug\vga.a(CyLib.o)
 .text.CyVdLvAnalogEnable
                0x00000000       0xb0 .\CortexM3\ARM_GCC_493\Debug\vga.a(CyLib.o)
 .text.CyVdLvDigitDisable
                0x00000000       0x48 .\CortexM3\ARM_GCC_493\Debug\vga.a(CyLib.o)
 .text.CyVdLvAnalogDisable
                0x00000000       0x48 .\CortexM3\ARM_GCC_493\Debug\vga.a(CyLib.o)
 .text.CyVdHvAnalogEnable
                0x00000000       0x5c .\CortexM3\ARM_GCC_493\Debug\vga.a(CyLib.o)
 .text.CyVdHvAnalogDisable
                0x00000000       0x20 .\CortexM3\ARM_GCC_493\Debug\vga.a(CyLib.o)
 .text.CyVdStickyStatus
                0x00000000       0x38 .\CortexM3\ARM_GCC_493\Debug\vga.a(CyLib.o)
 .text.CyVdRealTimeStatus
                0x00000000       0x2c .\CortexM3\ARM_GCC_493\Debug\vga.a(CyLib.o)
 .text.CyDisableInts
                0x00000000       0x34 .\CortexM3\ARM_GCC_493\Debug\vga.a(CyLib.o)
 .text.CyEnableInts
                0x00000000       0x28 .\CortexM3\ARM_GCC_493\Debug\vga.a(CyLib.o)
 .text.CyFlushCache
                0x00000000       0x70 .\CortexM3\ARM_GCC_493\Debug\vga.a(CyLib.o)
 .text.CyIntSetSysVector
                0x00000000       0x4c .\CortexM3\ARM_GCC_493\Debug\vga.a(CyLib.o)
 .text.CyIntGetSysVector
                0x00000000       0x38 .\CortexM3\ARM_GCC_493\Debug\vga.a(CyLib.o)
 .text.CyIntSetVector
                0x00000000       0x50 .\CortexM3\ARM_GCC_493\Debug\vga.a(CyLib.o)
 .text.CyIntGetVector
                0x00000000       0x38 .\CortexM3\ARM_GCC_493\Debug\vga.a(CyLib.o)
 .text.CyIntSetPriority
                0x00000000       0x44 .\CortexM3\ARM_GCC_493\Debug\vga.a(CyLib.o)
 .text.CyIntGetPriority
                0x00000000       0x38 .\CortexM3\ARM_GCC_493\Debug\vga.a(CyLib.o)
 .text.CyIntGetState
                0x00000000       0x44 .\CortexM3\ARM_GCC_493\Debug\vga.a(CyLib.o)
 .text          0x00000000        0x0 .\CortexM3\ARM_GCC_493\Debug\vga.a(cyPm.o)
 .data          0x00000000        0x0 .\CortexM3\ARM_GCC_493\Debug\vga.a(cyPm.o)
 .bss           0x00000000       0x44 .\CortexM3\ARM_GCC_493\Debug\vga.a(cyPm.o)
 .rodata        0x00000000       0x10 .\CortexM3\ARM_GCC_493\Debug\vga.a(cyPm.o)
 .text.CyPmSaveClocks
                0x00000000      0x23c .\CortexM3\ARM_GCC_493\Debug\vga.a(cyPm.o)
 .text.CyPmRestoreClocks
                0x00000000      0x2c4 .\CortexM3\ARM_GCC_493\Debug\vga.a(cyPm.o)
 .text.CyPmAltAct
                0x00000000       0xb8 .\CortexM3\ARM_GCC_493\Debug\vga.a(cyPm.o)
 .text.CyPmSleep
                0x00000000      0x170 .\CortexM3\ARM_GCC_493\Debug\vga.a(cyPm.o)
 .text.CyPmHibernate
                0x00000000      0x140 .\CortexM3\ARM_GCC_493\Debug\vga.a(cyPm.o)
 .text.CyPmReadStatus
                0x00000000       0x58 .\CortexM3\ARM_GCC_493\Debug\vga.a(cyPm.o)
 .text.CyPmHibSaveSet
                0x00000000       0xd4 .\CortexM3\ARM_GCC_493\Debug\vga.a(cyPm.o)
 .text.CyPmHibRestore
                0x00000000       0x68 .\CortexM3\ARM_GCC_493\Debug\vga.a(cyPm.o)
 .text.CyPmCtwSetInterval
                0x00000000       0x90 .\CortexM3\ARM_GCC_493\Debug\vga.a(cyPm.o)
 .text.CyPmOppsSet
                0x00000000       0x40 .\CortexM3\ARM_GCC_493\Debug\vga.a(cyPm.o)
 .text.CyPmFtwSetInterval
                0x00000000       0x90 .\CortexM3\ARM_GCC_493\Debug\vga.a(cyPm.o)
 .text.CyPmHibSlpSaveSet
                0x00000000      0x280 .\CortexM3\ARM_GCC_493\Debug\vga.a(cyPm.o)
 .text.CyPmHibSlpRestore
                0x00000000      0x188 .\CortexM3\ARM_GCC_493\Debug\vga.a(cyPm.o)
 .text.CyPmHviLviSaveDisable
                0x00000000       0xd4 .\CortexM3\ARM_GCC_493\Debug\vga.a(cyPm.o)
 .text.CyPmHviLviRestore
                0x00000000       0x54 .\CortexM3\ARM_GCC_493\Debug\vga.a(cyPm.o)
 .text          0x00000000        0x0 .\CortexM3\ARM_GCC_493\Debug\vga.a(UART_1.o)
 .data          0x00000000        0x0 .\CortexM3\ARM_GCC_493\Debug\vga.a(UART_1.o)
 .text.UART_1_Stop
                0x00000000       0x5c .\CortexM3\ARM_GCC_493\Debug\vga.a(UART_1.o)
 .text.UART_1_ReadControlRegister
                0x00000000       0x10 .\CortexM3\ARM_GCC_493\Debug\vga.a(UART_1.o)
 .text.UART_1_WriteControlRegister
                0x00000000       0x14 .\CortexM3\ARM_GCC_493\Debug\vga.a(UART_1.o)
 .text.UART_1_SetRxInterruptMode
                0x00000000       0x20 .\CortexM3\ARM_GCC_493\Debug\vga.a(UART_1.o)
 .text.UART_1_ReadRxData
                0x00000000       0x20 .\CortexM3\ARM_GCC_493\Debug\vga.a(UART_1.o)
 .text.UART_1_ReadRxStatus
                0x00000000       0x24 .\CortexM3\ARM_GCC_493\Debug\vga.a(UART_1.o)
 .text.UART_1_GetByte
                0x00000000       0x24 .\CortexM3\ARM_GCC_493\Debug\vga.a(UART_1.o)
 .text.UART_1_ClearRxBuffer
                0x00000000       0x40 .\CortexM3\ARM_GCC_493\Debug\vga.a(UART_1.o)
 .text.UART_1_SetRxAddressMode
                0x00000000       0x14 .\CortexM3\ARM_GCC_493\Debug\vga.a(UART_1.o)
 .text.UART_1_SetRxAddress1
                0x00000000       0x20 .\CortexM3\ARM_GCC_493\Debug\vga.a(UART_1.o)
 .text.UART_1_SetRxAddress2
                0x00000000       0x20 .\CortexM3\ARM_GCC_493\Debug\vga.a(UART_1.o)
 .text.UART_1_SetTxInterruptMode
                0x00000000       0x20 .\CortexM3\ARM_GCC_493\Debug\vga.a(UART_1.o)
 .text.UART_1_WriteTxData
                0x00000000       0x2c .\CortexM3\ARM_GCC_493\Debug\vga.a(UART_1.o)
 .text.UART_1_ReadTxStatus
                0x00000000       0x18 .\CortexM3\ARM_GCC_493\Debug\vga.a(UART_1.o)
 .text.UART_1_PutChar
                0x00000000       0x34 .\CortexM3\ARM_GCC_493\Debug\vga.a(UART_1.o)
 .text.UART_1_PutString
                0x00000000       0x40 .\CortexM3\ARM_GCC_493\Debug\vga.a(UART_1.o)
 .text.UART_1_PutArray
                0x00000000       0x40 .\CortexM3\ARM_GCC_493\Debug\vga.a(UART_1.o)
 .text.UART_1_PutCRLF
                0x00000000       0x30 .\CortexM3\ARM_GCC_493\Debug\vga.a(UART_1.o)
 .text.UART_1_GetTxBufferSize
                0x00000000       0x44 .\CortexM3\ARM_GCC_493\Debug\vga.a(UART_1.o)
 .text.UART_1_ClearTxBuffer
                0x00000000       0x40 .\CortexM3\ARM_GCC_493\Debug\vga.a(UART_1.o)
 .text.UART_1_SendBreak
                0x00000000       0x9c .\CortexM3\ARM_GCC_493\Debug\vga.a(UART_1.o)
 .text.UART_1_SetTxAddressMode
                0x00000000       0x14 .\CortexM3\ARM_GCC_493\Debug\vga.a(UART_1.o)
 .text          0x00000000        0x0 .\CortexM3\ARM_GCC_493\Debug\vga.a(Timer_1.o)
 .data          0x00000000        0x0 .\CortexM3\ARM_GCC_493\Debug\vga.a(Timer_1.o)
 .text.Timer_1_Stop
                0x00000000       0x48 .\CortexM3\ARM_GCC_493\Debug\vga.a(Timer_1.o)
 .text.Timer_1_SoftwareCapture
                0x00000000       0x14 .\CortexM3\ARM_GCC_493\Debug\vga.a(Timer_1.o)
 .text.Timer_1_ReadStatusRegister
                0x00000000       0x18 .\CortexM3\ARM_GCC_493\Debug\vga.a(Timer_1.o)
 .text.Timer_1_ReadControlRegister
                0x00000000       0x18 .\CortexM3\ARM_GCC_493\Debug\vga.a(Timer_1.o)
 .text.Timer_1_WriteControlRegister
                0x00000000       0x20 .\CortexM3\ARM_GCC_493\Debug\vga.a(Timer_1.o)
 .text.Timer_1_ReadPeriod
                0x00000000       0x1c .\CortexM3\ARM_GCC_493\Debug\vga.a(Timer_1.o)
 .text.Timer_1_ReadCapture
                0x00000000       0x1c .\CortexM3\ARM_GCC_493\Debug\vga.a(Timer_1.o)
 .text.Timer_1_ReadCounter
                0x00000000       0x24 .\CortexM3\ARM_GCC_493\Debug\vga.a(Timer_1.o)
 .text          0x00000000        0x0 .\CortexM3\ARM_GCC_493\Debug\vga.a(ISR_1.o)
 .data          0x00000000        0x0 .\CortexM3\ARM_GCC_493\Debug\vga.a(ISR_1.o)
 .bss           0x00000000        0x0 .\CortexM3\ARM_GCC_493\Debug\vga.a(ISR_1.o)
 .text.ISR_1_Start
                0x00000000       0x20 .\CortexM3\ARM_GCC_493\Debug\vga.a(ISR_1.o)
 .text.ISR_1_Stop
                0x00000000       0x14 .\CortexM3\ARM_GCC_493\Debug\vga.a(ISR_1.o)
 .text.ISR_1_Interrupt
                0x00000000        0xc .\CortexM3\ARM_GCC_493\Debug\vga.a(ISR_1.o)
 .text.ISR_1_GetVector
                0x00000000       0x24 .\CortexM3\ARM_GCC_493\Debug\vga.a(ISR_1.o)
 .text.ISR_1_GetPriority
                0x00000000       0x24 .\CortexM3\ARM_GCC_493\Debug\vga.a(ISR_1.o)
 .text.ISR_1_GetState
                0x00000000       0x24 .\CortexM3\ARM_GCC_493\Debug\vga.a(ISR_1.o)
 .text.ISR_1_SetPending
                0x00000000       0x18 .\CortexM3\ARM_GCC_493\Debug\vga.a(ISR_1.o)
 .text.ISR_1_ClearPending
                0x00000000       0x18 .\CortexM3\ARM_GCC_493\Debug\vga.a(ISR_1.o)
 .text          0x00000000        0x0 .\CortexM3\ARM_GCC_493\Debug\vga.a(UART_1_IntClock.o)
 .data          0x00000000        0x0 .\CortexM3\ARM_GCC_493\Debug\vga.a(UART_1_IntClock.o)
 .bss           0x00000000        0x0 .\CortexM3\ARM_GCC_493\Debug\vga.a(UART_1_IntClock.o)
 .text.UART_1_IntClock_Stop
                0x00000000       0x34 .\CortexM3\ARM_GCC_493\Debug\vga.a(UART_1_IntClock.o)
 .text.UART_1_IntClock_StopBlock
                0x00000000       0xb0 .\CortexM3\ARM_GCC_493\Debug\vga.a(UART_1_IntClock.o)
 .text.UART_1_IntClock_StandbyPower
                0x00000000       0x40 .\CortexM3\ARM_GCC_493\Debug\vga.a(UART_1_IntClock.o)
 .text.UART_1_IntClock_SetDividerRegister
                0x00000000      0x160 .\CortexM3\ARM_GCC_493\Debug\vga.a(UART_1_IntClock.o)
 .text.UART_1_IntClock_GetDividerRegister
                0x00000000       0x18 .\CortexM3\ARM_GCC_493\Debug\vga.a(UART_1_IntClock.o)
 .text.UART_1_IntClock_SetModeRegister
                0x00000000       0x34 .\CortexM3\ARM_GCC_493\Debug\vga.a(UART_1_IntClock.o)
 .text.UART_1_IntClock_ClearModeRegister
                0x00000000       0x34 .\CortexM3\ARM_GCC_493\Debug\vga.a(UART_1_IntClock.o)
 .text.UART_1_IntClock_GetModeRegister
                0x00000000       0x20 .\CortexM3\ARM_GCC_493\Debug\vga.a(UART_1_IntClock.o)
 .text.UART_1_IntClock_SetSourceRegister
                0x00000000       0xbc .\CortexM3\ARM_GCC_493\Debug\vga.a(UART_1_IntClock.o)
 .text.UART_1_IntClock_GetSourceRegister
                0x00000000       0x20 .\CortexM3\ARM_GCC_493\Debug\vga.a(UART_1_IntClock.o)
 .text          0x00000000        0x0 .\CortexM3\ARM_GCC_493\Debug\vga.a(CyFlash.o)
 .data          0x00000000        0x0 .\CortexM3\ARM_GCC_493\Debug\vga.a(CyFlash.o)
 .bss           0x00000000        0x4 .\CortexM3\ARM_GCC_493\Debug\vga.a(CyFlash.o)
 .text.CyFlash_Start
                0x00000000       0x34 .\CortexM3\ARM_GCC_493\Debug\vga.a(CyFlash.o)
 .text.CyFlash_Stop
                0x00000000       0x34 .\CortexM3\ARM_GCC_493\Debug\vga.a(CyFlash.o)
 .text.CySetTempInt
                0x00000000       0x7c .\CortexM3\ARM_GCC_493\Debug\vga.a(CyFlash.o)
 .text.CySetTemp
                0x00000000       0x24 .\CortexM3\ARM_GCC_493\Debug\vga.a(CyFlash.o)
 .text.CySetFlashEEBuffer
                0x00000000       0x44 .\CortexM3\ARM_GCC_493\Debug\vga.a(CyFlash.o)
 .text.CyWriteRowData
                0x00000000       0x9c .\CortexM3\ARM_GCC_493\Debug\vga.a(CyFlash.o)
 .text.CyWriteRowFull
                0x00000000       0xec .\CortexM3\ARM_GCC_493\Debug\vga.a(CyFlash.o)
 .text.CyFlash_SetWaitCycles
                0x00000000       0x90 .\CortexM3\ARM_GCC_493\Debug\vga.a(CyFlash.o)
 .text.CyEEPROM_Start
                0x00000000       0x34 .\CortexM3\ARM_GCC_493\Debug\vga.a(CyFlash.o)
 .text.CyEEPROM_Stop
                0x00000000       0x34 .\CortexM3\ARM_GCC_493\Debug\vga.a(CyFlash.o)
 .text.CyEEPROM_ReadReserve
                0x00000000       0x30 .\CortexM3\ARM_GCC_493\Debug\vga.a(CyFlash.o)
 .text.CyEEPROM_ReadRelease
                0x00000000       0x1c .\CortexM3\ARM_GCC_493\Debug\vga.a(CyFlash.o)
 COMMON         0x00000000        0x2 .\CortexM3\ARM_GCC_493\Debug\vga.a(CyFlash.o)
 .text          0x00000000        0x0 .\CortexM3\ARM_GCC_493\Debug\vga.a(CySpc.o)
 .data          0x00000000        0x0 .\CortexM3\ARM_GCC_493\Debug\vga.a(CySpc.o)
 .bss           0x00000000        0x8 .\CortexM3\ARM_GCC_493\Debug\vga.a(CySpc.o)
 .text.CySpcStart
                0x00000000       0x44 .\CortexM3\ARM_GCC_493\Debug\vga.a(CySpc.o)
 .text.CySpcStop
                0x00000000       0x44 .\CortexM3\ARM_GCC_493\Debug\vga.a(CySpc.o)
 .text.CySpcReadData
                0x00000000       0x58 .\CortexM3\ARM_GCC_493\Debug\vga.a(CySpc.o)
 .text.CySpcLoadMultiByte
                0x00000000       0xd4 .\CortexM3\ARM_GCC_493\Debug\vga.a(CySpc.o)
 .text.CySpcLoadRow
                0x00000000       0x8c .\CortexM3\ARM_GCC_493\Debug\vga.a(CySpc.o)
 .text.CySpcWriteRow
                0x00000000       0x98 .\CortexM3\ARM_GCC_493\Debug\vga.a(CySpc.o)
 .text.CySpcEraseSector
                0x00000000       0x70 .\CortexM3\ARM_GCC_493\Debug\vga.a(CySpc.o)
 .text.CySpcGetTemp
                0x00000000       0x64 .\CortexM3\ARM_GCC_493\Debug\vga.a(CySpc.o)
 .text.CySpcLock
                0x00000000       0x68 .\CortexM3\ARM_GCC_493\Debug\vga.a(CySpc.o)
 .text.CySpcUnlock
                0x00000000       0x50 .\CortexM3\ARM_GCC_493\Debug\vga.a(CySpc.o)
 .text          0x00000000        0x0 c:/program files (x86)/cypress/psoc creator/3.3/psoc creator/import/gnu/arm/4.9.3/bin/../lib/gcc/arm-none-eabi/4.9.3/../../../../arm-none-eabi/lib/armv7-m\libg_nano.a(lib_a-exit.o)
 .data          0x00000000        0x0 c:/program files (x86)/cypress/psoc creator/3.3/psoc creator/import/gnu/arm/4.9.3/bin/../lib/gcc/arm-none-eabi/4.9.3/../../../../arm-none-eabi/lib/armv7-m\libg_nano.a(lib_a-exit.o)
 .bss           0x00000000        0x0 c:/program files (x86)/cypress/psoc creator/3.3/psoc creator/import/gnu/arm/4.9.3/bin/../lib/gcc/arm-none-eabi/4.9.3/../../../../arm-none-eabi/lib/armv7-m\libg_nano.a(lib_a-exit.o)
 .text.exit     0x00000000       0x28 c:/program files (x86)/cypress/psoc creator/3.3/psoc creator/import/gnu/arm/4.9.3/bin/../lib/gcc/arm-none-eabi/4.9.3/../../../../arm-none-eabi/lib/armv7-m\libg_nano.a(lib_a-exit.o)
 .text          0x00000000        0x0 c:/program files (x86)/cypress/psoc creator/3.3/psoc creator/import/gnu/arm/4.9.3/bin/../lib/gcc/arm-none-eabi/4.9.3/../../../../arm-none-eabi/lib/armv7-m\libg_nano.a(lib_a-impure.o)
 .data          0x00000000        0x0 c:/program files (x86)/cypress/psoc creator/3.3/psoc creator/import/gnu/arm/4.9.3/bin/../lib/gcc/arm-none-eabi/4.9.3/../../../../arm-none-eabi/lib/armv7-m\libg_nano.a(lib_a-impure.o)
 .bss           0x00000000        0x0 c:/program files (x86)/cypress/psoc creator/3.3/psoc creator/import/gnu/arm/4.9.3/bin/../lib/gcc/arm-none-eabi/4.9.3/../../../../arm-none-eabi/lib/armv7-m\libg_nano.a(lib_a-impure.o)
 .data.impure_data
                0x00000000       0x60 c:/program files (x86)/cypress/psoc creator/3.3/psoc creator/import/gnu/arm/4.9.3/bin/../lib/gcc/arm-none-eabi/4.9.3/../../../../arm-none-eabi/lib/armv7-m\libg_nano.a(lib_a-impure.o)
 .data._impure_ptr
                0x00000000        0x4 c:/program files (x86)/cypress/psoc creator/3.3/psoc creator/import/gnu/arm/4.9.3/bin/../lib/gcc/arm-none-eabi/4.9.3/../../../../arm-none-eabi/lib/armv7-m\libg_nano.a(lib_a-impure.o)
 .rodata.str1.1
                0x00000000        0x2 c:/program files (x86)/cypress/psoc creator/3.3/psoc creator/import/gnu/arm/4.9.3/bin/../lib/gcc/arm-none-eabi/4.9.3/../../../../arm-none-eabi/lib/armv7-m\libg_nano.a(lib_a-impure.o)
 .rodata._global_impure_ptr
                0x00000000        0x4 c:/program files (x86)/cypress/psoc creator/3.3/psoc creator/import/gnu/arm/4.9.3/bin/../lib/gcc/arm-none-eabi/4.9.3/../../../../arm-none-eabi/lib/armv7-m\libg_nano.a(lib_a-impure.o)
 .text          0x00000000        0x0 c:/program files (x86)/cypress/psoc creator/3.3/psoc creator/import/gnu/arm/4.9.3/bin/../lib/gcc/arm-none-eabi/4.9.3/../../../../arm-none-eabi/lib/armv7-m\libg_nano.a(lib_a-init.o)
 .data          0x00000000        0x0 c:/program files (x86)/cypress/psoc creator/3.3/psoc creator/import/gnu/arm/4.9.3/bin/../lib/gcc/arm-none-eabi/4.9.3/../../../../arm-none-eabi/lib/armv7-m\libg_nano.a(lib_a-init.o)
 .bss           0x00000000        0x0 c:/program files (x86)/cypress/psoc creator/3.3/psoc creator/import/gnu/arm/4.9.3/bin/../lib/gcc/arm-none-eabi/4.9.3/../../../../arm-none-eabi/lib/armv7-m\libg_nano.a(lib_a-init.o)
 .text          0x00000000        0x0 c:/program files (x86)/cypress/psoc creator/3.3/psoc creator/import/gnu/arm/4.9.3/bin/../lib/gcc/arm-none-eabi/4.9.3/../../../../arm-none-eabi/lib/armv7-m\libg_nano.a(lib_a-memcpy.o)
 .data          0x00000000        0x0 c:/program files (x86)/cypress/psoc creator/3.3/psoc creator/import/gnu/arm/4.9.3/bin/../lib/gcc/arm-none-eabi/4.9.3/../../../../arm-none-eabi/lib/armv7-m\libg_nano.a(lib_a-memcpy.o)
 .bss           0x00000000        0x0 c:/program files (x86)/cypress/psoc creator/3.3/psoc creator/import/gnu/arm/4.9.3/bin/../lib/gcc/arm-none-eabi/4.9.3/../../../../arm-none-eabi/lib/armv7-m\libg_nano.a(lib_a-memcpy.o)
 .text          0x00000000        0x0 c:/program files (x86)/cypress/psoc creator/3.3/psoc creator/import/gnu/arm/4.9.3/bin/../lib/gcc/arm-none-eabi/4.9.3/../../../../arm-none-eabi/lib/armv7-m\libg_nano.a(lib_a-memset.o)
 .data          0x00000000        0x0 c:/program files (x86)/cypress/psoc creator/3.3/psoc creator/import/gnu/arm/4.9.3/bin/../lib/gcc/arm-none-eabi/4.9.3/../../../../arm-none-eabi/lib/armv7-m\libg_nano.a(lib_a-memset.o)
 .bss           0x00000000        0x0 c:/program files (x86)/cypress/psoc creator/3.3/psoc creator/import/gnu/arm/4.9.3/bin/../lib/gcc/arm-none-eabi/4.9.3/../../../../arm-none-eabi/lib/armv7-m\libg_nano.a(lib_a-memset.o)
 .text          0x00000000        0x0 c:/program files (x86)/cypress/psoc creator/3.3/psoc creator/import/gnu/arm/4.9.3/bin/../lib/gcc/arm-none-eabi/4.9.3/armv7-m/crtend.o
 .data          0x00000000        0x0 c:/program files (x86)/cypress/psoc creator/3.3/psoc creator/import/gnu/arm/4.9.3/bin/../lib/gcc/arm-none-eabi/4.9.3/armv7-m/crtend.o
 .bss           0x00000000        0x0 c:/program files (x86)/cypress/psoc creator/3.3/psoc creator/import/gnu/arm/4.9.3/bin/../lib/gcc/arm-none-eabi/4.9.3/armv7-m/crtend.o
 .text          0x00000000        0x0 c:/program files (x86)/cypress/psoc creator/3.3/psoc creator/import/gnu/arm/4.9.3/bin/../lib/gcc/arm-none-eabi/4.9.3/armv7-m/crtn.o
 .data          0x00000000        0x0 c:/program files (x86)/cypress/psoc creator/3.3/psoc creator/import/gnu/arm/4.9.3/bin/../lib/gcc/arm-none-eabi/4.9.3/armv7-m/crtn.o
 .bss           0x00000000        0x0 c:/program files (x86)/cypress/psoc creator/3.3/psoc creator/import/gnu/arm/4.9.3/bin/../lib/gcc/arm-none-eabi/4.9.3/armv7-m/crtn.o

Memory Configuration

Name             Origin             Length             Attributes
rom              0x00000000         0x00040000         xr
ram              0x1fff8000         0x00008000         xrw
vram             0x20000000         0x00008000         xrw
*default*        0x00000000         0xffffffff

Linker script and memory map

LOAD c:/program files (x86)/cypress/psoc creator/3.3/psoc creator/import/gnu/arm/4.9.3/bin/../lib/gcc/arm-none-eabi/4.9.3/armv7-m/crti.o
LOAD c:/program files (x86)/cypress/psoc creator/3.3/psoc creator/import/gnu/arm/4.9.3/bin/../lib/gcc/arm-none-eabi/4.9.3/armv7-m/crtbegin.o
LOAD c:/program files (x86)/cypress/psoc creator/3.3/psoc creator/import/gnu/arm/4.9.3/bin/../lib/gcc/arm-none-eabi/4.9.3/../../../../arm-none-eabi/lib/armv7-m/crt0.o
START GROUP
LOAD .\CortexM3\ARM_GCC_493\Debug\main.o
LOAD .\CortexM3\ARM_GCC_493\Debug\draw.o
LOAD .\CortexM3\ARM_GCC_493\Debug\cymetadata.o
LOAD .\CortexM3\ARM_GCC_493\Debug\Cm3Start.o
LOAD .\CortexM3\ARM_GCC_493\Debug\vga.a
LOAD C:\Program Files (x86)\Cypress\PSoC Creator\3.3\PSoC Creator\psoc\content\cycomponentlibrary\CyComponentLibrary.cylib\CortexM3\ARM_GCC_493\Debug\CyComponentLibrary.a
END GROUP
START GROUP
LOAD c:/program files (x86)/cypress/psoc creator/3.3/psoc creator/import/gnu/arm/4.9.3/bin/../lib/gcc/arm-none-eabi/4.9.3/armv7-m\libgcc.a
LOAD c:/program files (x86)/cypress/psoc creator/3.3/psoc creator/import/gnu/arm/4.9.3/bin/../lib/gcc/arm-none-eabi/4.9.3/../../../../arm-none-eabi/lib/armv7-m\libg_nano.a
LOAD c:/program files (x86)/cypress/psoc creator/3.3/psoc creator/import/gnu/arm/4.9.3/bin/../lib/gcc/arm-none-eabi/4.9.3/../../../../arm-none-eabi/lib/armv7-m\libc_nano.a
END GROUP
START GROUP
LOAD c:/program files (x86)/cypress/psoc creator/3.3/psoc creator/import/gnu/arm/4.9.3/bin/../lib/gcc/arm-none-eabi/4.9.3/armv7-m\libgcc.a
LOAD c:/program files (x86)/cypress/psoc creator/3.3/psoc creator/import/gnu/arm/4.9.3/bin/../lib/gcc/arm-none-eabi/4.9.3/../../../../arm-none-eabi/lib/armv7-m\libc_nano.a
END GROUP
LOAD c:/program files (x86)/cypress/psoc creator/3.3/psoc creator/import/gnu/arm/4.9.3/bin/../lib/gcc/arm-none-eabi/4.9.3/armv7-m/crtend.o
LOAD c:/program files (x86)/cypress/psoc creator/3.3/psoc creator/import/gnu/arm/4.9.3/bin/../lib/gcc/arm-none-eabi/4.9.3/armv7-m/crtn.o
START GROUP
LOAD c:/program files (x86)/cypress/psoc creator/3.3/psoc creator/import/gnu/arm/4.9.3/bin/../lib/gcc/arm-none-eabi/4.9.3/armv7-m\libgcc.a
LOAD c:/program files (x86)/cypress/psoc creator/3.3/psoc creator/import/gnu/arm/4.9.3/bin/../lib/gcc/arm-none-eabi/4.9.3/../../../../arm-none-eabi/lib/armv7-m\libc.a
LOAD c:/program files (x86)/cypress/psoc creator/3.3/psoc creator/import/gnu/arm/4.9.3/bin/../lib/gcc/arm-none-eabi/4.9.3/../../../../arm-none-eabi/lib/armv7-m\libnosys.a
END GROUP
                0x00000000                CY_APPL_ORIGIN = 0x0
                0x00000100                CY_FLASH_ROW_SIZE = 0x100
                0x00000020                CY_ECC_ROW_SIZE = 0x20
                0x00000000                CY_EE_IN_BTLDR = 0x0
                0x00000000                CY_APPL_LOADABLE = 0x0
                0x00000800                CY_EE_SIZE = 0x800
                0x00000001                CY_APPL_NUM = 0x1
                0x00000001                CY_APPL_MAX = 0x1
                0x00000040                CY_METADATA_SIZE = 0x40
                0x1fffb180                PROVIDE (__cy_heap_start, _end)
                0x00000001                PROVIDE (__cy_region_num, ((__cy_regions_end - __cy_regions) / 0x10))
                0x20000000                PROVIDE (__cy_stack, (ORIGIN (ram) + 0x8000))
                0x1ffff000                PROVIDE (__cy_heap_end, (__cy_stack - 0x1000))

.cybootloader   0x00000000        0x0
 *(.cybootloader)
                0x00000000                appl1_start = CY_APPL_ORIGIN?CY_APPL_ORIGIN:ALIGN (CY_FLASH_ROW_SIZE)
                0x0001ff00                appl2_start = (appl1_start + ALIGN ((((0x40000 - appl1_start) - (0x2 * CY_FLASH_ROW_SIZE)) / 0x2), CY_FLASH_ROW_SIZE))
                0x00000000                appl_start = (CY_APPL_NUM == 0x1)?appl1_start:appl2_start
                0x00000000                ecc_offset = ((appl_start / CY_FLASH_ROW_SIZE) * CY_ECC_ROW_SIZE)
                0x00000000                ee_offset = (CY_APPL_LOADABLE && ! (CY_EE_IN_BTLDR))?((CY_EE_SIZE / CY_APPL_MAX) * (CY_APPL_NUM - 0x1)):0x0
                0x00000800                ee_size = (CY_APPL_LOADABLE && ! (CY_EE_IN_BTLDR))?(CY_EE_SIZE / CY_APPL_MAX):CY_EE_SIZE
                0x00000000                PROVIDE (CY_ECC_OFFSET, ecc_offset)

.text           0x00000000     0x226e
 CREATE_OBJECT_SYMBOLS
                0x00000000                PROVIDE (__cy_interrupt_vector, RomVectors)
 *(.romvectors)
 .romvectors    0x00000000       0x10 .\CortexM3\ARM_GCC_493\Debug\Cm3Start.o
                0x00000000                RomVectors
                0x00000001                ASSERT ((. != __cy_interrupt_vector), No interrupt vector)
                0x00000001                ASSERT (CY_APPL_ORIGIN?(SIZEOF (.cybootloader) <= CY_APPL_ORIGIN):0x1, Wrong image location)
                0x00000010                PROVIDE (__cy_reset, Reset)
 *(.text.Reset)
 .text.Reset    0x00000010       0x28 .\CortexM3\ARM_GCC_493\Debug\Cm3Start.o
                0x00000010                Reset
                0x00000001                ASSERT ((. != __cy_reset), No reset code)
 *(.dma_init)
 .dma_init      0x00000038      0x228 .\CortexM3\ARM_GCC_493\Debug\vga.a(cyfitter_cfg.o)
                0x00000001                ASSERT ((((appl_start + .) <= 0x10000) || 0x0), DMA Init must be within the first 64k of flash)
 *(.text .text.* .gnu.linkonce.t.*)
 .text          0x00000260       0x5c c:/program files (x86)/cypress/psoc creator/3.3/psoc creator/import/gnu/arm/4.9.3/bin/../lib/gcc/arm-none-eabi/4.9.3/armv7-m/crtbegin.o
 .text.newline  0x000002bc       0xb0 .\CortexM3\ARM_GCC_493\Debug\main.o
                0x000002bc                newline
 .text.isr_1    0x0000036c       0x7c .\CortexM3\ARM_GCC_493\Debug\main.o
                0x0000036c                isr_1
 .text.update   0x000003e8       0x20 .\CortexM3\ARM_GCC_493\Debug\main.o
                0x000003e8                update
 .text.main     0x00000408      0x120 .\CortexM3\ARM_GCC_493\Debug\main.o
                0x00000408                main
 .text.initialscreen
                0x00000528       0x28 .\CortexM3\ARM_GCC_493\Debug\main.o
                0x00000528                initialscreen
 .text.startscreen
                0x00000550       0x6c .\CortexM3\ARM_GCC_493\Debug\main.o
                0x00000550                startscreen
 .text.titlescreen
                0x000005bc       0xe0 .\CortexM3\ARM_GCC_493\Debug\main.o
                0x000005bc                titlescreen
 .text.ptargets
                0x0000069c       0xf4 .\CortexM3\ARM_GCC_493\Debug\main.o
                0x0000069c                ptargets
 .text.calc_t_pos
                0x00000790       0xb0 .\CortexM3\ARM_GCC_493\Debug\main.o
                0x00000790                calc_t_pos
 .text.hit_target
                0x00000840      0x13c .\CortexM3\ARM_GCC_493\Debug\main.o
                0x00000840                hit_target
 .text.pexplode
                0x0000097c      0x1f0 .\CortexM3\ARM_GCC_493\Debug\main.o
                0x0000097c                pexplode
 .text.game_state
                0x00000b6c       0x58 .\CortexM3\ARM_GCC_493\Debug\main.o
                0x00000b6c                game_state
 .text.pcursor  0x00000bc4       0x68 .\CortexM3\ARM_GCC_493\Debug\main.o
                0x00000bc4                pcursor
 .text.plevel   0x00000c2c      0x120 .\CortexM3\ARM_GCC_493\Debug\main.o
                0x00000c2c                plevel
 .text.decode   0x00000d4c      0x15c .\CortexM3\ARM_GCC_493\Debug\main.o
                0x00000d4c                decode
 .text.boundarycheck
                0x00000ea8       0xb4 .\CortexM3\ARM_GCC_493\Debug\main.o
                0x00000ea8                boundarycheck
 .text.IntDefaultHandler
                0x00000f5c        0x8 .\CortexM3\ARM_GCC_493\Debug\Cm3Start.o
                0x00000f5c                IntDefaultHandler
 .text.Start_c  0x00000f64       0x94 .\CortexM3\ARM_GCC_493\Debug\Cm3Start.o
                0x00000f64                Start_c
 .text.initialize_psoc
                0x00000ff8       0x90 .\CortexM3\ARM_GCC_493\Debug\Cm3Start.o
                0x00000ff8                initialize_psoc
 .text.CYMEMZERO
                0x00001088       0x1c .\CortexM3\ARM_GCC_493\Debug\vga.a(cyfitter_cfg.o)
 .text.CYCONFIGCPY
                0x000010a4       0x1c .\CortexM3\ARM_GCC_493\Debug\vga.a(cyfitter_cfg.o)
 .text.CyClockStartupError
                0x000010c0        0xc .\CortexM3\ARM_GCC_493\Debug\vga.a(cyfitter_cfg.o)
 .text.cfg_dma_init
                0x000010cc      0x180 .\CortexM3\ARM_GCC_493\Debug\vga.a(cyfitter_cfg.o)
 .text.ClockSetup
                0x0000124c      0x174 .\CortexM3\ARM_GCC_493\Debug\vga.a(cyfitter_cfg.o)
 .text.AnalogSetDefault
                0x000013c0       0x44 .\CortexM3\ARM_GCC_493\Debug\vga.a(cyfitter_cfg.o)
 .text.cyfitter_cfg
                0x00001404       0xd4 .\CortexM3\ARM_GCC_493\Debug\vga.a(cyfitter_cfg.o)
                0x00001404                cyfitter_cfg
 .text.VERT_Start
                0x000014d8       0x20 .\CortexM3\ARM_GCC_493\Debug\vga.a(VERT.o)
                0x000014d8                VERT_Start
 .text.VERT_Init
                0x000014f8       0x68 .\CortexM3\ARM_GCC_493\Debug\vga.a(VERT.o)
                0x000014f8                VERT_Init
 .text.VERT_Enable
                0x00001560       0x20 .\CortexM3\ARM_GCC_493\Debug\vga.a(VERT.o)
                0x00001560                VERT_Enable
 .text.VERT_WriteCounter
                0x00001580       0x20 .\CortexM3\ARM_GCC_493\Debug\vga.a(VERT.o)
                0x00001580                VERT_WriteCounter
 .text.VERT_ReadCounter
                0x000015a0       0x20 .\CortexM3\ARM_GCC_493\Debug\vga.a(VERT.o)
                0x000015a0                VERT_ReadCounter
 .text.VERT_WritePeriod
                0x000015c0       0x20 .\CortexM3\ARM_GCC_493\Debug\vga.a(VERT.o)
                0x000015c0                VERT_WritePeriod
 .text.VERT_WriteCompare
                0x000015e0       0x20 .\CortexM3\ARM_GCC_493\Debug\vga.a(VERT.o)
                0x000015e0                VERT_WriteCompare
 .text.HORIZ_Start
                0x00001600       0x20 .\CortexM3\ARM_GCC_493\Debug\vga.a(HORIZ.o)
                0x00001600                HORIZ_Start
 .text.HORIZ_Init
                0x00001620       0x54 .\CortexM3\ARM_GCC_493\Debug\vga.a(HORIZ.o)
                0x00001620                HORIZ_Init
 .text.HORIZ_Enable
                0x00001674       0x20 .\CortexM3\ARM_GCC_493\Debug\vga.a(HORIZ.o)
                0x00001674                HORIZ_Enable
 .text.HORIZ_WriteCounter
                0x00001694       0x20 .\CortexM3\ARM_GCC_493\Debug\vga.a(HORIZ.o)
                0x00001694                HORIZ_WriteCounter
 .text.HORIZ_WritePeriod
                0x000016b4       0x20 .\CortexM3\ARM_GCC_493\Debug\vga.a(HORIZ.o)
                0x000016b4                HORIZ_WritePeriod
 .text.HORIZ_WriteCompare1
                0x000016d4       0x20 .\CortexM3\ARM_GCC_493\Debug\vga.a(HORIZ.o)
                0x000016d4                HORIZ_WriteCompare1
 .text.HORIZ_WriteCompare2
                0x000016f4       0x20 .\CortexM3\ARM_GCC_493\Debug\vga.a(HORIZ.o)
                0x000016f4                HORIZ_WriteCompare2
 .text.DMA_DmaInitialize
                0x00001714       0x68 .\CortexM3\ARM_GCC_493\Debug\vga.a(DMA_dma.o)
                0x00001714                DMA_DmaInitialize
 .text.NEWLINE_StartEx
                0x0000177c       0x24 .\CortexM3\ARM_GCC_493\Debug\vga.a(NEWLINE.o)
                0x0000177c                NEWLINE_StartEx
 .text.NEWLINE_SetVector
                0x000017a0       0x24 .\CortexM3\ARM_GCC_493\Debug\vga.a(NEWLINE.o)
                0x000017a0                NEWLINE_SetVector
 .text.NEWLINE_SetPriority
                0x000017c4       0x24 .\CortexM3\ARM_GCC_493\Debug\vga.a(NEWLINE.o)
                0x000017c4                NEWLINE_SetPriority
 .text.NEWLINE_Enable
                0x000017e8       0x18 .\CortexM3\ARM_GCC_493\Debug\vga.a(NEWLINE.o)
                0x000017e8                NEWLINE_Enable
 .text.NEWLINE_Disable
                0x00001800       0x18 .\CortexM3\ARM_GCC_493\Debug\vga.a(NEWLINE.o)
                0x00001800                NEWLINE_Disable
 .text.VSYNC_Start
                0x00001818       0x20 .\CortexM3\ARM_GCC_493\Debug\vga.a(VSYNC.o)
                0x00001818                VSYNC_Start
 .text.VSYNC_Init
                0x00001838       0x50 .\CortexM3\ARM_GCC_493\Debug\vga.a(VSYNC.o)
                0x00001838                VSYNC_Init
 .text.VSYNC_Enable
                0x00001888       0x20 .\CortexM3\ARM_GCC_493\Debug\vga.a(VSYNC.o)
                0x00001888                VSYNC_Enable
 .text.VSYNC_WriteCounter
                0x000018a8       0x20 .\CortexM3\ARM_GCC_493\Debug\vga.a(VSYNC.o)
                0x000018a8                VSYNC_WriteCounter
 .text.VSYNC_WritePeriod
                0x000018c8       0x20 .\CortexM3\ARM_GCC_493\Debug\vga.a(VSYNC.o)
                0x000018c8                VSYNC_WritePeriod
 .text.VSYNC_WriteCompare
                0x000018e8       0x20 .\CortexM3\ARM_GCC_493\Debug\vga.a(VSYNC.o)
                0x000018e8                VSYNC_WriteCompare
 .text.HSYNC_Start
                0x00001908       0x20 .\CortexM3\ARM_GCC_493\Debug\vga.a(HSYNC.o)
                0x00001908                HSYNC_Start
 .text.HSYNC_Init
                0x00001928       0x50 .\CortexM3\ARM_GCC_493\Debug\vga.a(HSYNC.o)
                0x00001928                HSYNC_Init
 .text.HSYNC_Enable
                0x00001978       0x20 .\CortexM3\ARM_GCC_493\Debug\vga.a(HSYNC.o)
                0x00001978                HSYNC_Enable
 .text.HSYNC_WriteCounter
                0x00001998       0x20 .\CortexM3\ARM_GCC_493\Debug\vga.a(HSYNC.o)
                0x00001998                HSYNC_WriteCounter
 .text.HSYNC_WritePeriod
                0x000019b8       0x20 .\CortexM3\ARM_GCC_493\Debug\vga.a(HSYNC.o)
                0x000019b8                HSYNC_WritePeriod
 .text.HSYNC_WriteCompare
                0x000019d8       0x20 .\CortexM3\ARM_GCC_493\Debug\vga.a(HSYNC.o)
                0x000019d8                HSYNC_WriteCompare
 .text          0x000019f8       0x20 .\CortexM3\ARM_GCC_493\Debug\vga.a(CyBootAsmGnu.o)
                0x000019f8                CyDelayCycles
                0x00001a08                CyEnterCriticalSection
                0x00001a10                CyExitCriticalSection
 .text.CyDmacConfigure
                0x00001a18       0x5c .\CortexM3\ARM_GCC_493\Debug\vga.a(CyDmac.o)
                0x00001a18                CyDmacConfigure
 .text.CyDmaChEnable
                0x00001a74       0x8c .\CortexM3\ARM_GCC_493\Debug\vga.a(CyDmac.o)
                0x00001a74                CyDmaChEnable
 .text.CyDmaChDisable
                0x00001b00       0x64 .\CortexM3\ARM_GCC_493\Debug\vga.a(CyDmac.o)
                0x00001b00                CyDmaChDisable
 .text.CyDmaChPriority
                0x00001b64       0x60 .\CortexM3\ARM_GCC_493\Debug\vga.a(CyDmac.o)
                0x00001b64                CyDmaChPriority
 .text.CyDmaChSetExtendedAddress
                0x00001bc4       0x7c .\CortexM3\ARM_GCC_493\Debug\vga.a(CyDmac.o)
                0x00001bc4                CyDmaChSetExtendedAddress
 .text.CyDmaChSetInitialTd
                0x00001c40       0x3c .\CortexM3\ARM_GCC_493\Debug\vga.a(CyDmac.o)
                0x00001c40                CyDmaChSetInitialTd
 .text.CyDmaChSetConfiguration
                0x00001c7c       0xa0 .\CortexM3\ARM_GCC_493\Debug\vga.a(CyDmac.o)
                0x00001c7c                CyDmaChSetConfiguration
 .text.CyDmaTdAllocate
                0x00001d1c       0x5c .\CortexM3\ARM_GCC_493\Debug\vga.a(CyDmac.o)
                0x00001d1c                CyDmaTdAllocate
 .text.CyDmaTdSetConfiguration
                0x00001d78       0x80 .\CortexM3\ARM_GCC_493\Debug\vga.a(CyDmac.o)
                0x00001d78                CyDmaTdSetConfiguration
 .text.CyDmaTdSetAddress
                0x00001df8       0x5c .\CortexM3\ARM_GCC_493\Debug\vga.a(CyDmac.o)
                0x00001df8                CyDmaTdSetAddress
 .text.CyDelay  0x00001e54       0x44 .\CortexM3\ARM_GCC_493\Debug\vga.a(CyLib.o)
                0x00001e54                CyDelay
 .text.UART_1_Start
                0x00001e98       0x20 .\CortexM3\ARM_GCC_493\Debug\vga.a(UART_1.o)
                0x00001e98                UART_1_Start
 .text.UART_1_Init
                0x00001eb8       0x40 .\CortexM3\ARM_GCC_493\Debug\vga.a(UART_1.o)
                0x00001eb8                UART_1_Init
 .text.UART_1_Enable
                0x00001ef8       0x5c .\CortexM3\ARM_GCC_493\Debug\vga.a(UART_1.o)
                0x00001ef8                UART_1_Enable
 .text.UART_1_GetChar
                0x00001f54       0x44 .\CortexM3\ARM_GCC_493\Debug\vga.a(UART_1.o)
                0x00001f54                UART_1_GetChar
 .text.UART_1_GetRxBufferSize
                0x00001f98       0x30 .\CortexM3\ARM_GCC_493\Debug\vga.a(UART_1.o)
                0x00001f98                UART_1_GetRxBufferSize
 .text.Timer_1_Init
                0x00001fc8       0x98 .\CortexM3\ARM_GCC_493\Debug\vga.a(Timer_1.o)
                0x00001fc8                Timer_1_Init
 .text.Timer_1_Enable
                0x00002060       0x48 .\CortexM3\ARM_GCC_493\Debug\vga.a(Timer_1.o)
                0x00002060                Timer_1_Enable
 .text.Timer_1_Start
                0x000020a8       0x20 .\CortexM3\ARM_GCC_493\Debug\vga.a(Timer_1.o)
                0x000020a8                Timer_1_Start
 .text.Timer_1_SetInterruptMode
                0x000020c8       0x20 .\CortexM3\ARM_GCC_493\Debug\vga.a(Timer_1.o)
                0x000020c8                Timer_1_SetInterruptMode
 .text.Timer_1_WritePeriod
                0x000020e8       0x24 .\CortexM3\ARM_GCC_493\Debug\vga.a(Timer_1.o)
                0x000020e8                Timer_1_WritePeriod
 .text.Timer_1_WriteCounter
                0x0000210c       0x20 .\CortexM3\ARM_GCC_493\Debug\vga.a(Timer_1.o)
                0x0000210c                Timer_1_WriteCounter
 .text.ISR_1_StartEx
                0x0000212c       0x24 .\CortexM3\ARM_GCC_493\Debug\vga.a(ISR_1.o)
                0x0000212c                ISR_1_StartEx
 .text.ISR_1_SetVector
                0x00002150       0x24 .\CortexM3\ARM_GCC_493\Debug\vga.a(ISR_1.o)
                0x00002150                ISR_1_SetVector
 .text.ISR_1_SetPriority
                0x00002174       0x24 .\CortexM3\ARM_GCC_493\Debug\vga.a(ISR_1.o)
                0x00002174                ISR_1_SetPriority
 .text.ISR_1_Enable
                0x00002198       0x18 .\CortexM3\ARM_GCC_493\Debug\vga.a(ISR_1.o)
                0x00002198                ISR_1_Enable
 .text.ISR_1_Disable
                0x000021b0       0x18 .\CortexM3\ARM_GCC_493\Debug\vga.a(ISR_1.o)
                0x000021b0                ISR_1_Disable
 .text.UART_1_IntClock_Start
                0x000021c8       0x34 .\CortexM3\ARM_GCC_493\Debug\vga.a(UART_1_IntClock.o)
                0x000021c8                UART_1_IntClock_Start
 .text.__libc_init_array
                0x000021fc       0x4c c:/program files (x86)/cypress/psoc creator/3.3/psoc creator/import/gnu/arm/4.9.3/bin/../lib/gcc/arm-none-eabi/4.9.3/../../../../arm-none-eabi/lib/armv7-m\libg_nano.a(lib_a-init.o)
                0x000021fc                __libc_init_array
 .text.memcpy   0x00002248       0x16 c:/program files (x86)/cypress/psoc creator/3.3/psoc creator/import/gnu/arm/4.9.3/bin/../lib/gcc/arm-none-eabi/4.9.3/../../../../arm-none-eabi/lib/armv7-m\libg_nano.a(lib_a-memcpy.o)
                0x00002248                memcpy
 .text.memset   0x0000225e       0x10 c:/program files (x86)/cypress/psoc creator/3.3/psoc creator/import/gnu/arm/4.9.3/bin/../lib/gcc/arm-none-eabi/4.9.3/../../../../arm-none-eabi/lib/armv7-m\libg_nano.a(lib_a-memset.o)
                0x0000225e                memset
 *(.plt)
 *(.gnu.warning)
 *(.glue_7t)
 .glue_7t       0x00000000        0x0 linker stubs
 *(.glue_7)
 .glue_7        0x00000000        0x0 linker stubs
 *(.vfp11_veneer)
 .vfp11_veneer  0x00000000        0x0 linker stubs
 *(.bootloader)
 *(.ARM.extab* .gnu.linkonce.armextab.*)
 *(.gcc_except_table)

.v4_bx          0x00002270        0x0
 .v4_bx         0x00000000        0x0 linker stubs

.iplt           0x00002270        0x0
 .iplt          0x00000000        0x0 c:/program files (x86)/cypress/psoc creator/3.3/psoc creator/import/gnu/arm/4.9.3/bin/../lib/gcc/arm-none-eabi/4.9.3/armv7-m/crtbegin.o

.eh_frame_hdr
 *(.eh_frame_hdr)

.eh_frame       0x00002270        0x4
 *(.eh_frame)
 .eh_frame      0x00002270        0x0 c:/program files (x86)/cypress/psoc creator/3.3/psoc creator/import/gnu/arm/4.9.3/bin/../lib/gcc/arm-none-eabi/4.9.3/armv7-m/crtbegin.o
 .eh_frame      0x00002270        0x4 c:/program files (x86)/cypress/psoc creator/3.3/psoc creator/import/gnu/arm/4.9.3/bin/../lib/gcc/arm-none-eabi/4.9.3/armv7-m/crtend.o
                0x00002274                PROVIDE (__exidx_start, .)

.ARM.exidx
 *(.ARM.exidx* .gnu.linkonce.armexidx.*)
                0x00002274                __exidx_end = .

.rodata         0x00002274     0x3b04
 *(.rodata .rodata.* .gnu.linkonce.r.*)
 .rodata        0x00002274     0x39d0 .\CortexM3\ARM_GCC_493\Debug\main.o
                0x00002274                start_display
                0x00005274                pbts_x
                0x000053b8                pbts_y
                0x000054fc                titlescreenc1x
                0x00005724                titlescreenc1y
                0x0000594c                titlescreenc2x
                0x000059dc                titlescreenc2y
                0x00005a6c                titlescreenc3x
                0x00005afc                titlescreenc3y
                0x00005b8c                g_range_x
                0x00005ba8                g_range_y
                0x00005bc4                explode1_x
                0x00005bc8                explode1_y
                0x00005bcc                explode2_x
                0x00005bd0                explode2_y
                0x00005bd4                lvl1x
                0x00005be0                lvl1y
                0x00005bec                lvl2x
                0x00005bf8                lvl2y
                0x00005c04                lvl3x
                0x00005c14                lvl3y
                0x00005c24                targetx
                0x00005c2c                targety
                0x00005c34                cursorx
                0x00005c3c                cursory
 .rodata        0x00005c44      0x100 .\CortexM3\ARM_GCC_493\Debug\vga.a(cyfitter_cfg.o)
                0x00005d44                . = ALIGN (0x4)
 *(.init)
 .init          0x00005d44        0x4 c:/program files (x86)/cypress/psoc creator/3.3/psoc creator/import/gnu/arm/4.9.3/bin/../lib/gcc/arm-none-eabi/4.9.3/armv7-m/crti.o
                0x00005d44                _init
 .init          0x00005d48        0x8 c:/program files (x86)/cypress/psoc creator/3.3/psoc creator/import/gnu/arm/4.9.3/bin/../lib/gcc/arm-none-eabi/4.9.3/armv7-m/crtn.o
                0x00005d50                . = ALIGN (0x4)
                0x00005d50                __preinit_array_start = .
 *(.preinit_array)
                0x00005d50                __preinit_array_end = .
                0x00005d50                . = ALIGN (0x4)
                0x00005d50                __init_array_start = .
 *(SORT(.init_array.*))
 *(.init_array)
 .init_array    0x00005d50        0x4 c:/program files (x86)/cypress/psoc creator/3.3/psoc creator/import/gnu/arm/4.9.3/bin/../lib/gcc/arm-none-eabi/4.9.3/armv7-m/crtbegin.o
 .init_array    0x00005d54        0x4 .\CortexM3\ARM_GCC_493\Debug\Cm3Start.o
                0x00005d58                __init_array_end = .
                0x00005d58                . = ALIGN (0x4)
 *(.fini)
 .fini          0x00005d58        0x4 c:/program files (x86)/cypress/psoc creator/3.3/psoc creator/import/gnu/arm/4.9.3/bin/../lib/gcc/arm-none-eabi/4.9.3/armv7-m/crti.o
                0x00005d58                _fini
 .fini          0x00005d5c        0x8 c:/program files (x86)/cypress/psoc creator/3.3/psoc creator/import/gnu/arm/4.9.3/bin/../lib/gcc/arm-none-eabi/4.9.3/armv7-m/crtn.o
                0x00005d64                . = ALIGN (0x4)
                0x00005d64                __fini_array_start = .
 *(.fini_array)
 .fini_array    0x00005d64        0x4 c:/program files (x86)/cypress/psoc creator/3.3/psoc creator/import/gnu/arm/4.9.3/bin/../lib/gcc/arm-none-eabi/4.9.3/armv7-m/crtbegin.o
 *(SORT(.fini_array.*))
                0x00005d68                __fini_array_end = .
                0x00005d68                . = ALIGN (0x4)
 *crtbegin.o(.ctors)
 *(EXCLUDE_FILE(*crtend.o) .ctors)
 *(SORT(.ctors.*))
 *crtend.o(.ctors)
                0x00005d68                . = ALIGN (0x4)
 *crtbegin.o(.dtors)
 *(EXCLUDE_FILE(*crtend.o) .dtors)
 *(SORT(.dtors.*))
 *crtend.o(.dtors)
                0x00005d68                . = ALIGN (0x4)
                0x00005d68                __cy_regions = .
                0x00005d68        0x4 LONG 0x5d78 __cy_region_init_ram
                0x00005d6c        0x4 LONG 0x1fff8108 __cy_region_start_data
                0x00005d70        0x4 LONG 0x38 __cy_region_init_size_ram
                0x00005d74        0x4 LONG 0x3040 __cy_region_zero_size_ram
                0x00005d78                __cy_regions_end = .
                0x00005d78                . = ALIGN (0x8)
                0x00005d78                _etext = .

.ramvectors     0x1fff8000      0x100
                0x1fff8000                __cy_region_start_ram = .
 *(.ramvectors)
 .ramvectors    0x1fff8000      0x100 .\CortexM3\ARM_GCC_493\Debug\Cm3Start.o
                0x1fff8000                CyRamVectors

.noinit         0x1fff8100        0x5
 *(.noinit)
 .noinit        0x1fff8100        0x4 .\CortexM3\ARM_GCC_493\Debug\Cm3Start.o
 .noinit        0x1fff8104        0x1 .\CortexM3\ARM_GCC_493\Debug\vga.a(CyLib.o)
                0x1fff8104                CyResetStatus

.data           0x1fff8108       0x38 load address 0x00005d78
                0x1fff8108                __cy_region_start_data = .
 *(.jcr)
 .jcr           0x1fff8108        0x0 c:/program files (x86)/cypress/psoc creator/3.3/psoc creator/import/gnu/arm/4.9.3/bin/../lib/gcc/arm-none-eabi/4.9.3/armv7-m/crtbegin.o
 .jcr           0x1fff8108        0x4 c:/program files (x86)/cypress/psoc creator/3.3/psoc creator/import/gnu/arm/4.9.3/bin/../lib/gcc/arm-none-eabi/4.9.3/armv7-m/crtend.o
 *(.got.plt)
 *(.got)
 *(.shdata)
 *(.data .data.* .gnu.linkonce.d.*)
 .data          0x1fff810c       0x18 .\CortexM3\ARM_GCC_493\Debug\main.o
                0x1fff810c                target1_x_pos
                0x1fff810d                target1_y_pos
                0x1fff810e                target2_y_pos
                0x1fff810f                target3_y_pos
                0x1fff8110                target1_velo
                0x1fff8111                target2_velo
                0x1fff8112                target3_velo
                0x1fff8113                cursor_x_pos
                0x1fff8114                cursor_y_pos
                0x1fff8115                cur_level
                0x1fff8116                t_counter
                0x1fff8118                explode_counter
                0x1fff8119                explode_s
                0x1fff811c                r_targets
                0x1fff8120                flag
 .data          0x1fff8124        0x1 .\CortexM3\ARM_GCC_493\Debug\vga.a(DMA_dma.o)
                0x1fff8124                DMA_DmaHandle
 *fill*         0x1fff8125        0x3 
 .data          0x1fff8128        0x8 .\CortexM3\ARM_GCC_493\Debug\vga.a(CyDmac.o)
 .data          0x1fff8130       0x10 .\CortexM3\ARM_GCC_493\Debug\vga.a(CyLib.o)
                0x1fff8130                cydelay_freq_hz
                0x1fff8134                cydelay_freq_khz
                0x1fff8138                cydelay_freq_mhz
                0x1fff813c                cydelay_32k_ms
                0x1fff8140                . = ALIGN (0x8)
 *(.ram)
                0x1fff8140                _edata = .

.igot.plt       0x1fff8140        0x0 load address 0x00005db0
 .igot.plt      0x00000000        0x0 c:/program files (x86)/cypress/psoc creator/3.3/psoc creator/import/gnu/arm/4.9.3/bin/../lib/gcc/arm-none-eabi/4.9.3/armv7-m/crtbegin.o

.bss            0x1fff8140     0x3040 load address 0x00005db0
                0x1fff8140                PROVIDE (__bss_start__, .)
 *(.shbss)
 *(.bss .bss.* .gnu.linkonce.b.*)
 .bss           0x1fff8140       0x1c c:/program files (x86)/cypress/psoc creator/3.3/psoc creator/import/gnu/arm/4.9.3/bin/../lib/gcc/arm-none-eabi/4.9.3/armv7-m/crtbegin.o
 .bss           0x1fff815c        0x5 .\CortexM3\ARM_GCC_493\Debug\main.o
                0x1fff815c                target2_x_pos
                0x1fff815d                target3_x_pos
                0x1fff815e                cursor_x_velo
                0x1fff815f                cursor_y_velo
                0x1fff8160                bpress
 *fill*         0x1fff8161        0x7 
 .bss           0x1fff8168        0x8 .\CortexM3\ARM_GCC_493\Debug\vga.a(cyfitter_cfg.o)
 .bss           0x1fff8170        0x1 .\CortexM3\ARM_GCC_493\Debug\vga.a(VERT.o)
                0x1fff8170                VERT_initVar
 .bss           0x1fff8171        0x1 .\CortexM3\ARM_GCC_493\Debug\vga.a(HORIZ.o)
                0x1fff8171                HORIZ_initVar
 .bss           0x1fff8172        0x1 .\CortexM3\ARM_GCC_493\Debug\vga.a(VSYNC.o)
                0x1fff8172                VSYNC_initVar
 .bss           0x1fff8173        0x1 .\CortexM3\ARM_GCC_493\Debug\vga.a(HSYNC.o)
                0x1fff8173                HSYNC_initVar
 .bss           0x1fff8174        0x2 .\CortexM3\ARM_GCC_493\Debug\vga.a(UART_1.o)
                0x1fff8174                UART_1_initVar
 .bss           0x1fff8176        0x1 .\CortexM3\ARM_GCC_493\Debug\vga.a(Timer_1.o)
                0x1fff8176                Timer_1_initVar
 *(COMMON)
 *fill*         0x1fff8177        0x1 
 COMMON         0x1fff8178     0x3004 .\CortexM3\ARM_GCC_493\Debug\main.o
                0x1fff8178                dma_chan
                0x1fff8179                dma_td
                0x1fff817c                buf
                0x1fffb180                . = ALIGN (0x8)
 *fill*         0x1fffb17c        0x4 
 *(.ram.b)
                0x1fffb180                _end = .
                0x1fffb180                __end = .
                0x1fffb180                PROVIDE (end, .)
                0x1fffb180                PROVIDE (__bss_end__, .)

.vram           0x20000000     0x3000 load address 0x00005db0
 *(.vram)
 .vram          0x20000000     0x3000 .\CortexM3\ARM_GCC_493\Debug\main.o
                0x20000000                vbuf
                0x00005d78                __cy_region_init_ram = LOADADDR (.data)
                0x00000038                __cy_region_init_size_ram = (_edata - ADDR (.data))
                0x00003040                __cy_region_zero_size_ram = (_end - _edata)

.heap           0x1fffb180        0x0
                0x1fffb180                . = _end
                0x1fffb180                __cy_heap_limit = .

.stack          0x1ffff000     0x1000
                0x1ffff000                __cy_stack_limit = .
                0x20000000                . = (. + 0x1000)
 *fill*         0x1ffff000     0x1000 
                0x00000001                ASSERT ((__cy_stack_limit >= __cy_heap_limit), region RAM overflowed with stack)

.cyloadermeta
 *(.cyloadermeta)

.cyloadablemeta
 *(.cyloadablemeta)

.cyconfigecc    0x80000000     0x10a0
 *(.cyconfigecc)
 .cyconfigecc   0x80000000     0x10a0 .\CortexM3\ARM_GCC_493\Debug\cymetadata.o
                0x80000000                cy_meta_configecc

.cycustnvl      0x90000000        0x4
 *(.cycustnvl)
 .cycustnvl     0x90000000        0x4 .\CortexM3\ARM_GCC_493\Debug\cymetadata.o
                0x90000000                cy_meta_custnvl

.cywolatch      0x90100000        0x4
 *(.cywolatch)
 .cywolatch     0x90100000        0x4 .\CortexM3\ARM_GCC_493\Debug\cymetadata.o
                0x90100000                cy_meta_wonvl

.cyeeprom       0x90200000        0x0
 *(.cyeeprom)
                0x00000001                ASSERT ((. <= ((0x90200000 + ee_offset) + ee_size)), .cyeeprom data will not fit in EEPROM)

.cyflashprotect
                0x90400000      0x100
 *(.cyflashprotect)
 .cyflashprotect
                0x90400000      0x100 .\CortexM3\ARM_GCC_493\Debug\cymetadata.o
                0x90400000                cy_meta_flashprotect

.cymeta         0x90500000        0xc
 *(.cymeta)
 .cymeta        0x90500000        0xc .\CortexM3\ARM_GCC_493\Debug\cymetadata.o
                0x90500000                cy_metadata

.rel.dyn        0x00008db0        0x0 load address 0x9050000c
 .rel.iplt      0x00000000        0x0 c:/program files (x86)/cypress/psoc creator/3.3/psoc creator/import/gnu/arm/4.9.3/bin/../lib/gcc/arm-none-eabi/4.9.3/armv7-m/crtbegin.o

.stab
 *(.stab)

.stabstr
 *(.stabstr)

.debug
 *(.debug)

.line
 *(.line)

.debug_srcinfo
 *(.debug_srcinfo)

.debug_sfnames
 *(.debug_sfnames)

.debug_aranges  0x00000000      0xb10
 *(.debug_aranges)
 .debug_aranges
                0x00000000       0x98 .\CortexM3\ARM_GCC_493\Debug\main.o
 .debug_aranges
                0x00000098       0x20 .\CortexM3\ARM_GCC_493\Debug\draw.o
 .debug_aranges
                0x000000b8       0x18 .\CortexM3\ARM_GCC_493\Debug\cymetadata.o
 .debug_aranges
                0x000000d0       0x40 .\CortexM3\ARM_GCC_493\Debug\Cm3Start.o
 .debug_aranges
                0x00000110       0x60 .\CortexM3\ARM_GCC_493\Debug\vga.a(cyfitter_cfg.o)
 .debug_aranges
                0x00000170       0x80 .\CortexM3\ARM_GCC_493\Debug\vga.a(VERT.o)
 .debug_aranges
                0x000001f0       0x90 .\CortexM3\ARM_GCC_493\Debug\vga.a(HORIZ.o)
 .debug_aranges
                0x00000280       0x28 .\CortexM3\ARM_GCC_493\Debug\vga.a(DMA_dma.o)
 .debug_aranges
                0x000002a8       0x80 .\CortexM3\ARM_GCC_493\Debug\vga.a(NEWLINE.o)
 .debug_aranges
                0x00000328       0x80 .\CortexM3\ARM_GCC_493\Debug\vga.a(VSYNC.o)
 .debug_aranges
                0x000003a8       0x80 .\CortexM3\ARM_GCC_493\Debug\vga.a(HSYNC.o)
 .debug_aranges
                0x00000428       0x20 .\CortexM3\ARM_GCC_493\Debug\vga.a(CyBootAsmGnu.o)
 .debug_aranges
                0x00000448       0xd8 .\CortexM3\ARM_GCC_493\Debug\vga.a(CyDmac.o)
 .debug_aranges
                0x00000520      0x218 .\CortexM3\ARM_GCC_493\Debug\vga.a(CyLib.o)
 .debug_aranges
                0x00000738       0x90 .\CortexM3\ARM_GCC_493\Debug\vga.a(cyPm.o)
 .debug_aranges
                0x000007c8       0xf0 .\CortexM3\ARM_GCC_493\Debug\vga.a(UART_1.o)
 .debug_aranges
                0x000008b8       0x88 .\CortexM3\ARM_GCC_493\Debug\vga.a(Timer_1.o)
 .debug_aranges
                0x00000940       0x80 .\CortexM3\ARM_GCC_493\Debug\vga.a(ISR_1.o)
 .debug_aranges
                0x000009c0       0x70 .\CortexM3\ARM_GCC_493\Debug\vga.a(UART_1_IntClock.o)
 .debug_aranges
                0x00000a30       0x78 .\CortexM3\ARM_GCC_493\Debug\vga.a(CyFlash.o)
 .debug_aranges
                0x00000aa8       0x68 .\CortexM3\ARM_GCC_493\Debug\vga.a(CySpc.o)

.debug_pubnames
 *(.debug_pubnames)

.debug_info     0x00000000     0x49cb
 *(.debug_info .gnu.linkonce.wi.*)
 .debug_info    0x00000000      0x878 .\CortexM3\ARM_GCC_493\Debug\main.o
 .debug_info    0x00000878       0xec .\CortexM3\ARM_GCC_493\Debug\draw.o
 .debug_info    0x00000964      0x13e .\CortexM3\ARM_GCC_493\Debug\cymetadata.o
 .debug_info    0x00000aa2      0x2bc .\CortexM3\ARM_GCC_493\Debug\Cm3Start.o
 .debug_info    0x00000d5e      0x3b3 .\CortexM3\ARM_GCC_493\Debug\vga.a(cyfitter_cfg.o)
 .debug_info    0x00001111      0x240 .\CortexM3\ARM_GCC_493\Debug\vga.a(VERT.o)
 .debug_info    0x00001351      0x261 .\CortexM3\ARM_GCC_493\Debug\vga.a(HORIZ.o)
 .debug_info    0x000015b2      0x112 .\CortexM3\ARM_GCC_493\Debug\vga.a(DMA_dma.o)
 .debug_info    0x000016c4      0x236 .\CortexM3\ARM_GCC_493\Debug\vga.a(NEWLINE.o)
 .debug_info    0x000018fa      0x225 .\CortexM3\ARM_GCC_493\Debug\vga.a(VSYNC.o)
 .debug_info    0x00001b1f      0x225 .\CortexM3\ARM_GCC_493\Debug\vga.a(HSYNC.o)
 .debug_info    0x00001d44       0x97 .\CortexM3\ARM_GCC_493\Debug\vga.a(CyBootAsmGnu.o)
 .debug_info    0x00001ddb      0x8ae .\CortexM3\ARM_GCC_493\Debug\vga.a(CyDmac.o)
 .debug_info    0x00002689      0xb90 .\CortexM3\ARM_GCC_493\Debug\vga.a(CyLib.o)
 .debug_info    0x00003219      0x534 .\CortexM3\ARM_GCC_493\Debug\vga.a(cyPm.o)
 .debug_info    0x0000374d      0x4ff .\CortexM3\ARM_GCC_493\Debug\vga.a(UART_1.o)
 .debug_info    0x00003c4c      0x23a .\CortexM3\ARM_GCC_493\Debug\vga.a(Timer_1.o)
 .debug_info    0x00003e86      0x236 .\CortexM3\ARM_GCC_493\Debug\vga.a(ISR_1.o)
 .debug_info    0x000040bc      0x259 .\CortexM3\ARM_GCC_493\Debug\vga.a(UART_1_IntClock.o)
 .debug_info    0x00004315      0x314 .\CortexM3\ARM_GCC_493\Debug\vga.a(CyFlash.o)
 .debug_info    0x00004629      0x3a2 .\CortexM3\ARM_GCC_493\Debug\vga.a(CySpc.o)

.debug_abbrev   0x00000000     0x18d5
 *(.debug_abbrev)
 .debug_abbrev  0x00000000      0x1c8 .\CortexM3\ARM_GCC_493\Debug\main.o
 .debug_abbrev  0x000001c8       0x88 .\CortexM3\ARM_GCC_493\Debug\draw.o
 .debug_abbrev  0x00000250       0x77 .\CortexM3\ARM_GCC_493\Debug\cymetadata.o
 .debug_abbrev  0x000002c7      0x173 .\CortexM3\ARM_GCC_493\Debug\Cm3Start.o
 .debug_abbrev  0x0000043a      0x176 .\CortexM3\ARM_GCC_493\Debug\vga.a(cyfitter_cfg.o)
 .debug_abbrev  0x000005b0      0x116 .\CortexM3\ARM_GCC_493\Debug\vga.a(VERT.o)
 .debug_abbrev  0x000006c6      0x116 .\CortexM3\ARM_GCC_493\Debug\vga.a(HORIZ.o)
 .debug_abbrev  0x000007dc       0x8b .\CortexM3\ARM_GCC_493\Debug\vga.a(DMA_dma.o)
 .debug_abbrev  0x00000867      0x17f .\CortexM3\ARM_GCC_493\Debug\vga.a(NEWLINE.o)
 .debug_abbrev  0x000009e6      0x116 .\CortexM3\ARM_GCC_493\Debug\vga.a(VSYNC.o)
 .debug_abbrev  0x00000afc      0x116 .\CortexM3\ARM_GCC_493\Debug\vga.a(HSYNC.o)
 .debug_abbrev  0x00000c12       0x14 .\CortexM3\ARM_GCC_493\Debug\vga.a(CyBootAsmGnu.o)
 .debug_abbrev  0x00000c26      0x187 .\CortexM3\ARM_GCC_493\Debug\vga.a(CyDmac.o)
 .debug_abbrev  0x00000dad      0x205 .\CortexM3\ARM_GCC_493\Debug\vga.a(CyLib.o)
 .debug_abbrev  0x00000fb2      0x16e .\CortexM3\ARM_GCC_493\Debug\vga.a(cyPm.o)
 .debug_abbrev  0x00001120      0x163 .\CortexM3\ARM_GCC_493\Debug\vga.a(UART_1.o)
 .debug_abbrev  0x00001283       0xe9 .\CortexM3\ARM_GCC_493\Debug\vga.a(Timer_1.o)
 .debug_abbrev  0x0000136c      0x17f .\CortexM3\ARM_GCC_493\Debug\vga.a(ISR_1.o)
 .debug_abbrev  0x000014eb      0x11d .\CortexM3\ARM_GCC_493\Debug\vga.a(UART_1_IntClock.o)
 .debug_abbrev  0x00001608      0x170 .\CortexM3\ARM_GCC_493\Debug\vga.a(CyFlash.o)
 .debug_abbrev  0x00001778      0x15d .\CortexM3\ARM_GCC_493\Debug\vga.a(CySpc.o)

.debug_line     0x00000000     0x299c
 *(.debug_line)
 .debug_line    0x00000000      0x4ad .\CortexM3\ARM_GCC_493\Debug\main.o
 .debug_line    0x000004ad      0x163 .\CortexM3\ARM_GCC_493\Debug\draw.o
 .debug_line    0x00000610       0x53 .\CortexM3\ARM_GCC_493\Debug\cymetadata.o
 .debug_line    0x00000663      0x1a8 .\CortexM3\ARM_GCC_493\Debug\Cm3Start.o
 .debug_line    0x0000080b      0x238 .\CortexM3\ARM_GCC_493\Debug\vga.a(cyfitter_cfg.o)
 .debug_line    0x00000a43      0x14b .\CortexM3\ARM_GCC_493\Debug\vga.a(VERT.o)
 .debug_line    0x00000b8e      0x16c .\CortexM3\ARM_GCC_493\Debug\vga.a(HORIZ.o)
 .debug_line    0x00000cfa       0x8f .\CortexM3\ARM_GCC_493\Debug\vga.a(DMA_dma.o)
 .debug_line    0x00000d89      0x15b .\CortexM3\ARM_GCC_493\Debug\vga.a(NEWLINE.o)
 .debug_line    0x00000ee4      0x149 .\CortexM3\ARM_GCC_493\Debug\vga.a(VSYNC.o)
 .debug_line    0x0000102d      0x149 .\CortexM3\ARM_GCC_493\Debug\vga.a(HSYNC.o)
 .debug_line    0x00001176       0x68 .\CortexM3\ARM_GCC_493\Debug\vga.a(CyBootAsmGnu.o)
 .debug_line    0x000011de      0x2b7 .\CortexM3\ARM_GCC_493\Debug\vga.a(CyDmac.o)
 .debug_line    0x00001495      0x709 .\CortexM3\ARM_GCC_493\Debug\vga.a(CyLib.o)
 .debug_line    0x00001b9e      0x344 .\CortexM3\ARM_GCC_493\Debug\vga.a(cyPm.o)
 .debug_line    0x00001ee2      0x2e6 .\CortexM3\ARM_GCC_493\Debug\vga.a(UART_1.o)
 .debug_line    0x000021c8      0x161 .\CortexM3\ARM_GCC_493\Debug\vga.a(Timer_1.o)
 .debug_line    0x00002329      0x169 .\CortexM3\ARM_GCC_493\Debug\vga.a(ISR_1.o)
 .debug_line    0x00002492      0x1c3 .\CortexM3\ARM_GCC_493\Debug\vga.a(UART_1_IntClock.o)
 .debug_line    0x00002655      0x199 .\CortexM3\ARM_GCC_493\Debug\vga.a(CyFlash.o)
 .debug_line    0x000027ee      0x1ae .\CortexM3\ARM_GCC_493\Debug\vga.a(CySpc.o)

.debug_frame    0x00000000     0x2c70
 *(.debug_frame)
 .debug_frame   0x00000000      0x268 .\CortexM3\ARM_GCC_493\Debug\main.o
 .debug_frame   0x00000268       0x2c .\CortexM3\ARM_GCC_493\Debug\draw.o
 .debug_frame   0x00000294       0xac .\CortexM3\ARM_GCC_493\Debug\Cm3Start.o
 .debug_frame   0x00000340      0x160 .\CortexM3\ARM_GCC_493\Debug\vga.a(cyfitter_cfg.o)
 .debug_frame   0x000004a0      0x1f4 .\CortexM3\ARM_GCC_493\Debug\vga.a(VERT.o)
 .debug_frame   0x00000694      0x240 .\CortexM3\ARM_GCC_493\Debug\vga.a(HORIZ.o)
 .debug_frame   0x000008d4       0x58 .\CortexM3\ARM_GCC_493\Debug\vga.a(DMA_dma.o)
 .debug_frame   0x0000092c      0x1e8 .\CortexM3\ARM_GCC_493\Debug\vga.a(NEWLINE.o)
 .debug_frame   0x00000b14      0x1f4 .\CortexM3\ARM_GCC_493\Debug\vga.a(VSYNC.o)
 .debug_frame   0x00000d08      0x1f4 .\CortexM3\ARM_GCC_493\Debug\vga.a(HSYNC.o)
 .debug_frame   0x00000efc      0x3d0 .\CortexM3\ARM_GCC_493\Debug\vga.a(CyDmac.o)
 .debug_frame   0x000012cc      0x9a8 .\CortexM3\ARM_GCC_493\Debug\vga.a(CyLib.o)
 .debug_frame   0x00001c74      0x218 .\CortexM3\ARM_GCC_493\Debug\vga.a(cyPm.o)
 .debug_frame   0x00001e8c      0x42c .\CortexM3\ARM_GCC_493\Debug\vga.a(UART_1.o)
 .debug_frame   0x000022b8      0x208 .\CortexM3\ARM_GCC_493\Debug\vga.a(Timer_1.o)
 .debug_frame   0x000024c0      0x1e8 .\CortexM3\ARM_GCC_493\Debug\vga.a(ISR_1.o)
 .debug_frame   0x000026a8      0x1b4 .\CortexM3\ARM_GCC_493\Debug\vga.a(UART_1_IntClock.o)
 .debug_frame   0x0000285c      0x1d0 .\CortexM3\ARM_GCC_493\Debug\vga.a(CyFlash.o)
 .debug_frame   0x00002a2c      0x1a8 .\CortexM3\ARM_GCC_493\Debug\vga.a(CySpc.o)
 .debug_frame   0x00002bd4       0x28 c:/program files (x86)/cypress/psoc creator/3.3/psoc creator/import/gnu/arm/4.9.3/bin/../lib/gcc/arm-none-eabi/4.9.3/../../../../arm-none-eabi/lib/armv7-m\libg_nano.a(lib_a-exit.o)
 .debug_frame   0x00002bfc       0x2c c:/program files (x86)/cypress/psoc creator/3.3/psoc creator/import/gnu/arm/4.9.3/bin/../lib/gcc/arm-none-eabi/4.9.3/../../../../arm-none-eabi/lib/armv7-m\libg_nano.a(lib_a-init.o)
 .debug_frame   0x00002c28       0x28 c:/program files (x86)/cypress/psoc creator/3.3/psoc creator/import/gnu/arm/4.9.3/bin/../lib/gcc/arm-none-eabi/4.9.3/../../../../arm-none-eabi/lib/armv7-m\libg_nano.a(lib_a-memcpy.o)
 .debug_frame   0x00002c50       0x20 c:/program files (x86)/cypress/psoc creator/3.3/psoc creator/import/gnu/arm/4.9.3/bin/../lib/gcc/arm-none-eabi/4.9.3/../../../../arm-none-eabi/lib/armv7-m\libg_nano.a(lib_a-memset.o)

.debug_str      0x00000000     0x2340
 *(.debug_str)
 .debug_str     0x00000000      0x441 .\CortexM3\ARM_GCC_493\Debug\main.o
                                0x48c (size before relaxing)
 .debug_str     0x00000441        0xe .\CortexM3\ARM_GCC_493\Debug\draw.o
                                0x1a7 (size before relaxing)
 .debug_str     0x0000044f       0x77 .\CortexM3\ARM_GCC_493\Debug\cymetadata.o
                                0x1f1 (size before relaxing)
 .debug_str     0x000004c6      0x108 .\CortexM3\ARM_GCC_493\Debug\Cm3Start.o
                                0x2ad (size before relaxing)
 .debug_str     0x000005ce      0x17b .\CortexM3\ARM_GCC_493\Debug\vga.a(cyfitter_cfg.o)
                                0x31a (size before relaxing)
 .debug_str     0x00000749      0x126 .\CortexM3\ARM_GCC_493\Debug\vga.a(VERT.o)
                                0x2ba (size before relaxing)
 .debug_str     0x0000086f      0x13b .\CortexM3\ARM_GCC_493\Debug\vga.a(HORIZ.o)
                                0x2e5 (size before relaxing)
 .debug_str     0x000009aa       0x8d .\CortexM3\ARM_GCC_493\Debug\vga.a(DMA_dma.o)
                                0x20e (size before relaxing)
 .debug_str     0x00000a37      0x11c .\CortexM3\ARM_GCC_493\Debug\vga.a(NEWLINE.o)
                                0x2bd (size before relaxing)
 .debug_str     0x00000b53      0x112 .\CortexM3\ARM_GCC_493\Debug\vga.a(VSYNC.o)
                                0x2bc (size before relaxing)
 .debug_str     0x00000c65      0x112 .\CortexM3\ARM_GCC_493\Debug\vga.a(HSYNC.o)
                                0x2bc (size before relaxing)
 .debug_str     0x00000d77      0x351 .\CortexM3\ARM_GCC_493\Debug\vga.a(CyDmac.o)
                                0x518 (size before relaxing)
 .debug_str     0x000010c8      0x605 .\CortexM3\ARM_GCC_493\Debug\vga.a(CyLib.o)
                                0x813 (size before relaxing)
 .debug_str     0x000016cd      0x371 .\CortexM3\ARM_GCC_493\Debug\vga.a(cyPm.o)
                                0x522 (size before relaxing)
 .debug_str     0x00001a3e      0x2b4 .\CortexM3\ARM_GCC_493\Debug\vga.a(UART_1.o)
                                0x456 (size before relaxing)
 .debug_str     0x00001cf2      0x16d .\CortexM3\ARM_GCC_493\Debug\vga.a(Timer_1.o)
                                0x310 (size before relaxing)
 .debug_str     0x00001e5f       0xe8 .\CortexM3\ARM_GCC_493\Debug\vga.a(ISR_1.o)
                                0x2a1 (size before relaxing)
 .debug_str     0x00001f47      0x1c4 .\CortexM3\ARM_GCC_493\Debug\vga.a(UART_1_IntClock.o)
                                0x355 (size before relaxing)
 .debug_str     0x0000210b      0x137 .\CortexM3\ARM_GCC_493\Debug\vga.a(CyFlash.o)
                                0x2e8 (size before relaxing)
 .debug_str     0x00002242       0xfe .\CortexM3\ARM_GCC_493\Debug\vga.a(CySpc.o)
                                0x2c4 (size before relaxing)

.debug_loc
 *(.debug_loc)

.debug_macinfo
 *(.debug_macinfo)

.debug_ranges   0x00000000      0x9a8
 *(.debug_ranges)
 .debug_ranges  0x00000000       0x88 .\CortexM3\ARM_GCC_493\Debug\main.o
 .debug_ranges  0x00000088       0x10 .\CortexM3\ARM_GCC_493\Debug\draw.o
 .debug_ranges  0x00000098       0x30 .\CortexM3\ARM_GCC_493\Debug\Cm3Start.o
 .debug_ranges  0x000000c8       0x50 .\CortexM3\ARM_GCC_493\Debug\vga.a(cyfitter_cfg.o)
 .debug_ranges  0x00000118       0x70 .\CortexM3\ARM_GCC_493\Debug\vga.a(VERT.o)
 .debug_ranges  0x00000188       0x80 .\CortexM3\ARM_GCC_493\Debug\vga.a(HORIZ.o)
 .debug_ranges  0x00000208       0x18 .\CortexM3\ARM_GCC_493\Debug\vga.a(DMA_dma.o)
 .debug_ranges  0x00000220       0x70 .\CortexM3\ARM_GCC_493\Debug\vga.a(NEWLINE.o)
 .debug_ranges  0x00000290       0x70 .\CortexM3\ARM_GCC_493\Debug\vga.a(VSYNC.o)
 .debug_ranges  0x00000300       0x70 .\CortexM3\ARM_GCC_493\Debug\vga.a(HSYNC.o)
 .debug_ranges  0x00000370       0xc8 .\CortexM3\ARM_GCC_493\Debug\vga.a(CyDmac.o)
 .debug_ranges  0x00000438      0x208 .\CortexM3\ARM_GCC_493\Debug\vga.a(CyLib.o)
 .debug_ranges  0x00000640       0x80 .\CortexM3\ARM_GCC_493\Debug\vga.a(cyPm.o)
 .debug_ranges  0x000006c0       0xe0 .\CortexM3\ARM_GCC_493\Debug\vga.a(UART_1.o)
 .debug_ranges  0x000007a0       0x78 .\CortexM3\ARM_GCC_493\Debug\vga.a(Timer_1.o)
 .debug_ranges  0x00000818       0x70 .\CortexM3\ARM_GCC_493\Debug\vga.a(ISR_1.o)
 .debug_ranges  0x00000888       0x60 .\CortexM3\ARM_GCC_493\Debug\vga.a(UART_1_IntClock.o)
 .debug_ranges  0x000008e8       0x68 .\CortexM3\ARM_GCC_493\Debug\vga.a(CyFlash.o)
 .debug_ranges  0x00000950       0x58 .\CortexM3\ARM_GCC_493\Debug\vga.a(CySpc.o)

.comment        0x00000000       0x70
 .comment       0x00000000       0x70 .\CortexM3\ARM_GCC_493\Debug\main.o
                                 0x71 (size before relaxing)
 .comment       0x00000000       0x71 .\CortexM3\ARM_GCC_493\Debug\draw.o
 .comment       0x00000000       0x71 .\CortexM3\ARM_GCC_493\Debug\cymetadata.o
 .comment       0x00000000       0x71 .\CortexM3\ARM_GCC_493\Debug\Cm3Start.o
 .comment       0x00000000       0x71 .\CortexM3\ARM_GCC_493\Debug\vga.a(cyfitter_cfg.o)
 .comment       0x00000000       0x71 .\CortexM3\ARM_GCC_493\Debug\vga.a(VERT.o)
 .comment       0x00000000       0x71 .\CortexM3\ARM_GCC_493\Debug\vga.a(HORIZ.o)
 .comment       0x00000000       0x71 .\CortexM3\ARM_GCC_493\Debug\vga.a(DMA_dma.o)
 .comment       0x00000000       0x71 .\CortexM3\ARM_GCC_493\Debug\vga.a(NEWLINE.o)
 .comment       0x00000000       0x71 .\CortexM3\ARM_GCC_493\Debug\vga.a(VSYNC.o)
 .comment       0x00000000       0x71 .\CortexM3\ARM_GCC_493\Debug\vga.a(HSYNC.o)
 .comment       0x00000000       0x71 .\CortexM3\ARM_GCC_493\Debug\vga.a(CyDmac.o)
 .comment       0x00000000       0x71 .\CortexM3\ARM_GCC_493\Debug\vga.a(CyLib.o)
 .comment       0x00000000       0x71 .\CortexM3\ARM_GCC_493\Debug\vga.a(cyPm.o)
 .comment       0x00000000       0x71 .\CortexM3\ARM_GCC_493\Debug\vga.a(UART_1.o)
 .comment       0x00000000       0x71 .\CortexM3\ARM_GCC_493\Debug\vga.a(Timer_1.o)
 .comment       0x00000000       0x71 .\CortexM3\ARM_GCC_493\Debug\vga.a(ISR_1.o)
 .comment       0x00000000       0x71 .\CortexM3\ARM_GCC_493\Debug\vga.a(UART_1_IntClock.o)
 .comment       0x00000000       0x71 .\CortexM3\ARM_GCC_493\Debug\vga.a(CyFlash.o)
 .comment       0x00000000       0x71 .\CortexM3\ARM_GCC_493\Debug\vga.a(CySpc.o)

.debug_weaknames
 *(.debug_weaknames)

.debug_funcnames
 *(.debug_funcnames)

.debug_typenames
 *(.debug_typenames)

.debug_varnames
 *(.debug_varnames)

.note.gnu.arm.ident
 *(.note.gnu.arm.ident)

.ARM.attributes
                0x00000000       0x29
 *(.ARM.attributes)
 .ARM.attributes
                0x00000000       0x1d c:/program files (x86)/cypress/psoc creator/3.3/psoc creator/import/gnu/arm/4.9.3/bin/../lib/gcc/arm-none-eabi/4.9.3/armv7-m/crti.o
 .ARM.attributes
                0x0000001d       0x2d c:/program files (x86)/cypress/psoc creator/3.3/psoc creator/import/gnu/arm/4.9.3/bin/../lib/gcc/arm-none-eabi/4.9.3/armv7-m/crtbegin.o
 .ARM.attributes
                0x0000004a       0x1b c:/program files (x86)/cypress/psoc creator/3.3/psoc creator/import/gnu/arm/4.9.3/bin/../lib/gcc/arm-none-eabi/4.9.3/../../../../arm-none-eabi/lib/armv7-m/crt0.o
 .ARM.attributes
                0x00000065       0x33 .\CortexM3\ARM_GCC_493\Debug\main.o
 .ARM.attributes
                0x00000098       0x33 .\CortexM3\ARM_GCC_493\Debug\draw.o
 .ARM.attributes
                0x000000cb       0x33 .\CortexM3\ARM_GCC_493\Debug\cymetadata.o
 .ARM.attributes
                0x000000fe       0x33 .\CortexM3\ARM_GCC_493\Debug\Cm3Start.o
 .ARM.attributes
                0x00000131       0x33 .\CortexM3\ARM_GCC_493\Debug\vga.a(cyfitter_cfg.o)
 .ARM.attributes
                0x00000164       0x33 .\CortexM3\ARM_GCC_493\Debug\vga.a(VERT.o)
 .ARM.attributes
                0x00000197       0x33 .\CortexM3\ARM_GCC_493\Debug\vga.a(HORIZ.o)
 .ARM.attributes
                0x000001ca       0x33 .\CortexM3\ARM_GCC_493\Debug\vga.a(DMA_dma.o)
 .ARM.attributes
                0x000001fd       0x33 .\CortexM3\ARM_GCC_493\Debug\vga.a(NEWLINE.o)
 .ARM.attributes
                0x00000230       0x33 .\CortexM3\ARM_GCC_493\Debug\vga.a(VSYNC.o)
 .ARM.attributes
                0x00000263       0x33 .\CortexM3\ARM_GCC_493\Debug\vga.a(HSYNC.o)
 .ARM.attributes
                0x00000296       0x21 .\CortexM3\ARM_GCC_493\Debug\vga.a(CyBootAsmGnu.o)
 .ARM.attributes
                0x000002b7       0x33 .\CortexM3\ARM_GCC_493\Debug\vga.a(CyDmac.o)
 .ARM.attributes
                0x000002ea       0x33 .\CortexM3\ARM_GCC_493\Debug\vga.a(CyLib.o)
 .ARM.attributes
                0x0000031d       0x33 .\CortexM3\ARM_GCC_493\Debug\vga.a(cyPm.o)
 .ARM.attributes
                0x00000350       0x33 .\CortexM3\ARM_GCC_493\Debug\vga.a(UART_1.o)
 .ARM.attributes
                0x00000383       0x33 .\CortexM3\ARM_GCC_493\Debug\vga.a(Timer_1.o)
 .ARM.attributes
                0x000003b6       0x33 .\CortexM3\ARM_GCC_493\Debug\vga.a(ISR_1.o)
 .ARM.attributes
                0x000003e9       0x33 .\CortexM3\ARM_GCC_493\Debug\vga.a(UART_1_IntClock.o)
 .ARM.attributes
                0x0000041c       0x33 .\CortexM3\ARM_GCC_493\Debug\vga.a(CyFlash.o)
 .ARM.attributes
                0x0000044f       0x33 .\CortexM3\ARM_GCC_493\Debug\vga.a(CySpc.o)
 .ARM.attributes
                0x00000482       0x2d c:/program files (x86)/cypress/psoc creator/3.3/psoc creator/import/gnu/arm/4.9.3/bin/../lib/gcc/arm-none-eabi/4.9.3/../../../../arm-none-eabi/lib/armv7-m\libg_nano.a(lib_a-exit.o)
 .ARM.attributes
                0x000004af       0x2d c:/program files (x86)/cypress/psoc creator/3.3/psoc creator/import/gnu/arm/4.9.3/bin/../lib/gcc/arm-none-eabi/4.9.3/../../../../arm-none-eabi/lib/armv7-m\libg_nano.a(lib_a-impure.o)
 .ARM.attributes
                0x000004dc       0x2d c:/program files (x86)/cypress/psoc creator/3.3/psoc creator/import/gnu/arm/4.9.3/bin/../lib/gcc/arm-none-eabi/4.9.3/../../../../arm-none-eabi/lib/armv7-m\libg_nano.a(lib_a-init.o)
 .ARM.attributes
                0x00000509       0x2d c:/program files (x86)/cypress/psoc creator/3.3/psoc creator/import/gnu/arm/4.9.3/bin/../lib/gcc/arm-none-eabi/4.9.3/../../../../arm-none-eabi/lib/armv7-m\libg_nano.a(lib_a-memcpy.o)
 .ARM.attributes
                0x00000536       0x2d c:/program files (x86)/cypress/psoc creator/3.3/psoc creator/import/gnu/arm/4.9.3/bin/../lib/gcc/arm-none-eabi/4.9.3/../../../../arm-none-eabi/lib/armv7-m\libg_nano.a(lib_a-memset.o)
 .ARM.attributes
                0x00000563       0x2d c:/program files (x86)/cypress/psoc creator/3.3/psoc creator/import/gnu/arm/4.9.3/bin/../lib/gcc/arm-none-eabi/4.9.3/armv7-m/crtend.o
 .ARM.attributes
                0x00000590       0x1d c:/program files (x86)/cypress/psoc creator/3.3/psoc creator/import/gnu/arm/4.9.3/bin/../lib/gcc/arm-none-eabi/4.9.3/armv7-m/crtn.o

/DISCARD/
 *(.note.GNU-stack)
OUTPUT(.\CortexM3\ARM_GCC_493\Debug\vga.elf elf32-littlearm)
