Archive member included because of file (symbol)

.\CortexM3\ARM_GCC_493\Debug\vga.a(cyfitter_cfg.o)
                              .\CortexM3\ARM_GCC_493\Debug\Cm3Start.o (cyfitter_cfg)
.\CortexM3\ARM_GCC_493\Debug\vga.a(VERT.o)
                              .\CortexM3\ARM_GCC_493\Debug\main.o (VERT_Start)
.\CortexM3\ARM_GCC_493\Debug\vga.a(HORIZ.o)
                              .\CortexM3\ARM_GCC_493\Debug\main.o (HORIZ_Start)
.\CortexM3\ARM_GCC_493\Debug\vga.a(DMA_dma.o)
                              .\CortexM3\ARM_GCC_493\Debug\main.o (DMA_DmaInitialize)
.\CortexM3\ARM_GCC_493\Debug\vga.a(NEWLINE.o)
                              .\CortexM3\ARM_GCC_493\Debug\main.o (NEWLINE_StartEx)
.\CortexM3\ARM_GCC_493\Debug\vga.a(VSYNC.o)
                              .\CortexM3\ARM_GCC_493\Debug\main.o (VSYNC_Start)
.\CortexM3\ARM_GCC_493\Debug\vga.a(HSYNC.o)
                              .\CortexM3\ARM_GCC_493\Debug\main.o (HSYNC_Start)
.\CortexM3\ARM_GCC_493\Debug\vga.a(UART.o)
                              .\CortexM3\ARM_GCC_493\Debug\main.o (UART_Start)
.\CortexM3\ARM_GCC_493\Debug\vga.a(UART_IntClock.o)
                              .\CortexM3\ARM_GCC_493\Debug\vga.a(UART.o) (UART_IntClock_Start)
.\CortexM3\ARM_GCC_493\Debug\vga.a(CyBootAsmGnu.o)
                              .\CortexM3\ARM_GCC_493\Debug\vga.a(cyfitter_cfg.o) (CyDelayCycles)
.\CortexM3\ARM_GCC_493\Debug\vga.a(CyDmac.o)
                              .\CortexM3\ARM_GCC_493\Debug\Cm3Start.o (CyDmacConfigure)
.\CortexM3\ARM_GCC_493\Debug\vga.a(CyLib.o)
                              .\CortexM3\ARM_GCC_493\Debug\Cm3Start.o (CyResetStatus)
.\CortexM3\ARM_GCC_493\Debug\vga.a(cyPm.o)
                              .\CortexM3\ARM_GCC_493\Debug\vga.a(CyLib.o) (CyPmReadStatus)
.\CortexM3\ARM_GCC_493\Debug\vga.a(CyFlash.o)
                              .\CortexM3\ARM_GCC_493\Debug\vga.a(cyPm.o) (CyFlash_SetWaitCycles)
.\CortexM3\ARM_GCC_493\Debug\vga.a(CySpc.o)
                              .\CortexM3\ARM_GCC_493\Debug\vga.a(CyFlash.o) (CySpcStart)
c:/program files (x86)/cypress/psoc creator/3.3/psoc creator/import/gnu/arm/4.9.3/bin/../lib/gcc/arm-none-eabi/4.9.3/../../../../arm-none-eabi/lib/armv7-m\libg_nano.a(lib_a-exit.o)
                              c:/program files (x86)/cypress/psoc creator/3.3/psoc creator/import/gnu/arm/4.9.3/bin/../lib/gcc/arm-none-eabi/4.9.3/../../../../arm-none-eabi/lib/armv7-m/crt0.o (exit)
c:/program files (x86)/cypress/psoc creator/3.3/psoc creator/import/gnu/arm/4.9.3/bin/../lib/gcc/arm-none-eabi/4.9.3/../../../../arm-none-eabi/lib/armv7-m\libg_nano.a(lib_a-impure.o)
                              c:/program files (x86)/cypress/psoc creator/3.3/psoc creator/import/gnu/arm/4.9.3/bin/../lib/gcc/arm-none-eabi/4.9.3/../../../../arm-none-eabi/lib/armv7-m\libg_nano.a(lib_a-exit.o) (_global_impure_ptr)
c:/program files (x86)/cypress/psoc creator/3.3/psoc creator/import/gnu/arm/4.9.3/bin/../lib/gcc/arm-none-eabi/4.9.3/../../../../arm-none-eabi/lib/armv7-m\libg_nano.a(lib_a-init.o)
                              c:/program files (x86)/cypress/psoc creator/3.3/psoc creator/import/gnu/arm/4.9.3/bin/../lib/gcc/arm-none-eabi/4.9.3/../../../../arm-none-eabi/lib/armv7-m/crt0.o (__libc_init_array)
c:/program files (x86)/cypress/psoc creator/3.3/psoc creator/import/gnu/arm/4.9.3/bin/../lib/gcc/arm-none-eabi/4.9.3/../../../../arm-none-eabi/lib/armv7-m\libg_nano.a(lib_a-memcpy.o)
                              .\CortexM3\ARM_GCC_493\Debug\main.o (memcpy)
c:/program files (x86)/cypress/psoc creator/3.3/psoc creator/import/gnu/arm/4.9.3/bin/../lib/gcc/arm-none-eabi/4.9.3/../../../../arm-none-eabi/lib/armv7-m\libg_nano.a(lib_a-memset.o)
                              c:/program files (x86)/cypress/psoc creator/3.3/psoc creator/import/gnu/arm/4.9.3/bin/../lib/gcc/arm-none-eabi/4.9.3/../../../../arm-none-eabi/lib/armv7-m/crt0.o (memset)

Allocating common symbols
Common symbol       size              file

dma_chan            0x1               .\CortexM3\ARM_GCC_493\Debug\main.o
dma_td              0x1               .\CortexM3\ARM_GCC_493\Debug\main.o
buf                 0x3000            .\CortexM3\ARM_GCC_493\Debug\main.o
dieTemperature      0x2               .\CortexM3\ARM_GCC_493\Debug\vga.a(CyFlash.o)

Discarded input sections

 .text          0x00000000        0x0 c:/program files (x86)/cypress/psoc creator/3.3/psoc creator/import/gnu/arm/4.9.3/bin/../lib/gcc/arm-none-eabi/4.9.3/armv7-m/crti.o
 .data          0x00000000        0x0 c:/program files (x86)/cypress/psoc creator/3.3/psoc creator/import/gnu/arm/4.9.3/bin/../lib/gcc/arm-none-eabi/4.9.3/armv7-m/crti.o
 .bss           0x00000000        0x0 c:/program files (x86)/cypress/psoc creator/3.3/psoc creator/import/gnu/arm/4.9.3/bin/../lib/gcc/arm-none-eabi/4.9.3/armv7-m/crti.o
 .data          0x00000000        0x4 c:/program files (x86)/cypress/psoc creator/3.3/psoc creator/import/gnu/arm/4.9.3/bin/../lib/gcc/arm-none-eabi/4.9.3/armv7-m/crtbegin.o
 .text          0x00000000       0x74 c:/program files (x86)/cypress/psoc creator/3.3/psoc creator/import/gnu/arm/4.9.3/bin/../lib/gcc/arm-none-eabi/4.9.3/../../../../arm-none-eabi/lib/armv7-m/crt0.o
 .data          0x00000000        0x0 c:/program files (x86)/cypress/psoc creator/3.3/psoc creator/import/gnu/arm/4.9.3/bin/../lib/gcc/arm-none-eabi/4.9.3/../../../../arm-none-eabi/lib/armv7-m/crt0.o
 .bss           0x00000000        0x0 c:/program files (x86)/cypress/psoc creator/3.3/psoc creator/import/gnu/arm/4.9.3/bin/../lib/gcc/arm-none-eabi/4.9.3/../../../../arm-none-eabi/lib/armv7-m/crt0.o
 .ARM.extab     0x00000000        0x0 c:/program files (x86)/cypress/psoc creator/3.3/psoc creator/import/gnu/arm/4.9.3/bin/../lib/gcc/arm-none-eabi/4.9.3/../../../../arm-none-eabi/lib/armv7-m/crt0.o
 .ARM.exidx     0x00000000        0x8 c:/program files (x86)/cypress/psoc creator/3.3/psoc creator/import/gnu/arm/4.9.3/bin/../lib/gcc/arm-none-eabi/4.9.3/../../../../arm-none-eabi/lib/armv7-m/crt0.o
 .text          0x00000000        0x0 .\CortexM3\ARM_GCC_493\Debug\main.o
 .bss           0x00000000        0x0 .\CortexM3\ARM_GCC_493\Debug\main.o
 .text          0x00000000        0x0 .\CortexM3\ARM_GCC_493\Debug\draw.o
 .data          0x00000000        0x0 .\CortexM3\ARM_GCC_493\Debug\draw.o
 .bss           0x00000000        0x0 .\CortexM3\ARM_GCC_493\Debug\draw.o
 .text.test     0x00000000       0x1c .\CortexM3\ARM_GCC_493\Debug\draw.o
 .text          0x00000000        0x0 .\CortexM3\ARM_GCC_493\Debug\cymetadata.o
 .data          0x00000000        0x0 .\CortexM3\ARM_GCC_493\Debug\cymetadata.o
 .bss           0x00000000        0x0 .\CortexM3\ARM_GCC_493\Debug\cymetadata.o
 .text          0x00000000        0x0 .\CortexM3\ARM_GCC_493\Debug\Cm3Start.o
 .data          0x00000000        0x0 .\CortexM3\ARM_GCC_493\Debug\Cm3Start.o
 .bss           0x00000000        0x0 .\CortexM3\ARM_GCC_493\Debug\Cm3Start.o
 .text._exit    0x00000000       0x28 .\CortexM3\ARM_GCC_493\Debug\Cm3Start.o
 .text          0x00000000        0x0 .\CortexM3\ARM_GCC_493\Debug\vga.a(cyfitter_cfg.o)
 .data          0x00000000        0x0 .\CortexM3\ARM_GCC_493\Debug\vga.a(cyfitter_cfg.o)
 .text.CYCONFIGCPYCODE
                0x00000000       0x1c .\CortexM3\ARM_GCC_493\Debug\vga.a(cyfitter_cfg.o)
 .text.SetAnalogRoutingPumps
                0x00000000       0x28 .\CortexM3\ARM_GCC_493\Debug\vga.a(cyfitter_cfg.o)
 .text          0x00000000        0x0 .\CortexM3\ARM_GCC_493\Debug\vga.a(VERT.o)
 .data          0x00000000        0x0 .\CortexM3\ARM_GCC_493\Debug\vga.a(VERT.o)
 .text.VERT_Stop
                0x00000000       0x20 .\CortexM3\ARM_GCC_493\Debug\vga.a(VERT.o)
 .text.VERT_ReadControlRegister
                0x00000000       0x20 .\CortexM3\ARM_GCC_493\Debug\vga.a(VERT.o)
 .text.VERT_WriteControlRegister
                0x00000000       0x20 .\CortexM3\ARM_GCC_493\Debug\vga.a(VERT.o)
 .text.VERT_ReadCapture
                0x00000000       0x18 .\CortexM3\ARM_GCC_493\Debug\vga.a(VERT.o)
 .text.VERT_ReadCompare
                0x00000000       0x18 .\CortexM3\ARM_GCC_493\Debug\vga.a(VERT.o)
 .text.VERT_ReadPeriod
                0x00000000       0x18 .\CortexM3\ARM_GCC_493\Debug\vga.a(VERT.o)
 .text          0x00000000        0x0 .\CortexM3\ARM_GCC_493\Debug\vga.a(HORIZ.o)
 .data          0x00000000        0x0 .\CortexM3\ARM_GCC_493\Debug\vga.a(HORIZ.o)
 .text.HORIZ_Stop
                0x00000000       0x20 .\CortexM3\ARM_GCC_493\Debug\vga.a(HORIZ.o)
 .text.HORIZ_ReadCounter
                0x00000000       0x20 .\CortexM3\ARM_GCC_493\Debug\vga.a(HORIZ.o)
 .text.HORIZ_ReadControlRegister
                0x00000000       0x20 .\CortexM3\ARM_GCC_493\Debug\vga.a(HORIZ.o)
 .text.HORIZ_WriteControlRegister
                0x00000000       0x20 .\CortexM3\ARM_GCC_493\Debug\vga.a(HORIZ.o)
 .text.HORIZ_ReadCapture
                0x00000000       0x18 .\CortexM3\ARM_GCC_493\Debug\vga.a(HORIZ.o)
 .text.HORIZ_ReadCompare1
                0x00000000       0x18 .\CortexM3\ARM_GCC_493\Debug\vga.a(HORIZ.o)
 .text.HORIZ_ReadCompare2
                0x00000000       0x18 .\CortexM3\ARM_GCC_493\Debug\vga.a(HORIZ.o)
 .text.HORIZ_ReadPeriod
                0x00000000       0x18 .\CortexM3\ARM_GCC_493\Debug\vga.a(HORIZ.o)
 .text          0x00000000        0x0 .\CortexM3\ARM_GCC_493\Debug\vga.a(DMA_dma.o)
 .bss           0x00000000        0x0 .\CortexM3\ARM_GCC_493\Debug\vga.a(DMA_dma.o)
 .text.DMA_DmaRelease
                0x00000000       0x14 .\CortexM3\ARM_GCC_493\Debug\vga.a(DMA_dma.o)
 .text          0x00000000        0x0 .\CortexM3\ARM_GCC_493\Debug\vga.a(NEWLINE.o)
 .data          0x00000000        0x0 .\CortexM3\ARM_GCC_493\Debug\vga.a(NEWLINE.o)
 .bss           0x00000000        0x0 .\CortexM3\ARM_GCC_493\Debug\vga.a(NEWLINE.o)
 .text.NEWLINE_Start
                0x00000000       0x20 .\CortexM3\ARM_GCC_493\Debug\vga.a(NEWLINE.o)
 .text.NEWLINE_Stop
                0x00000000       0x14 .\CortexM3\ARM_GCC_493\Debug\vga.a(NEWLINE.o)
 .text.NEWLINE_Interrupt
                0x00000000        0xc .\CortexM3\ARM_GCC_493\Debug\vga.a(NEWLINE.o)
 .text.NEWLINE_GetVector
                0x00000000       0x20 .\CortexM3\ARM_GCC_493\Debug\vga.a(NEWLINE.o)
 .text.NEWLINE_GetPriority
                0x00000000       0x24 .\CortexM3\ARM_GCC_493\Debug\vga.a(NEWLINE.o)
 .text.NEWLINE_GetState
                0x00000000       0x20 .\CortexM3\ARM_GCC_493\Debug\vga.a(NEWLINE.o)
 .text.NEWLINE_SetPending
                0x00000000       0x18 .\CortexM3\ARM_GCC_493\Debug\vga.a(NEWLINE.o)
 .text.NEWLINE_ClearPending
                0x00000000       0x18 .\CortexM3\ARM_GCC_493\Debug\vga.a(NEWLINE.o)
 .text          0x00000000        0x0 .\CortexM3\ARM_GCC_493\Debug\vga.a(VSYNC.o)
 .data          0x00000000        0x0 .\CortexM3\ARM_GCC_493\Debug\vga.a(VSYNC.o)
 .text.VSYNC_Stop
                0x00000000       0x20 .\CortexM3\ARM_GCC_493\Debug\vga.a(VSYNC.o)
 .text.VSYNC_ReadCounter
                0x00000000       0x20 .\CortexM3\ARM_GCC_493\Debug\vga.a(VSYNC.o)
 .text.VSYNC_ReadControlRegister
                0x00000000       0x20 .\CortexM3\ARM_GCC_493\Debug\vga.a(VSYNC.o)
 .text.VSYNC_WriteControlRegister
                0x00000000       0x20 .\CortexM3\ARM_GCC_493\Debug\vga.a(VSYNC.o)
 .text.VSYNC_ReadCapture
                0x00000000       0x18 .\CortexM3\ARM_GCC_493\Debug\vga.a(VSYNC.o)
 .text.VSYNC_ReadCompare
                0x00000000       0x18 .\CortexM3\ARM_GCC_493\Debug\vga.a(VSYNC.o)
 .text.VSYNC_ReadPeriod
                0x00000000       0x18 .\CortexM3\ARM_GCC_493\Debug\vga.a(VSYNC.o)
 .text          0x00000000        0x0 .\CortexM3\ARM_GCC_493\Debug\vga.a(HSYNC.o)
 .data          0x00000000        0x0 .\CortexM3\ARM_GCC_493\Debug\vga.a(HSYNC.o)
 .text.HSYNC_Stop
                0x00000000       0x20 .\CortexM3\ARM_GCC_493\Debug\vga.a(HSYNC.o)
 .text.HSYNC_ReadCounter
                0x00000000       0x20 .\CortexM3\ARM_GCC_493\Debug\vga.a(HSYNC.o)
 .text.HSYNC_ReadControlRegister
                0x00000000       0x20 .\CortexM3\ARM_GCC_493\Debug\vga.a(HSYNC.o)
 .text.HSYNC_WriteControlRegister
                0x00000000       0x20 .\CortexM3\ARM_GCC_493\Debug\vga.a(HSYNC.o)
 .text.HSYNC_ReadCapture
                0x00000000       0x18 .\CortexM3\ARM_GCC_493\Debug\vga.a(HSYNC.o)
 .text.HSYNC_ReadCompare
                0x00000000       0x18 .\CortexM3\ARM_GCC_493\Debug\vga.a(HSYNC.o)
 .text.HSYNC_ReadPeriod
                0x00000000       0x18 .\CortexM3\ARM_GCC_493\Debug\vga.a(HSYNC.o)
 .text          0x00000000        0x0 .\CortexM3\ARM_GCC_493\Debug\vga.a(UART.o)
 .data          0x00000000        0x0 .\CortexM3\ARM_GCC_493\Debug\vga.a(UART.o)
 .text.UART_Stop
                0x00000000       0x5c .\CortexM3\ARM_GCC_493\Debug\vga.a(UART.o)
 .text.UART_ReadControlRegister
                0x00000000       0x10 .\CortexM3\ARM_GCC_493\Debug\vga.a(UART.o)
 .text.UART_WriteControlRegister
                0x00000000       0x14 .\CortexM3\ARM_GCC_493\Debug\vga.a(UART.o)
 .text.UART_SetRxInterruptMode
                0x00000000       0x20 .\CortexM3\ARM_GCC_493\Debug\vga.a(UART.o)
 .text.UART_ReadRxData
                0x00000000       0x20 .\CortexM3\ARM_GCC_493\Debug\vga.a(UART.o)
 .text.UART_ReadRxStatus
                0x00000000       0x24 .\CortexM3\ARM_GCC_493\Debug\vga.a(UART.o)
 .text.UART_GetChar
                0x00000000       0x44 .\CortexM3\ARM_GCC_493\Debug\vga.a(UART.o)
 .text.UART_GetByte
                0x00000000       0x24 .\CortexM3\ARM_GCC_493\Debug\vga.a(UART.o)
 .text.UART_GetRxBufferSize
                0x00000000       0x30 .\CortexM3\ARM_GCC_493\Debug\vga.a(UART.o)
 .text.UART_ClearRxBuffer
                0x00000000       0x40 .\CortexM3\ARM_GCC_493\Debug\vga.a(UART.o)
 .text.UART_SetRxAddressMode
                0x00000000       0x14 .\CortexM3\ARM_GCC_493\Debug\vga.a(UART.o)
 .text.UART_SetRxAddress1
                0x00000000       0x20 .\CortexM3\ARM_GCC_493\Debug\vga.a(UART.o)
 .text.UART_SetRxAddress2
                0x00000000       0x20 .\CortexM3\ARM_GCC_493\Debug\vga.a(UART.o)
 .text.UART_SetTxInterruptMode
                0x00000000       0x20 .\CortexM3\ARM_GCC_493\Debug\vga.a(UART.o)
 .text.UART_WriteTxData
                0x00000000       0x2c .\CortexM3\ARM_GCC_493\Debug\vga.a(UART.o)
 .text.UART_ReadTxStatus
                0x00000000       0x18 .\CortexM3\ARM_GCC_493\Debug\vga.a(UART.o)
 .text.UART_PutChar
                0x00000000       0x34 .\CortexM3\ARM_GCC_493\Debug\vga.a(UART.o)
 .text.UART_PutString
                0x00000000       0x40 .\CortexM3\ARM_GCC_493\Debug\vga.a(UART.o)
 .text.UART_PutArray
                0x00000000       0x40 .\CortexM3\ARM_GCC_493\Debug\vga.a(UART.o)
 .text.UART_PutCRLF
                0x00000000       0x30 .\CortexM3\ARM_GCC_493\Debug\vga.a(UART.o)
 .text.UART_GetTxBufferSize
                0x00000000       0x44 .\CortexM3\ARM_GCC_493\Debug\vga.a(UART.o)
 .text.UART_ClearTxBuffer
                0x00000000       0x40 .\CortexM3\ARM_GCC_493\Debug\vga.a(UART.o)
 .text.UART_SendBreak
                0x00000000       0x9c .\CortexM3\ARM_GCC_493\Debug\vga.a(UART.o)
 .text.UART_SetTxAddressMode
                0x00000000       0x14 .\CortexM3\ARM_GCC_493\Debug\vga.a(UART.o)
 .text          0x00000000        0x0 .\CortexM3\ARM_GCC_493\Debug\vga.a(UART_IntClock.o)
 .data          0x00000000        0x0 .\CortexM3\ARM_GCC_493\Debug\vga.a(UART_IntClock.o)
 .bss           0x00000000        0x0 .\CortexM3\ARM_GCC_493\Debug\vga.a(UART_IntClock.o)
 .text.UART_IntClock_Stop
                0x00000000       0x34 .\CortexM3\ARM_GCC_493\Debug\vga.a(UART_IntClock.o)
 .text.UART_IntClock_StopBlock
                0x00000000       0xb0 .\CortexM3\ARM_GCC_493\Debug\vga.a(UART_IntClock.o)
 .text.UART_IntClock_StandbyPower
                0x00000000       0x40 .\CortexM3\ARM_GCC_493\Debug\vga.a(UART_IntClock.o)
 .text.UART_IntClock_SetDividerRegister
                0x00000000      0x160 .\CortexM3\ARM_GCC_493\Debug\vga.a(UART_IntClock.o)
 .text.UART_IntClock_GetDividerRegister
                0x00000000       0x18 .\CortexM3\ARM_GCC_493\Debug\vga.a(UART_IntClock.o)
 .text.UART_IntClock_SetModeRegister
                0x00000000       0x34 .\CortexM3\ARM_GCC_493\Debug\vga.a(UART_IntClock.o)
 .text.UART_IntClock_ClearModeRegister
                0x00000000       0x34 .\CortexM3\ARM_GCC_493\Debug\vga.a(UART_IntClock.o)
 .text.UART_IntClock_GetModeRegister
                0x00000000       0x20 .\CortexM3\ARM_GCC_493\Debug\vga.a(UART_IntClock.o)
 .text.UART_IntClock_SetSourceRegister
                0x00000000       0xbc .\CortexM3\ARM_GCC_493\Debug\vga.a(UART_IntClock.o)
 .text.UART_IntClock_GetSourceRegister
                0x00000000       0x20 .\CortexM3\ARM_GCC_493\Debug\vga.a(UART_IntClock.o)
 .data          0x00000000        0x0 .\CortexM3\ARM_GCC_493\Debug\vga.a(CyBootAsmGnu.o)
 .bss           0x00000000        0x0 .\CortexM3\ARM_GCC_493\Debug\vga.a(CyBootAsmGnu.o)
 .text          0x00000000        0x0 .\CortexM3\ARM_GCC_493\Debug\vga.a(CyDmac.o)
 .bss           0x00000000        0x0 .\CortexM3\ARM_GCC_493\Debug\vga.a(CyDmac.o)
 .text.CyDmacError
                0x00000000       0x20 .\CortexM3\ARM_GCC_493\Debug\vga.a(CyDmac.o)
 .text.CyDmacClearError
                0x00000000       0x24 .\CortexM3\ARM_GCC_493\Debug\vga.a(CyDmac.o)
 .text.CyDmacErrorAddress
                0x00000000       0x18 .\CortexM3\ARM_GCC_493\Debug\vga.a(CyDmac.o)
 .text.CyDmaChAlloc
                0x00000000       0x64 .\CortexM3\ARM_GCC_493\Debug\vga.a(CyDmac.o)
 .text.CyDmaChFree
                0x00000000       0x4c .\CortexM3\ARM_GCC_493\Debug\vga.a(CyDmac.o)
 .text.CyDmaClearPendingDrq
                0x00000000       0x64 .\CortexM3\ARM_GCC_493\Debug\vga.a(CyDmac.o)
 .text.CyDmaChSetRequest
                0x00000000       0x58 .\CortexM3\ARM_GCC_493\Debug\vga.a(CyDmac.o)
 .text.CyDmaChGetRequest
                0x00000000       0x38 .\CortexM3\ARM_GCC_493\Debug\vga.a(CyDmac.o)
 .text.CyDmaChStatus
                0x00000000       0x60 .\CortexM3\ARM_GCC_493\Debug\vga.a(CyDmac.o)
 .text.CyDmaTdFree
                0x00000000       0x54 .\CortexM3\ARM_GCC_493\Debug\vga.a(CyDmac.o)
 .text.CyDmaTdFreeCount
                0x00000000       0x1c .\CortexM3\ARM_GCC_493\Debug\vga.a(CyDmac.o)
 .text.CyDmaTdGetConfiguration
                0x00000000       0x88 .\CortexM3\ARM_GCC_493\Debug\vga.a(CyDmac.o)
 .text.CyDmaTdGetAddress
                0x00000000       0x6c .\CortexM3\ARM_GCC_493\Debug\vga.a(CyDmac.o)
 .text.CyDmaChRoundRobin
                0x00000000       0x70 .\CortexM3\ARM_GCC_493\Debug\vga.a(CyDmac.o)
 .text          0x00000000        0x0 .\CortexM3\ARM_GCC_493\Debug\vga.a(CyLib.o)
 .data          0x00000000       0x10 .\CortexM3\ARM_GCC_493\Debug\vga.a(CyLib.o)
 .bss           0x00000000        0x0 .\CortexM3\ARM_GCC_493\Debug\vga.a(CyLib.o)
 .text.CyPLL_OUT_Start
                0x00000000       0xb0 .\CortexM3\ARM_GCC_493\Debug\vga.a(CyLib.o)
 .text.CyPLL_OUT_Stop
                0x00000000       0x20 .\CortexM3\ARM_GCC_493\Debug\vga.a(CyLib.o)
 .text.CyPLL_OUT_SetPQ
                0x00000000       0x90 .\CortexM3\ARM_GCC_493\Debug\vga.a(CyLib.o)
 .text.CyPLL_OUT_SetSource
                0x00000000       0x54 .\CortexM3\ARM_GCC_493\Debug\vga.a(CyLib.o)
 .text.CyIMO_Start
                0x00000000       0x94 .\CortexM3\ARM_GCC_493\Debug\vga.a(CyLib.o)
 .text.CyIMO_Stop
                0x00000000       0x34 .\CortexM3\ARM_GCC_493\Debug\vga.a(CyLib.o)
 .text.CyUSB_PowerOnCheck
                0x00000000       0x60 .\CortexM3\ARM_GCC_493\Debug\vga.a(CyLib.o)
 .text.CyIMO_SetTrimValue
                0x00000000      0x108 .\CortexM3\ARM_GCC_493\Debug\vga.a(CyLib.o)
 .text.CyIMO_SetFreq
                0x00000000      0x1ac .\CortexM3\ARM_GCC_493\Debug\vga.a(CyLib.o)
 .text.CyIMO_SetSource
                0x00000000       0x8c .\CortexM3\ARM_GCC_493\Debug\vga.a(CyLib.o)
 .text.CyIMO_EnableDoubler
                0x00000000       0x20 .\CortexM3\ARM_GCC_493\Debug\vga.a(CyLib.o)
 .text.CyIMO_DisableDoubler
                0x00000000       0x20 .\CortexM3\ARM_GCC_493\Debug\vga.a(CyLib.o)
 .text.CyMasterClk_SetSource
                0x00000000       0x34 .\CortexM3\ARM_GCC_493\Debug\vga.a(CyLib.o)
 .text.CyMasterClk_SetDivider
                0x00000000       0x20 .\CortexM3\ARM_GCC_493\Debug\vga.a(CyLib.o)
 .text.CyBusClk_Internal_SetDivider
                0x00000000       0x78 .\CortexM3\ARM_GCC_493\Debug\vga.a(CyLib.o)
 .text.CyBusClk_SetDivider
                0x00000000       0xb4 .\CortexM3\ARM_GCC_493\Debug\vga.a(CyLib.o)
 .text.CyUsbClk_SetSource
                0x00000000       0x34 .\CortexM3\ARM_GCC_493\Debug\vga.a(CyLib.o)
 .text.CyILO_Start1K
                0x00000000       0x20 .\CortexM3\ARM_GCC_493\Debug\vga.a(CyLib.o)
 .text.CyILO_Stop1K
                0x00000000       0x20 .\CortexM3\ARM_GCC_493\Debug\vga.a(CyLib.o)
 .text.CyILO_Start100K
                0x00000000       0x20 .\CortexM3\ARM_GCC_493\Debug\vga.a(CyLib.o)
 .text.CyILO_Stop100K
                0x00000000       0x20 .\CortexM3\ARM_GCC_493\Debug\vga.a(CyLib.o)
 .text.CyILO_Enable33K
                0x00000000       0x20 .\CortexM3\ARM_GCC_493\Debug\vga.a(CyLib.o)
 .text.CyILO_Disable33K
                0x00000000       0x20 .\CortexM3\ARM_GCC_493\Debug\vga.a(CyLib.o)
 .text.CyILO_SetSource
                0x00000000       0x38 .\CortexM3\ARM_GCC_493\Debug\vga.a(CyLib.o)
 .text.CyILO_SetPowerMode
                0x00000000       0x4c .\CortexM3\ARM_GCC_493\Debug\vga.a(CyLib.o)
 .text.CyXTAL_32KHZ_Start
                0x00000000       0x84 .\CortexM3\ARM_GCC_493\Debug\vga.a(CyLib.o)
 .text.CyXTAL_32KHZ_Stop
                0x00000000       0x50 .\CortexM3\ARM_GCC_493\Debug\vga.a(CyLib.o)
 .text.CyXTAL_32KHZ_ReadStatus
                0x00000000       0x20 .\CortexM3\ARM_GCC_493\Debug\vga.a(CyLib.o)
 .text.CyXTAL_32KHZ_SetPowerMode
                0x00000000       0xb4 .\CortexM3\ARM_GCC_493\Debug\vga.a(CyLib.o)
 .text.CyXTAL_Start
                0x00000000       0xd0 .\CortexM3\ARM_GCC_493\Debug\vga.a(CyLib.o)
 .text.CyXTAL_Stop
                0x00000000       0x20 .\CortexM3\ARM_GCC_493\Debug\vga.a(CyLib.o)
 .text.CyXTAL_EnableErrStatus
                0x00000000       0x20 .\CortexM3\ARM_GCC_493\Debug\vga.a(CyLib.o)
 .text.CyXTAL_DisableErrStatus
                0x00000000       0x20 .\CortexM3\ARM_GCC_493\Debug\vga.a(CyLib.o)
 .text.CyXTAL_ReadStatus
                0x00000000       0x28 .\CortexM3\ARM_GCC_493\Debug\vga.a(CyLib.o)
 .text.CyXTAL_EnableFaultRecovery
                0x00000000       0x20 .\CortexM3\ARM_GCC_493\Debug\vga.a(CyLib.o)
 .text.CyXTAL_DisableFaultRecovery
                0x00000000       0x20 .\CortexM3\ARM_GCC_493\Debug\vga.a(CyLib.o)
 .text.CyXTAL_SetStartup
                0x00000000       0x34 .\CortexM3\ARM_GCC_493\Debug\vga.a(CyLib.o)
 .text.CyXTAL_SetFbVoltage
                0x00000000       0x34 .\CortexM3\ARM_GCC_493\Debug\vga.a(CyLib.o)
 .text.CyXTAL_SetWdVoltage
                0x00000000       0x38 .\CortexM3\ARM_GCC_493\Debug\vga.a(CyLib.o)
 .text.CyHalt   0x00000000       0x18 .\CortexM3\ARM_GCC_493\Debug\vga.a(CyLib.o)
 .text.CySoftwareReset
                0x00000000       0x20 .\CortexM3\ARM_GCC_493\Debug\vga.a(CyLib.o)
 .text.CyDelay  0x00000000       0x44 .\CortexM3\ARM_GCC_493\Debug\vga.a(CyLib.o)
 .text.CyDelayUs
                0x00000000       0x24 .\CortexM3\ARM_GCC_493\Debug\vga.a(CyLib.o)
 .text.CyDelayFreq
                0x00000000       0x7c .\CortexM3\ARM_GCC_493\Debug\vga.a(CyLib.o)
 .text.CyWdtStart
                0x00000000       0x8c .\CortexM3\ARM_GCC_493\Debug\vga.a(CyLib.o)
 .text.CyWdtClear
                0x00000000       0x18 .\CortexM3\ARM_GCC_493\Debug\vga.a(CyLib.o)
 .text.CyVdLvDigitEnable
                0x00000000       0xb4 .\CortexM3\ARM_GCC_493\Debug\vga.a(CyLib.o)
 .text.CyVdLvAnalogEnable
                0x00000000       0xb0 .\CortexM3\ARM_GCC_493\Debug\vga.a(CyLib.o)
 .text.CyVdLvDigitDisable
                0x00000000       0x48 .\CortexM3\ARM_GCC_493\Debug\vga.a(CyLib.o)
 .text.CyVdLvAnalogDisable
                0x00000000       0x48 .\CortexM3\ARM_GCC_493\Debug\vga.a(CyLib.o)
 .text.CyVdHvAnalogEnable
                0x00000000       0x5c .\CortexM3\ARM_GCC_493\Debug\vga.a(CyLib.o)
 .text.CyVdHvAnalogDisable
                0x00000000       0x20 .\CortexM3\ARM_GCC_493\Debug\vga.a(CyLib.o)
 .text.CyVdStickyStatus
                0x00000000       0x38 .\CortexM3\ARM_GCC_493\Debug\vga.a(CyLib.o)
 .text.CyVdRealTimeStatus
                0x00000000       0x2c .\CortexM3\ARM_GCC_493\Debug\vga.a(CyLib.o)
 .text.CyDisableInts
                0x00000000       0x34 .\CortexM3\ARM_GCC_493\Debug\vga.a(CyLib.o)
 .text.CyEnableInts
                0x00000000       0x28 .\CortexM3\ARM_GCC_493\Debug\vga.a(CyLib.o)
 .text.CyFlushCache
                0x00000000       0x70 .\CortexM3\ARM_GCC_493\Debug\vga.a(CyLib.o)
 .text.CyIntSetSysVector
                0x00000000       0x4c .\CortexM3\ARM_GCC_493\Debug\vga.a(CyLib.o)
 .text.CyIntGetSysVector
                0x00000000       0x38 .\CortexM3\ARM_GCC_493\Debug\vga.a(CyLib.o)
 .text.CyIntSetVector
                0x00000000       0x50 .\CortexM3\ARM_GCC_493\Debug\vga.a(CyLib.o)
 .text.CyIntGetVector
                0x00000000       0x38 .\CortexM3\ARM_GCC_493\Debug\vga.a(CyLib.o)
 .text.CyIntSetPriority
                0x00000000       0x44 .\CortexM3\ARM_GCC_493\Debug\vga.a(CyLib.o)
 .text.CyIntGetPriority
                0x00000000       0x38 .\CortexM3\ARM_GCC_493\Debug\vga.a(CyLib.o)
 .text.CyIntGetState
                0x00000000       0x44 .\CortexM3\ARM_GCC_493\Debug\vga.a(CyLib.o)
 .text          0x00000000        0x0 .\CortexM3\ARM_GCC_493\Debug\vga.a(cyPm.o)
 .data          0x00000000        0x0 .\CortexM3\ARM_GCC_493\Debug\vga.a(cyPm.o)
 .bss           0x00000000       0x44 .\CortexM3\ARM_GCC_493\Debug\vga.a(cyPm.o)
 .rodata        0x00000000       0x10 .\CortexM3\ARM_GCC_493\Debug\vga.a(cyPm.o)
 .text.CyPmSaveClocks
                0x00000000      0x23c .\CortexM3\ARM_GCC_493\Debug\vga.a(cyPm.o)
 .text.CyPmRestoreClocks
                0x00000000      0x2c4 .\CortexM3\ARM_GCC_493\Debug\vga.a(cyPm.o)
 .text.CyPmAltAct
                0x00000000       0xb8 .\CortexM3\ARM_GCC_493\Debug\vga.a(cyPm.o)
 .text.CyPmSleep
                0x00000000      0x170 .\CortexM3\ARM_GCC_493\Debug\vga.a(cyPm.o)
 .text.CyPmHibernate
                0x00000000      0x140 .\CortexM3\ARM_GCC_493\Debug\vga.a(cyPm.o)
 .text.CyPmReadStatus
                0x00000000       0x58 .\CortexM3\ARM_GCC_493\Debug\vga.a(cyPm.o)
 .text.CyPmHibSaveSet
                0x00000000       0xd4 .\CortexM3\ARM_GCC_493\Debug\vga.a(cyPm.o)
 .text.CyPmHibRestore
                0x00000000       0x68 .\CortexM3\ARM_GCC_493\Debug\vga.a(cyPm.o)
 .text.CyPmCtwSetInterval
                0x00000000       0x90 .\CortexM3\ARM_GCC_493\Debug\vga.a(cyPm.o)
 .text.CyPmOppsSet
                0x00000000       0x40 .\CortexM3\ARM_GCC_493\Debug\vga.a(cyPm.o)
 .text.CyPmFtwSetInterval
                0x00000000       0x90 .\CortexM3\ARM_GCC_493\Debug\vga.a(cyPm.o)
 .text.CyPmHibSlpSaveSet
                0x00000000      0x280 .\CortexM3\ARM_GCC_493\Debug\vga.a(cyPm.o)
 .text.CyPmHibSlpRestore
                0x00000000      0x188 .\CortexM3\ARM_GCC_493\Debug\vga.a(cyPm.o)
 .text.CyPmHviLviSaveDisable
                0x00000000       0xd4 .\CortexM3\ARM_GCC_493\Debug\vga.a(cyPm.o)
 .text.CyPmHviLviRestore
                0x00000000       0x54 .\CortexM3\ARM_GCC_493\Debug\vga.a(cyPm.o)
 .text          0x00000000        0x0 .\CortexM3\ARM_GCC_493\Debug\vga.a(CyFlash.o)
 .data          0x00000000        0x0 .\CortexM3\ARM_GCC_493\Debug\vga.a(CyFlash.o)
 .bss           0x00000000        0x4 .\CortexM3\ARM_GCC_493\Debug\vga.a(CyFlash.o)
 .text.CyFlash_Start
                0x00000000       0x34 .\CortexM3\ARM_GCC_493\Debug\vga.a(CyFlash.o)
 .text.CyFlash_Stop
                0x00000000       0x34 .\CortexM3\ARM_GCC_493\Debug\vga.a(CyFlash.o)
 .text.CySetTempInt
                0x00000000       0x7c .\CortexM3\ARM_GCC_493\Debug\vga.a(CyFlash.o)
 .text.CySetTemp
                0x00000000       0x24 .\CortexM3\ARM_GCC_493\Debug\vga.a(CyFlash.o)
 .text.CySetFlashEEBuffer
                0x00000000       0x44 .\CortexM3\ARM_GCC_493\Debug\vga.a(CyFlash.o)
 .text.CyWriteRowData
                0x00000000       0x9c .\CortexM3\ARM_GCC_493\Debug\vga.a(CyFlash.o)
 .text.CyWriteRowFull
                0x00000000       0xec .\CortexM3\ARM_GCC_493\Debug\vga.a(CyFlash.o)
 .text.CyFlash_SetWaitCycles
                0x00000000       0x90 .\CortexM3\ARM_GCC_493\Debug\vga.a(CyFlash.o)
 .text.CyEEPROM_Start
                0x00000000       0x34 .\CortexM3\ARM_GCC_493\Debug\vga.a(CyFlash.o)
 .text.CyEEPROM_Stop
                0x00000000       0x34 .\CortexM3\ARM_GCC_493\Debug\vga.a(CyFlash.o)
 .text.CyEEPROM_ReadReserve
                0x00000000       0x30 .\CortexM3\ARM_GCC_493\Debug\vga.a(CyFlash.o)
 .text.CyEEPROM_ReadRelease
                0x00000000       0x1c .\CortexM3\ARM_GCC_493\Debug\vga.a(CyFlash.o)
 COMMON         0x00000000        0x2 .\CortexM3\ARM_GCC_493\Debug\vga.a(CyFlash.o)
 .text          0x00000000        0x0 .\CortexM3\ARM_GCC_493\Debug\vga.a(CySpc.o)
 .data          0x00000000        0x0 .\CortexM3\ARM_GCC_493\Debug\vga.a(CySpc.o)
 .bss           0x00000000        0x8 .\CortexM3\ARM_GCC_493\Debug\vga.a(CySpc.o)
 .text.CySpcStart
                0x00000000       0x44 .\CortexM3\ARM_GCC_493\Debug\vga.a(CySpc.o)
 .text.CySpcStop
                0x00000000       0x44 .\CortexM3\ARM_GCC_493\Debug\vga.a(CySpc.o)
 .text.CySpcReadData
                0x00000000       0x58 .\CortexM3\ARM_GCC_493\Debug\vga.a(CySpc.o)
 .text.CySpcLoadMultiByte
                0x00000000       0xd4 .\CortexM3\ARM_GCC_493\Debug\vga.a(CySpc.o)
 .text.CySpcLoadRow
                0x00000000       0x8c .\CortexM3\ARM_GCC_493\Debug\vga.a(CySpc.o)
 .text.CySpcWriteRow
                0x00000000       0x98 .\CortexM3\ARM_GCC_493\Debug\vga.a(CySpc.o)
 .text.CySpcEraseSector
                0x00000000       0x70 .\CortexM3\ARM_GCC_493\Debug\vga.a(CySpc.o)
 .text.CySpcGetTemp
                0x00000000       0x64 .\CortexM3\ARM_GCC_493\Debug\vga.a(CySpc.o)
 .text.CySpcLock
                0x00000000       0x68 .\CortexM3\ARM_GCC_493\Debug\vga.a(CySpc.o)
 .text.CySpcUnlock
                0x00000000       0x50 .\CortexM3\ARM_GCC_493\Debug\vga.a(CySpc.o)
 .text          0x00000000        0x0 c:/program files (x86)/cypress/psoc creator/3.3/psoc creator/import/gnu/arm/4.9.3/bin/../lib/gcc/arm-none-eabi/4.9.3/../../../../arm-none-eabi/lib/armv7-m\libg_nano.a(lib_a-exit.o)
 .data          0x00000000        0x0 c:/program files (x86)/cypress/psoc creator/3.3/psoc creator/import/gnu/arm/4.9.3/bin/../lib/gcc/arm-none-eabi/4.9.3/../../../../arm-none-eabi/lib/armv7-m\libg_nano.a(lib_a-exit.o)
 .bss           0x00000000        0x0 c:/program files (x86)/cypress/psoc creator/3.3/psoc creator/import/gnu/arm/4.9.3/bin/../lib/gcc/arm-none-eabi/4.9.3/../../../../arm-none-eabi/lib/armv7-m\libg_nano.a(lib_a-exit.o)
 .text.exit     0x00000000       0x28 c:/program files (x86)/cypress/psoc creator/3.3/psoc creator/import/gnu/arm/4.9.3/bin/../lib/gcc/arm-none-eabi/4.9.3/../../../../arm-none-eabi/lib/armv7-m\libg_nano.a(lib_a-exit.o)
 .text          0x00000000        0x0 c:/program files (x86)/cypress/psoc creator/3.3/psoc creator/import/gnu/arm/4.9.3/bin/../lib/gcc/arm-none-eabi/4.9.3/../../../../arm-none-eabi/lib/armv7-m\libg_nano.a(lib_a-impure.o)
 .data          0x00000000        0x0 c:/program files (x86)/cypress/psoc creator/3.3/psoc creator/import/gnu/arm/4.9.3/bin/../lib/gcc/arm-none-eabi/4.9.3/../../../../arm-none-eabi/lib/armv7-m\libg_nano.a(lib_a-impure.o)
 .bss           0x00000000        0x0 c:/program files (x86)/cypress/psoc creator/3.3/psoc creator/import/gnu/arm/4.9.3/bin/../lib/gcc/arm-none-eabi/4.9.3/../../../../arm-none-eabi/lib/armv7-m\libg_nano.a(lib_a-impure.o)
 .data.impure_data
                0x00000000       0x60 c:/program files (x86)/cypress/psoc creator/3.3/psoc creator/import/gnu/arm/4.9.3/bin/../lib/gcc/arm-none-eabi/4.9.3/../../../../arm-none-eabi/lib/armv7-m\libg_nano.a(lib_a-impure.o)
 .data._impure_ptr
                0x00000000        0x4 c:/program files (x86)/cypress/psoc creator/3.3/psoc creator/import/gnu/arm/4.9.3/bin/../lib/gcc/arm-none-eabi/4.9.3/../../../../arm-none-eabi/lib/armv7-m\libg_nano.a(lib_a-impure.o)
 .rodata.str1.1
                0x00000000        0x2 c:/program files (x86)/cypress/psoc creator/3.3/psoc creator/import/gnu/arm/4.9.3/bin/../lib/gcc/arm-none-eabi/4.9.3/../../../../arm-none-eabi/lib/armv7-m\libg_nano.a(lib_a-impure.o)
 .rodata._global_impure_ptr
                0x00000000        0x4 c:/program files (x86)/cypress/psoc creator/3.3/psoc creator/import/gnu/arm/4.9.3/bin/../lib/gcc/arm-none-eabi/4.9.3/../../../../arm-none-eabi/lib/armv7-m\libg_nano.a(lib_a-impure.o)
 .text          0x00000000        0x0 c:/program files (x86)/cypress/psoc creator/3.3/psoc creator/import/gnu/arm/4.9.3/bin/../lib/gcc/arm-none-eabi/4.9.3/../../../../arm-none-eabi/lib/armv7-m\libg_nano.a(lib_a-init.o)
 .data          0x00000000        0x0 c:/program files (x86)/cypress/psoc creator/3.3/psoc creator/import/gnu/arm/4.9.3/bin/../lib/gcc/arm-none-eabi/4.9.3/../../../../arm-none-eabi/lib/armv7-m\libg_nano.a(lib_a-init.o)
 .bss           0x00000000        0x0 c:/program files (x86)/cypress/psoc creator/3.3/psoc creator/import/gnu/arm/4.9.3/bin/../lib/gcc/arm-none-eabi/4.9.3/../../../../arm-none-eabi/lib/armv7-m\libg_nano.a(lib_a-init.o)
 .text          0x00000000        0x0 c:/program files (x86)/cypress/psoc creator/3.3/psoc creator/import/gnu/arm/4.9.3/bin/../lib/gcc/arm-none-eabi/4.9.3/../../../../arm-none-eabi/lib/armv7-m\libg_nano.a(lib_a-memcpy.o)
 .data          0x00000000        0x0 c:/program files (x86)/cypress/psoc creator/3.3/psoc creator/import/gnu/arm/4.9.3/bin/../lib/gcc/arm-none-eabi/4.9.3/../../../../arm-none-eabi/lib/armv7-m\libg_nano.a(lib_a-memcpy.o)
 .bss           0x00000000        0x0 c:/program files (x86)/cypress/psoc creator/3.3/psoc creator/import/gnu/arm/4.9.3/bin/../lib/gcc/arm-none-eabi/4.9.3/../../../../arm-none-eabi/lib/armv7-m\libg_nano.a(lib_a-memcpy.o)
 .text          0x00000000        0x0 c:/program files (x86)/cypress/psoc creator/3.3/psoc creator/import/gnu/arm/4.9.3/bin/../lib/gcc/arm-none-eabi/4.9.3/../../../../arm-none-eabi/lib/armv7-m\libg_nano.a(lib_a-memset.o)
 .data          0x00000000        0x0 c:/program files (x86)/cypress/psoc creator/3.3/psoc creator/import/gnu/arm/4.9.3/bin/../lib/gcc/arm-none-eabi/4.9.3/../../../../arm-none-eabi/lib/armv7-m\libg_nano.a(lib_a-memset.o)
 .bss           0x00000000        0x0 c:/program files (x86)/cypress/psoc creator/3.3/psoc creator/import/gnu/arm/4.9.3/bin/../lib/gcc/arm-none-eabi/4.9.3/../../../../arm-none-eabi/lib/armv7-m\libg_nano.a(lib_a-memset.o)
 .text          0x00000000        0x0 c:/program files (x86)/cypress/psoc creator/3.3/psoc creator/import/gnu/arm/4.9.3/bin/../lib/gcc/arm-none-eabi/4.9.3/armv7-m/crtend.o
 .data          0x00000000        0x0 c:/program files (x86)/cypress/psoc creator/3.3/psoc creator/import/gnu/arm/4.9.3/bin/../lib/gcc/arm-none-eabi/4.9.3/armv7-m/crtend.o
 .bss           0x00000000        0x0 c:/program files (x86)/cypress/psoc creator/3.3/psoc creator/import/gnu/arm/4.9.3/bin/../lib/gcc/arm-none-eabi/4.9.3/armv7-m/crtend.o
 .text          0x00000000        0x0 c:/program files (x86)/cypress/psoc creator/3.3/psoc creator/import/gnu/arm/4.9.3/bin/../lib/gcc/arm-none-eabi/4.9.3/armv7-m/crtn.o
 .data          0x00000000        0x0 c:/program files (x86)/cypress/psoc creator/3.3/psoc creator/import/gnu/arm/4.9.3/bin/../lib/gcc/arm-none-eabi/4.9.3/armv7-m/crtn.o
 .bss           0x00000000        0x0 c:/program files (x86)/cypress/psoc creator/3.3/psoc creator/import/gnu/arm/4.9.3/bin/../lib/gcc/arm-none-eabi/4.9.3/armv7-m/crtn.o

Memory Configuration

Name             Origin             Length             Attributes
rom              0x00000000         0x00040000         xr
ram              0x1fff8000         0x00008000         xrw
vram             0x20000000         0x00008000         xrw
*default*        0x00000000         0xffffffff

Linker script and memory map

LOAD c:/program files (x86)/cypress/psoc creator/3.3/psoc creator/import/gnu/arm/4.9.3/bin/../lib/gcc/arm-none-eabi/4.9.3/armv7-m/crti.o
LOAD c:/program files (x86)/cypress/psoc creator/3.3/psoc creator/import/gnu/arm/4.9.3/bin/../lib/gcc/arm-none-eabi/4.9.3/armv7-m/crtbegin.o
LOAD c:/program files (x86)/cypress/psoc creator/3.3/psoc creator/import/gnu/arm/4.9.3/bin/../lib/gcc/arm-none-eabi/4.9.3/../../../../arm-none-eabi/lib/armv7-m/crt0.o
START GROUP
LOAD .\CortexM3\ARM_GCC_493\Debug\main.o
LOAD .\CortexM3\ARM_GCC_493\Debug\draw.o
LOAD .\CortexM3\ARM_GCC_493\Debug\cymetadata.o
LOAD .\CortexM3\ARM_GCC_493\Debug\Cm3Start.o
LOAD .\CortexM3\ARM_GCC_493\Debug\vga.a
LOAD C:\Program Files (x86)\Cypress\PSoC Creator\3.3\PSoC Creator\psoc\content\cycomponentlibrary\CyComponentLibrary.cylib\CortexM3\ARM_GCC_493\Debug\CyComponentLibrary.a
END GROUP
START GROUP
LOAD c:/program files (x86)/cypress/psoc creator/3.3/psoc creator/import/gnu/arm/4.9.3/bin/../lib/gcc/arm-none-eabi/4.9.3/armv7-m\libgcc.a
LOAD c:/program files (x86)/cypress/psoc creator/3.3/psoc creator/import/gnu/arm/4.9.3/bin/../lib/gcc/arm-none-eabi/4.9.3/../../../../arm-none-eabi/lib/armv7-m\libg_nano.a
LOAD c:/program files (x86)/cypress/psoc creator/3.3/psoc creator/import/gnu/arm/4.9.3/bin/../lib/gcc/arm-none-eabi/4.9.3/../../../../arm-none-eabi/lib/armv7-m\libc_nano.a
END GROUP
START GROUP
LOAD c:/program files (x86)/cypress/psoc creator/3.3/psoc creator/import/gnu/arm/4.9.3/bin/../lib/gcc/arm-none-eabi/4.9.3/armv7-m\libgcc.a
LOAD c:/program files (x86)/cypress/psoc creator/3.3/psoc creator/import/gnu/arm/4.9.3/bin/../lib/gcc/arm-none-eabi/4.9.3/../../../../arm-none-eabi/lib/armv7-m\libc_nano.a
END GROUP
LOAD c:/program files (x86)/cypress/psoc creator/3.3/psoc creator/import/gnu/arm/4.9.3/bin/../lib/gcc/arm-none-eabi/4.9.3/armv7-m/crtend.o
LOAD c:/program files (x86)/cypress/psoc creator/3.3/psoc creator/import/gnu/arm/4.9.3/bin/../lib/gcc/arm-none-eabi/4.9.3/armv7-m/crtn.o
START GROUP
LOAD c:/program files (x86)/cypress/psoc creator/3.3/psoc creator/import/gnu/arm/4.9.3/bin/../lib/gcc/arm-none-eabi/4.9.3/armv7-m\libgcc.a
LOAD c:/program files (x86)/cypress/psoc creator/3.3/psoc creator/import/gnu/arm/4.9.3/bin/../lib/gcc/arm-none-eabi/4.9.3/../../../../arm-none-eabi/lib/armv7-m\libc.a
LOAD c:/program files (x86)/cypress/psoc creator/3.3/psoc creator/import/gnu/arm/4.9.3/bin/../lib/gcc/arm-none-eabi/4.9.3/../../../../arm-none-eabi/lib/armv7-m\libnosys.a
END GROUP
                0x00000000                CY_APPL_ORIGIN = 0x0
                0x00000100                CY_FLASH_ROW_SIZE = 0x100
                0x00000020                CY_ECC_ROW_SIZE = 0x20
                0x00000000                CY_EE_IN_BTLDR = 0x0
                0x00000000                CY_APPL_LOADABLE = 0x0
                0x00000800                CY_EE_SIZE = 0x800
                0x00000001                CY_APPL_NUM = 0x1
                0x00000001                CY_APPL_MAX = 0x1
                0x00000040                CY_METADATA_SIZE = 0x40
                0x1fffb158                PROVIDE (__cy_heap_start, _end)
                0x00000001                PROVIDE (__cy_region_num, ((__cy_regions_end - __cy_regions) / 0x10))
                0x20000000                PROVIDE (__cy_stack, (ORIGIN (ram) + 0x8000))
                0x1ffff000                PROVIDE (__cy_heap_end, (__cy_stack - 0x1000))

.cybootloader   0x00000000        0x0
 *(.cybootloader)
                0x00000000                appl1_start = CY_APPL_ORIGIN?CY_APPL_ORIGIN:ALIGN (CY_FLASH_ROW_SIZE)
                0x0001ff00                appl2_start = (appl1_start + ALIGN ((((0x40000 - appl1_start) - (0x2 * CY_FLASH_ROW_SIZE)) / 0x2), CY_FLASH_ROW_SIZE))
                0x00000000                appl_start = (CY_APPL_NUM == 0x1)?appl1_start:appl2_start
                0x00000000                ecc_offset = ((appl_start / CY_FLASH_ROW_SIZE) * CY_ECC_ROW_SIZE)
                0x00000000                ee_offset = (CY_APPL_LOADABLE && ! (CY_EE_IN_BTLDR))?((CY_EE_SIZE / CY_APPL_MAX) * (CY_APPL_NUM - 0x1)):0x0
                0x00000800                ee_size = (CY_APPL_LOADABLE && ! (CY_EE_IN_BTLDR))?(CY_EE_SIZE / CY_APPL_MAX):CY_EE_SIZE
                0x00000000                PROVIDE (CY_ECC_OFFSET, ecc_offset)

.text           0x00000000     0x1476
 CREATE_OBJECT_SYMBOLS
                0x00000000                PROVIDE (__cy_interrupt_vector, RomVectors)
 *(.romvectors)
 .romvectors    0x00000000       0x10 .\CortexM3\ARM_GCC_493\Debug\Cm3Start.o
                0x00000000                RomVectors
                0x00000001                ASSERT ((. != __cy_interrupt_vector), No interrupt vector)
                0x00000001                ASSERT (CY_APPL_ORIGIN?(SIZEOF (.cybootloader) <= CY_APPL_ORIGIN):0x1, Wrong image location)
                0x00000010                PROVIDE (__cy_reset, Reset)
 *(.text.Reset)
 .text.Reset    0x00000010       0x28 .\CortexM3\ARM_GCC_493\Debug\Cm3Start.o
                0x00000010                Reset
                0x00000001                ASSERT ((. != __cy_reset), No reset code)
 *(.dma_init)
 .dma_init      0x00000038      0x1f8 .\CortexM3\ARM_GCC_493\Debug\vga.a(cyfitter_cfg.o)
                0x00000001                ASSERT ((((appl_start + .) <= 0x10000) || 0x0), DMA Init must be within the first 64k of flash)
 *(.text .text.* .gnu.linkonce.t.*)
 .text          0x00000230       0x5c c:/program files (x86)/cypress/psoc creator/3.3/psoc creator/import/gnu/arm/4.9.3/bin/../lib/gcc/arm-none-eabi/4.9.3/armv7-m/crtbegin.o
 .text.newline  0x0000028c       0xb0 .\CortexM3\ARM_GCC_493\Debug\main.o
                0x0000028c                newline
 .text.update   0x0000033c       0x20 .\CortexM3\ARM_GCC_493\Debug\main.o
                0x0000033c                update
 .text.main     0x0000035c       0xd4 .\CortexM3\ARM_GCC_493\Debug\main.o
                0x0000035c                main
 .text.IntDefaultHandler
                0x00000430        0x8 .\CortexM3\ARM_GCC_493\Debug\Cm3Start.o
                0x00000430                IntDefaultHandler
 .text.Start_c  0x00000438       0x94 .\CortexM3\ARM_GCC_493\Debug\Cm3Start.o
                0x00000438                Start_c
 .text.initialize_psoc
                0x000004cc       0x90 .\CortexM3\ARM_GCC_493\Debug\Cm3Start.o
                0x000004cc                initialize_psoc
 .text.CYMEMZERO
                0x0000055c       0x1c .\CortexM3\ARM_GCC_493\Debug\vga.a(cyfitter_cfg.o)
 .text.CYCONFIGCPY
                0x00000578       0x1c .\CortexM3\ARM_GCC_493\Debug\vga.a(cyfitter_cfg.o)
 .text.CyClockStartupError
                0x00000594        0xc .\CortexM3\ARM_GCC_493\Debug\vga.a(cyfitter_cfg.o)
 .text.cfg_dma_init
                0x000005a0      0x180 .\CortexM3\ARM_GCC_493\Debug\vga.a(cyfitter_cfg.o)
 .text.ClockSetup
                0x00000720      0x15c .\CortexM3\ARM_GCC_493\Debug\vga.a(cyfitter_cfg.o)
 .text.AnalogSetDefault
                0x0000087c       0x44 .\CortexM3\ARM_GCC_493\Debug\vga.a(cyfitter_cfg.o)
 .text.cyfitter_cfg
                0x000008c0       0xd4 .\CortexM3\ARM_GCC_493\Debug\vga.a(cyfitter_cfg.o)
                0x000008c0                cyfitter_cfg
 .text.VERT_Start
                0x00000994       0x20 .\CortexM3\ARM_GCC_493\Debug\vga.a(VERT.o)
                0x00000994                VERT_Start
 .text.VERT_Init
                0x000009b4       0x68 .\CortexM3\ARM_GCC_493\Debug\vga.a(VERT.o)
                0x000009b4                VERT_Init
 .text.VERT_Enable
                0x00000a1c       0x20 .\CortexM3\ARM_GCC_493\Debug\vga.a(VERT.o)
                0x00000a1c                VERT_Enable
 .text.VERT_WriteCounter
                0x00000a3c       0x20 .\CortexM3\ARM_GCC_493\Debug\vga.a(VERT.o)
                0x00000a3c                VERT_WriteCounter
 .text.VERT_ReadCounter
                0x00000a5c       0x20 .\CortexM3\ARM_GCC_493\Debug\vga.a(VERT.o)
                0x00000a5c                VERT_ReadCounter
 .text.VERT_WritePeriod
                0x00000a7c       0x20 .\CortexM3\ARM_GCC_493\Debug\vga.a(VERT.o)
                0x00000a7c                VERT_WritePeriod
 .text.VERT_WriteCompare
                0x00000a9c       0x20 .\CortexM3\ARM_GCC_493\Debug\vga.a(VERT.o)
                0x00000a9c                VERT_WriteCompare
 .text.HORIZ_Start
                0x00000abc       0x20 .\CortexM3\ARM_GCC_493\Debug\vga.a(HORIZ.o)
                0x00000abc                HORIZ_Start
 .text.HORIZ_Init
                0x00000adc       0x54 .\CortexM3\ARM_GCC_493\Debug\vga.a(HORIZ.o)
                0x00000adc                HORIZ_Init
 .text.HORIZ_Enable
                0x00000b30       0x20 .\CortexM3\ARM_GCC_493\Debug\vga.a(HORIZ.o)
                0x00000b30                HORIZ_Enable
 .text.HORIZ_WriteCounter
                0x00000b50       0x20 .\CortexM3\ARM_GCC_493\Debug\vga.a(HORIZ.o)
                0x00000b50                HORIZ_WriteCounter
 .text.HORIZ_WritePeriod
                0x00000b70       0x20 .\CortexM3\ARM_GCC_493\Debug\vga.a(HORIZ.o)
                0x00000b70                HORIZ_WritePeriod
 .text.HORIZ_WriteCompare1
                0x00000b90       0x20 .\CortexM3\ARM_GCC_493\Debug\vga.a(HORIZ.o)
                0x00000b90                HORIZ_WriteCompare1
 .text.HORIZ_WriteCompare2
                0x00000bb0       0x20 .\CortexM3\ARM_GCC_493\Debug\vga.a(HORIZ.o)
                0x00000bb0                HORIZ_WriteCompare2
 .text.DMA_DmaInitialize
                0x00000bd0       0x68 .\CortexM3\ARM_GCC_493\Debug\vga.a(DMA_dma.o)
                0x00000bd0                DMA_DmaInitialize
 .text.NEWLINE_StartEx
                0x00000c38       0x24 .\CortexM3\ARM_GCC_493\Debug\vga.a(NEWLINE.o)
                0x00000c38                NEWLINE_StartEx
 .text.NEWLINE_SetVector
                0x00000c5c       0x24 .\CortexM3\ARM_GCC_493\Debug\vga.a(NEWLINE.o)
                0x00000c5c                NEWLINE_SetVector
 .text.NEWLINE_SetPriority
                0x00000c80       0x24 .\CortexM3\ARM_GCC_493\Debug\vga.a(NEWLINE.o)
                0x00000c80                NEWLINE_SetPriority
 .text.NEWLINE_Enable
                0x00000ca4       0x18 .\CortexM3\ARM_GCC_493\Debug\vga.a(NEWLINE.o)
                0x00000ca4                NEWLINE_Enable
 .text.NEWLINE_Disable
                0x00000cbc       0x18 .\CortexM3\ARM_GCC_493\Debug\vga.a(NEWLINE.o)
                0x00000cbc                NEWLINE_Disable
 .text.VSYNC_Start
                0x00000cd4       0x20 .\CortexM3\ARM_GCC_493\Debug\vga.a(VSYNC.o)
                0x00000cd4                VSYNC_Start
 .text.VSYNC_Init
                0x00000cf4       0x50 .\CortexM3\ARM_GCC_493\Debug\vga.a(VSYNC.o)
                0x00000cf4                VSYNC_Init
 .text.VSYNC_Enable
                0x00000d44       0x20 .\CortexM3\ARM_GCC_493\Debug\vga.a(VSYNC.o)
                0x00000d44                VSYNC_Enable
 .text.VSYNC_WriteCounter
                0x00000d64       0x20 .\CortexM3\ARM_GCC_493\Debug\vga.a(VSYNC.o)
                0x00000d64                VSYNC_WriteCounter
 .text.VSYNC_WritePeriod
                0x00000d84       0x20 .\CortexM3\ARM_GCC_493\Debug\vga.a(VSYNC.o)
                0x00000d84                VSYNC_WritePeriod
 .text.VSYNC_WriteCompare
                0x00000da4       0x20 .\CortexM3\ARM_GCC_493\Debug\vga.a(VSYNC.o)
                0x00000da4                VSYNC_WriteCompare
 .text.HSYNC_Start
                0x00000dc4       0x20 .\CortexM3\ARM_GCC_493\Debug\vga.a(HSYNC.o)
                0x00000dc4                HSYNC_Start
 .text.HSYNC_Init
                0x00000de4       0x50 .\CortexM3\ARM_GCC_493\Debug\vga.a(HSYNC.o)
                0x00000de4                HSYNC_Init
 .text.HSYNC_Enable
                0x00000e34       0x20 .\CortexM3\ARM_GCC_493\Debug\vga.a(HSYNC.o)
                0x00000e34                HSYNC_Enable
 .text.HSYNC_WriteCounter
                0x00000e54       0x20 .\CortexM3\ARM_GCC_493\Debug\vga.a(HSYNC.o)
                0x00000e54                HSYNC_WriteCounter
 .text.HSYNC_WritePeriod
                0x00000e74       0x20 .\CortexM3\ARM_GCC_493\Debug\vga.a(HSYNC.o)
                0x00000e74                HSYNC_WritePeriod
 .text.HSYNC_WriteCompare
                0x00000e94       0x20 .\CortexM3\ARM_GCC_493\Debug\vga.a(HSYNC.o)
                0x00000e94                HSYNC_WriteCompare
 .text.UART_Start
                0x00000eb4       0x20 .\CortexM3\ARM_GCC_493\Debug\vga.a(UART.o)
                0x00000eb4                UART_Start
 .text.UART_Init
                0x00000ed4       0x40 .\CortexM3\ARM_GCC_493\Debug\vga.a(UART.o)
                0x00000ed4                UART_Init
 .text.UART_Enable
                0x00000f14       0x5c .\CortexM3\ARM_GCC_493\Debug\vga.a(UART.o)
                0x00000f14                UART_Enable
 .text.UART_IntClock_Start
                0x00000f70       0x34 .\CortexM3\ARM_GCC_493\Debug\vga.a(UART_IntClock.o)
                0x00000f70                UART_IntClock_Start
 *fill*         0x00000fa4        0x4 
 .text          0x00000fa8       0x20 .\CortexM3\ARM_GCC_493\Debug\vga.a(CyBootAsmGnu.o)
                0x00000fa8                CyDelayCycles
                0x00000fb8                CyEnterCriticalSection
                0x00000fc0                CyExitCriticalSection
 .text.CyDmacConfigure
                0x00000fc8       0x5c .\CortexM3\ARM_GCC_493\Debug\vga.a(CyDmac.o)
                0x00000fc8                CyDmacConfigure
 .text.CyDmaChEnable
                0x00001024       0x8c .\CortexM3\ARM_GCC_493\Debug\vga.a(CyDmac.o)
                0x00001024                CyDmaChEnable
 .text.CyDmaChDisable
                0x000010b0       0x64 .\CortexM3\ARM_GCC_493\Debug\vga.a(CyDmac.o)
                0x000010b0                CyDmaChDisable
 .text.CyDmaChPriority
                0x00001114       0x60 .\CortexM3\ARM_GCC_493\Debug\vga.a(CyDmac.o)
                0x00001114                CyDmaChPriority
 .text.CyDmaChSetExtendedAddress
                0x00001174       0x7c .\CortexM3\ARM_GCC_493\Debug\vga.a(CyDmac.o)
                0x00001174                CyDmaChSetExtendedAddress
 .text.CyDmaChSetInitialTd
                0x000011f0       0x3c .\CortexM3\ARM_GCC_493\Debug\vga.a(CyDmac.o)
                0x000011f0                CyDmaChSetInitialTd
 .text.CyDmaChSetConfiguration
                0x0000122c       0xa0 .\CortexM3\ARM_GCC_493\Debug\vga.a(CyDmac.o)
                0x0000122c                CyDmaChSetConfiguration
 .text.CyDmaTdAllocate
                0x000012cc       0x5c .\CortexM3\ARM_GCC_493\Debug\vga.a(CyDmac.o)
                0x000012cc                CyDmaTdAllocate
 .text.CyDmaTdSetConfiguration
                0x00001328       0x80 .\CortexM3\ARM_GCC_493\Debug\vga.a(CyDmac.o)
                0x00001328                CyDmaTdSetConfiguration
 .text.CyDmaTdSetAddress
                0x000013a8       0x5c .\CortexM3\ARM_GCC_493\Debug\vga.a(CyDmac.o)
                0x000013a8                CyDmaTdSetAddress
 .text.__libc_init_array
                0x00001404       0x4c c:/program files (x86)/cypress/psoc creator/3.3/psoc creator/import/gnu/arm/4.9.3/bin/../lib/gcc/arm-none-eabi/4.9.3/../../../../arm-none-eabi/lib/armv7-m\libg_nano.a(lib_a-init.o)
                0x00001404                __libc_init_array
 .text.memcpy   0x00001450       0x16 c:/program files (x86)/cypress/psoc creator/3.3/psoc creator/import/gnu/arm/4.9.3/bin/../lib/gcc/arm-none-eabi/4.9.3/../../../../arm-none-eabi/lib/armv7-m\libg_nano.a(lib_a-memcpy.o)
                0x00001450                memcpy
 .text.memset   0x00001466       0x10 c:/program files (x86)/cypress/psoc creator/3.3/psoc creator/import/gnu/arm/4.9.3/bin/../lib/gcc/arm-none-eabi/4.9.3/../../../../arm-none-eabi/lib/armv7-m\libg_nano.a(lib_a-memset.o)
                0x00001466                memset
 *(.plt)
 *(.gnu.warning)
 *(.glue_7t)
 .glue_7t       0x00000000        0x0 linker stubs
 *(.glue_7)
 .glue_7        0x00000000        0x0 linker stubs
 *(.vfp11_veneer)
 .vfp11_veneer  0x00000000        0x0 linker stubs
 *(.bootloader)
 *(.ARM.extab* .gnu.linkonce.armextab.*)
 *(.gcc_except_table)

.v4_bx          0x00001478        0x0
 .v4_bx         0x00000000        0x0 linker stubs

.iplt           0x00001478        0x0
 .iplt          0x00000000        0x0 c:/program files (x86)/cypress/psoc creator/3.3/psoc creator/import/gnu/arm/4.9.3/bin/../lib/gcc/arm-none-eabi/4.9.3/armv7-m/crtbegin.o

.eh_frame_hdr
 *(.eh_frame_hdr)

.eh_frame       0x00001478        0x4
 *(.eh_frame)
 .eh_frame      0x00001478        0x0 c:/program files (x86)/cypress/psoc creator/3.3/psoc creator/import/gnu/arm/4.9.3/bin/../lib/gcc/arm-none-eabi/4.9.3/armv7-m/crtbegin.o
 .eh_frame      0x00001478        0x4 c:/program files (x86)/cypress/psoc creator/3.3/psoc creator/import/gnu/arm/4.9.3/bin/../lib/gcc/arm-none-eabi/4.9.3/armv7-m/crtend.o
                0x0000147c                PROVIDE (__exidx_start, .)

.ARM.exidx
 *(.ARM.exidx* .gnu.linkonce.armexidx.*)
                0x0000147c                __exidx_end = .

.rodata         0x0000147c      0x11c
 *(.rodata .rodata.* .gnu.linkonce.r.*)
 .rodata        0x0000147c       0xe8 .\CortexM3\ARM_GCC_493\Debug\vga.a(cyfitter_cfg.o)
                0x00001564                . = ALIGN (0x4)
 *(.init)
 .init          0x00001564        0x4 c:/program files (x86)/cypress/psoc creator/3.3/psoc creator/import/gnu/arm/4.9.3/bin/../lib/gcc/arm-none-eabi/4.9.3/armv7-m/crti.o
                0x00001564                _init
 .init          0x00001568        0x8 c:/program files (x86)/cypress/psoc creator/3.3/psoc creator/import/gnu/arm/4.9.3/bin/../lib/gcc/arm-none-eabi/4.9.3/armv7-m/crtn.o
                0x00001570                . = ALIGN (0x4)
                0x00001570                __preinit_array_start = .
 *(.preinit_array)
                0x00001570                __preinit_array_end = .
                0x00001570                . = ALIGN (0x4)
                0x00001570                __init_array_start = .
 *(SORT(.init_array.*))
 *(.init_array)
 .init_array    0x00001570        0x4 c:/program files (x86)/cypress/psoc creator/3.3/psoc creator/import/gnu/arm/4.9.3/bin/../lib/gcc/arm-none-eabi/4.9.3/armv7-m/crtbegin.o
 .init_array    0x00001574        0x4 .\CortexM3\ARM_GCC_493\Debug\Cm3Start.o
                0x00001578                __init_array_end = .
                0x00001578                . = ALIGN (0x4)
 *(.fini)
 .fini          0x00001578        0x4 c:/program files (x86)/cypress/psoc creator/3.3/psoc creator/import/gnu/arm/4.9.3/bin/../lib/gcc/arm-none-eabi/4.9.3/armv7-m/crti.o
                0x00001578                _fini
 .fini          0x0000157c        0x8 c:/program files (x86)/cypress/psoc creator/3.3/psoc creator/import/gnu/arm/4.9.3/bin/../lib/gcc/arm-none-eabi/4.9.3/armv7-m/crtn.o
                0x00001584                . = ALIGN (0x4)
                0x00001584                __fini_array_start = .
 *(.fini_array)
 .fini_array    0x00001584        0x4 c:/program files (x86)/cypress/psoc creator/3.3/psoc creator/import/gnu/arm/4.9.3/bin/../lib/gcc/arm-none-eabi/4.9.3/armv7-m/crtbegin.o
 *(SORT(.fini_array.*))
                0x00001588                __fini_array_end = .
                0x00001588                . = ALIGN (0x4)
 *crtbegin.o(.ctors)
 *(EXCLUDE_FILE(*crtend.o) .ctors)
 *(SORT(.ctors.*))
 *crtend.o(.ctors)
                0x00001588                . = ALIGN (0x4)
 *crtbegin.o(.dtors)
 *(EXCLUDE_FILE(*crtend.o) .dtors)
 *(SORT(.dtors.*))
 *crtend.o(.dtors)
                0x00001588                . = ALIGN (0x4)
                0x00001588                __cy_regions = .
                0x00001588        0x4 LONG 0x1598 __cy_region_init_ram
                0x0000158c        0x4 LONG 0x1fff8108 __cy_region_start_data
                0x00001590        0x4 LONG 0x18 __cy_region_init_size_ram
                0x00001594        0x4 LONG 0x3038 __cy_region_zero_size_ram
                0x00001598                __cy_regions_end = .
                0x00001598                . = ALIGN (0x8)
                0x00001598                _etext = .

.ramvectors     0x1fff8000      0x100
                0x1fff8000                __cy_region_start_ram = .
 *(.ramvectors)
 .ramvectors    0x1fff8000      0x100 .\CortexM3\ARM_GCC_493\Debug\Cm3Start.o
                0x1fff8000                CyRamVectors

.noinit         0x1fff8100        0x5
 *(.noinit)
 .noinit        0x1fff8100        0x4 .\CortexM3\ARM_GCC_493\Debug\Cm3Start.o
 .noinit        0x1fff8104        0x1 .\CortexM3\ARM_GCC_493\Debug\vga.a(CyLib.o)
                0x1fff8104                CyResetStatus

.data           0x1fff8108       0x18 load address 0x00001598
                0x1fff8108                __cy_region_start_data = .
 *(.jcr)
 .jcr           0x1fff8108        0x0 c:/program files (x86)/cypress/psoc creator/3.3/psoc creator/import/gnu/arm/4.9.3/bin/../lib/gcc/arm-none-eabi/4.9.3/armv7-m/crtbegin.o
 .jcr           0x1fff8108        0x4 c:/program files (x86)/cypress/psoc creator/3.3/psoc creator/import/gnu/arm/4.9.3/bin/../lib/gcc/arm-none-eabi/4.9.3/armv7-m/crtend.o
 *(.got.plt)
 *(.got)
 *(.shdata)
 *(.data .data.* .gnu.linkonce.d.*)
 .data          0x1fff810c        0x4 .\CortexM3\ARM_GCC_493\Debug\main.o
                0x1fff810c                flag
 .data          0x1fff8110        0x1 .\CortexM3\ARM_GCC_493\Debug\vga.a(DMA_dma.o)
                0x1fff8110                DMA_DmaHandle
 *fill*         0x1fff8111        0x3 
 .data          0x1fff8114        0x8 .\CortexM3\ARM_GCC_493\Debug\vga.a(CyDmac.o)
                0x1fff8120                . = ALIGN (0x8)
 *fill*         0x1fff811c        0x4 
 *(.ram)
                0x1fff8120                _edata = .

.igot.plt       0x1fff8120        0x0 load address 0x000015b0
 .igot.plt      0x00000000        0x0 c:/program files (x86)/cypress/psoc creator/3.3/psoc creator/import/gnu/arm/4.9.3/bin/../lib/gcc/arm-none-eabi/4.9.3/armv7-m/crtbegin.o

.bss            0x1fff8120     0x3038 load address 0x000015b0
                0x1fff8120                PROVIDE (__bss_start__, .)
 *(.shbss)
 *(.bss .bss.* .gnu.linkonce.b.*)
 .bss           0x1fff8120       0x1c c:/program files (x86)/cypress/psoc creator/3.3/psoc creator/import/gnu/arm/4.9.3/bin/../lib/gcc/arm-none-eabi/4.9.3/armv7-m/crtbegin.o
 *fill*         0x1fff813c        0x4 
 .bss           0x1fff8140        0x8 .\CortexM3\ARM_GCC_493\Debug\vga.a(cyfitter_cfg.o)
 .bss           0x1fff8148        0x1 .\CortexM3\ARM_GCC_493\Debug\vga.a(VERT.o)
                0x1fff8148                VERT_initVar
 .bss           0x1fff8149        0x1 .\CortexM3\ARM_GCC_493\Debug\vga.a(HORIZ.o)
                0x1fff8149                HORIZ_initVar
 .bss           0x1fff814a        0x1 .\CortexM3\ARM_GCC_493\Debug\vga.a(VSYNC.o)
                0x1fff814a                VSYNC_initVar
 .bss           0x1fff814b        0x1 .\CortexM3\ARM_GCC_493\Debug\vga.a(HSYNC.o)
                0x1fff814b                HSYNC_initVar
 .bss           0x1fff814c        0x2 .\CortexM3\ARM_GCC_493\Debug\vga.a(UART.o)
                0x1fff814c                UART_initVar
 *(COMMON)
 *fill*         0x1fff814e        0x2 
 COMMON         0x1fff8150     0x3004 .\CortexM3\ARM_GCC_493\Debug\main.o
                0x1fff8150                dma_chan
                0x1fff8151                dma_td
                0x1fff8154                buf
                0x1fffb158                . = ALIGN (0x8)
 *fill*         0x1fffb154        0x4 
 *(.ram.b)
                0x1fffb158                _end = .
                0x1fffb158                __end = .
                0x1fffb158                PROVIDE (end, .)
                0x1fffb158                PROVIDE (__bss_end__, .)

.vram           0x20000000     0x3000 load address 0x000015b0
 *(.vram)
 .vram          0x20000000     0x3000 .\CortexM3\ARM_GCC_493\Debug\main.o
                0x20000000                vbuf
                0x00001598                __cy_region_init_ram = LOADADDR (.data)
                0x00000018                __cy_region_init_size_ram = (_edata - ADDR (.data))
                0x00003038                __cy_region_zero_size_ram = (_end - _edata)

.heap           0x1fffb158        0x0
                0x1fffb158                . = _end
                0x1fffb158                __cy_heap_limit = .

.stack          0x1ffff000     0x1000
                0x1ffff000                __cy_stack_limit = .
                0x20000000                . = (. + 0x1000)
 *fill*         0x1ffff000     0x1000 
                0x00000001                ASSERT ((__cy_stack_limit >= __cy_heap_limit), region RAM overflowed with stack)

.cyloadermeta
 *(.cyloadermeta)

.cyloadablemeta
 *(.cyloadablemeta)

.cyconfigecc    0x80000000      0xe94
 *(.cyconfigecc)
 .cyconfigecc   0x80000000      0xe94 .\CortexM3\ARM_GCC_493\Debug\cymetadata.o
                0x80000000                cy_meta_configecc

.cycustnvl      0x90000000        0x4
 *(.cycustnvl)
 .cycustnvl     0x90000000        0x4 .\CortexM3\ARM_GCC_493\Debug\cymetadata.o
                0x90000000                cy_meta_custnvl

.cywolatch      0x90100000        0x4
 *(.cywolatch)
 .cywolatch     0x90100000        0x4 .\CortexM3\ARM_GCC_493\Debug\cymetadata.o
                0x90100000                cy_meta_wonvl

.cyeeprom       0x90200000        0x0
 *(.cyeeprom)
                0x00000001                ASSERT ((. <= ((0x90200000 + ee_offset) + ee_size)), .cyeeprom data will not fit in EEPROM)

.cyflashprotect
                0x90400000      0x100
 *(.cyflashprotect)
 .cyflashprotect
                0x90400000      0x100 .\CortexM3\ARM_GCC_493\Debug\cymetadata.o
                0x90400000                cy_meta_flashprotect

.cymeta         0x90500000        0xc
 *(.cymeta)
 .cymeta        0x90500000        0xc .\CortexM3\ARM_GCC_493\Debug\cymetadata.o
                0x90500000                cy_metadata

.rel.dyn        0x000045b0        0x0 load address 0x9050000c
 .rel.iplt      0x00000000        0x0 c:/program files (x86)/cypress/psoc creator/3.3/psoc creator/import/gnu/arm/4.9.3/bin/../lib/gcc/arm-none-eabi/4.9.3/armv7-m/crtbegin.o

.stab
 *(.stab)

.stabstr
 *(.stabstr)

.debug
 *(.debug)

.line
 *(.line)

.debug_srcinfo
 *(.debug_srcinfo)

.debug_sfnames
 *(.debug_sfnames)

.debug_aranges  0x00000000      0x9a0
 *(.debug_aranges)
 .debug_aranges
                0x00000000       0x30 .\CortexM3\ARM_GCC_493\Debug\main.o
 .debug_aranges
                0x00000030       0x20 .\CortexM3\ARM_GCC_493\Debug\draw.o
 .debug_aranges
                0x00000050       0x18 .\CortexM3\ARM_GCC_493\Debug\cymetadata.o
 .debug_aranges
                0x00000068       0x40 .\CortexM3\ARM_GCC_493\Debug\Cm3Start.o
 .debug_aranges
                0x000000a8       0x60 .\CortexM3\ARM_GCC_493\Debug\vga.a(cyfitter_cfg.o)
 .debug_aranges
                0x00000108       0x80 .\CortexM3\ARM_GCC_493\Debug\vga.a(VERT.o)
 .debug_aranges
                0x00000188       0x90 .\CortexM3\ARM_GCC_493\Debug\vga.a(HORIZ.o)
 .debug_aranges
                0x00000218       0x28 .\CortexM3\ARM_GCC_493\Debug\vga.a(DMA_dma.o)
 .debug_aranges
                0x00000240       0x80 .\CortexM3\ARM_GCC_493\Debug\vga.a(NEWLINE.o)
 .debug_aranges
                0x000002c0       0x80 .\CortexM3\ARM_GCC_493\Debug\vga.a(VSYNC.o)
 .debug_aranges
                0x00000340       0x80 .\CortexM3\ARM_GCC_493\Debug\vga.a(HSYNC.o)
 .debug_aranges
                0x000003c0       0xf0 .\CortexM3\ARM_GCC_493\Debug\vga.a(UART.o)
 .debug_aranges
                0x000004b0       0x70 .\CortexM3\ARM_GCC_493\Debug\vga.a(UART_IntClock.o)
 .debug_aranges
                0x00000520       0x20 .\CortexM3\ARM_GCC_493\Debug\vga.a(CyBootAsmGnu.o)
 .debug_aranges
                0x00000540       0xd8 .\CortexM3\ARM_GCC_493\Debug\vga.a(CyDmac.o)
 .debug_aranges
                0x00000618      0x218 .\CortexM3\ARM_GCC_493\Debug\vga.a(CyLib.o)
 .debug_aranges
                0x00000830       0x90 .\CortexM3\ARM_GCC_493\Debug\vga.a(cyPm.o)
 .debug_aranges
                0x000008c0       0x78 .\CortexM3\ARM_GCC_493\Debug\vga.a(CyFlash.o)
 .debug_aranges
                0x00000938       0x68 .\CortexM3\ARM_GCC_493\Debug\vga.a(CySpc.o)

.debug_pubnames
 *(.debug_pubnames)

.debug_info     0x00000000     0x3ef0
 *(.debug_info .gnu.linkonce.wi.*)
 .debug_info    0x00000000      0x20d .\CortexM3\ARM_GCC_493\Debug\main.o
 .debug_info    0x0000020d       0xec .\CortexM3\ARM_GCC_493\Debug\draw.o
 .debug_info    0x000002f9      0x13e .\CortexM3\ARM_GCC_493\Debug\cymetadata.o
 .debug_info    0x00000437      0x2bc .\CortexM3\ARM_GCC_493\Debug\Cm3Start.o
 .debug_info    0x000006f3      0x3b3 .\CortexM3\ARM_GCC_493\Debug\vga.a(cyfitter_cfg.o)
 .debug_info    0x00000aa6      0x240 .\CortexM3\ARM_GCC_493\Debug\vga.a(VERT.o)
 .debug_info    0x00000ce6      0x261 .\CortexM3\ARM_GCC_493\Debug\vga.a(HORIZ.o)
 .debug_info    0x00000f47      0x112 .\CortexM3\ARM_GCC_493\Debug\vga.a(DMA_dma.o)
 .debug_info    0x00001059      0x236 .\CortexM3\ARM_GCC_493\Debug\vga.a(NEWLINE.o)
 .debug_info    0x0000128f      0x225 .\CortexM3\ARM_GCC_493\Debug\vga.a(VSYNC.o)
 .debug_info    0x000014b4      0x225 .\CortexM3\ARM_GCC_493\Debug\vga.a(HSYNC.o)
 .debug_info    0x000016d9      0x4ff .\CortexM3\ARM_GCC_493\Debug\vga.a(UART.o)
 .debug_info    0x00001bd8      0x259 .\CortexM3\ARM_GCC_493\Debug\vga.a(UART_IntClock.o)
 .debug_info    0x00001e31       0x97 .\CortexM3\ARM_GCC_493\Debug\vga.a(CyBootAsmGnu.o)
 .debug_info    0x00001ec8      0x8ae .\CortexM3\ARM_GCC_493\Debug\vga.a(CyDmac.o)
 .debug_info    0x00002776      0xb90 .\CortexM3\ARM_GCC_493\Debug\vga.a(CyLib.o)
 .debug_info    0x00003306      0x534 .\CortexM3\ARM_GCC_493\Debug\vga.a(cyPm.o)
 .debug_info    0x0000383a      0x314 .\CortexM3\ARM_GCC_493\Debug\vga.a(CyFlash.o)
 .debug_info    0x00003b4e      0x3a2 .\CortexM3\ARM_GCC_493\Debug\vga.a(CySpc.o)

.debug_abbrev   0x00000000     0x15ac
 *(.debug_abbrev)
 .debug_abbrev  0x00000000      0x107 .\CortexM3\ARM_GCC_493\Debug\main.o
 .debug_abbrev  0x00000107       0x88 .\CortexM3\ARM_GCC_493\Debug\draw.o
 .debug_abbrev  0x0000018f       0x77 .\CortexM3\ARM_GCC_493\Debug\cymetadata.o
 .debug_abbrev  0x00000206      0x173 .\CortexM3\ARM_GCC_493\Debug\Cm3Start.o
 .debug_abbrev  0x00000379      0x176 .\CortexM3\ARM_GCC_493\Debug\vga.a(cyfitter_cfg.o)
 .debug_abbrev  0x000004ef      0x116 .\CortexM3\ARM_GCC_493\Debug\vga.a(VERT.o)
 .debug_abbrev  0x00000605      0x116 .\CortexM3\ARM_GCC_493\Debug\vga.a(HORIZ.o)
 .debug_abbrev  0x0000071b       0x8b .\CortexM3\ARM_GCC_493\Debug\vga.a(DMA_dma.o)
 .debug_abbrev  0x000007a6      0x17f .\CortexM3\ARM_GCC_493\Debug\vga.a(NEWLINE.o)
 .debug_abbrev  0x00000925      0x116 .\CortexM3\ARM_GCC_493\Debug\vga.a(VSYNC.o)
 .debug_abbrev  0x00000a3b      0x116 .\CortexM3\ARM_GCC_493\Debug\vga.a(HSYNC.o)
 .debug_abbrev  0x00000b51      0x163 .\CortexM3\ARM_GCC_493\Debug\vga.a(UART.o)
 .debug_abbrev  0x00000cb4      0x11d .\CortexM3\ARM_GCC_493\Debug\vga.a(UART_IntClock.o)
 .debug_abbrev  0x00000dd1       0x14 .\CortexM3\ARM_GCC_493\Debug\vga.a(CyBootAsmGnu.o)
 .debug_abbrev  0x00000de5      0x187 .\CortexM3\ARM_GCC_493\Debug\vga.a(CyDmac.o)
 .debug_abbrev  0x00000f6c      0x205 .\CortexM3\ARM_GCC_493\Debug\vga.a(CyLib.o)
 .debug_abbrev  0x00001171      0x16e .\CortexM3\ARM_GCC_493\Debug\vga.a(cyPm.o)
 .debug_abbrev  0x000012df      0x170 .\CortexM3\ARM_GCC_493\Debug\vga.a(CyFlash.o)
 .debug_abbrev  0x0000144f      0x15d .\CortexM3\ARM_GCC_493\Debug\vga.a(CySpc.o)

.debug_line     0x00000000     0x23e6
 *(.debug_line)
 .debug_line    0x00000000      0x1c0 .\CortexM3\ARM_GCC_493\Debug\main.o
 .debug_line    0x000001c0      0x163 .\CortexM3\ARM_GCC_493\Debug\draw.o
 .debug_line    0x00000323       0x53 .\CortexM3\ARM_GCC_493\Debug\cymetadata.o
 .debug_line    0x00000376      0x1a8 .\CortexM3\ARM_GCC_493\Debug\Cm3Start.o
 .debug_line    0x0000051e      0x236 .\CortexM3\ARM_GCC_493\Debug\vga.a(cyfitter_cfg.o)
 .debug_line    0x00000754      0x14b .\CortexM3\ARM_GCC_493\Debug\vga.a(VERT.o)
 .debug_line    0x0000089f      0x16c .\CortexM3\ARM_GCC_493\Debug\vga.a(HORIZ.o)
 .debug_line    0x00000a0b       0x8f .\CortexM3\ARM_GCC_493\Debug\vga.a(DMA_dma.o)
 .debug_line    0x00000a9a      0x15b .\CortexM3\ARM_GCC_493\Debug\vga.a(NEWLINE.o)
 .debug_line    0x00000bf5      0x149 .\CortexM3\ARM_GCC_493\Debug\vga.a(VSYNC.o)
 .debug_line    0x00000d3e      0x149 .\CortexM3\ARM_GCC_493\Debug\vga.a(HSYNC.o)
 .debug_line    0x00000e87      0x2eb .\CortexM3\ARM_GCC_493\Debug\vga.a(UART.o)
 .debug_line    0x00001172      0x1c1 .\CortexM3\ARM_GCC_493\Debug\vga.a(UART_IntClock.o)
 .debug_line    0x00001333       0x68 .\CortexM3\ARM_GCC_493\Debug\vga.a(CyBootAsmGnu.o)
 .debug_line    0x0000139b      0x2b7 .\CortexM3\ARM_GCC_493\Debug\vga.a(CyDmac.o)
 .debug_line    0x00001652      0x709 .\CortexM3\ARM_GCC_493\Debug\vga.a(CyLib.o)
 .debug_line    0x00001d5b      0x344 .\CortexM3\ARM_GCC_493\Debug\vga.a(cyPm.o)
 .debug_line    0x0000209f      0x199 .\CortexM3\ARM_GCC_493\Debug\vga.a(CyFlash.o)
 .debug_line    0x00002238      0x1ae .\CortexM3\ARM_GCC_493\Debug\vga.a(CySpc.o)

.debug_frame    0x00000000     0x2694
 *(.debug_frame)
 .debug_frame   0x00000000       0x7c .\CortexM3\ARM_GCC_493\Debug\main.o
 .debug_frame   0x0000007c       0x2c .\CortexM3\ARM_GCC_493\Debug\draw.o
 .debug_frame   0x000000a8       0xac .\CortexM3\ARM_GCC_493\Debug\Cm3Start.o
 .debug_frame   0x00000154      0x160 .\CortexM3\ARM_GCC_493\Debug\vga.a(cyfitter_cfg.o)
 .debug_frame   0x000002b4      0x1f4 .\CortexM3\ARM_GCC_493\Debug\vga.a(VERT.o)
 .debug_frame   0x000004a8      0x240 .\CortexM3\ARM_GCC_493\Debug\vga.a(HORIZ.o)
 .debug_frame   0x000006e8       0x58 .\CortexM3\ARM_GCC_493\Debug\vga.a(DMA_dma.o)
 .debug_frame   0x00000740      0x1e8 .\CortexM3\ARM_GCC_493\Debug\vga.a(NEWLINE.o)
 .debug_frame   0x00000928      0x1f4 .\CortexM3\ARM_GCC_493\Debug\vga.a(VSYNC.o)
 .debug_frame   0x00000b1c      0x1f4 .\CortexM3\ARM_GCC_493\Debug\vga.a(HSYNC.o)
 .debug_frame   0x00000d10      0x42c .\CortexM3\ARM_GCC_493\Debug\vga.a(UART.o)
 .debug_frame   0x0000113c      0x1b4 .\CortexM3\ARM_GCC_493\Debug\vga.a(UART_IntClock.o)
 .debug_frame   0x000012f0      0x3d0 .\CortexM3\ARM_GCC_493\Debug\vga.a(CyDmac.o)
 .debug_frame   0x000016c0      0x9a8 .\CortexM3\ARM_GCC_493\Debug\vga.a(CyLib.o)
 .debug_frame   0x00002068      0x218 .\CortexM3\ARM_GCC_493\Debug\vga.a(cyPm.o)
 .debug_frame   0x00002280      0x1d0 .\CortexM3\ARM_GCC_493\Debug\vga.a(CyFlash.o)
 .debug_frame   0x00002450      0x1a8 .\CortexM3\ARM_GCC_493\Debug\vga.a(CySpc.o)
 .debug_frame   0x000025f8       0x28 c:/program files (x86)/cypress/psoc creator/3.3/psoc creator/import/gnu/arm/4.9.3/bin/../lib/gcc/arm-none-eabi/4.9.3/../../../../arm-none-eabi/lib/armv7-m\libg_nano.a(lib_a-exit.o)
 .debug_frame   0x00002620       0x2c c:/program files (x86)/cypress/psoc creator/3.3/psoc creator/import/gnu/arm/4.9.3/bin/../lib/gcc/arm-none-eabi/4.9.3/../../../../arm-none-eabi/lib/armv7-m\libg_nano.a(lib_a-init.o)
 .debug_frame   0x0000264c       0x28 c:/program files (x86)/cypress/psoc creator/3.3/psoc creator/import/gnu/arm/4.9.3/bin/../lib/gcc/arm-none-eabi/4.9.3/../../../../arm-none-eabi/lib/armv7-m\libg_nano.a(lib_a-memcpy.o)
 .debug_frame   0x00002674       0x20 c:/program files (x86)/cypress/psoc creator/3.3/psoc creator/import/gnu/arm/4.9.3/bin/../lib/gcc/arm-none-eabi/4.9.3/../../../../arm-none-eabi/lib/armv7-m\libg_nano.a(lib_a-memset.o)

.debug_str      0x00000000     0x1e26
 *(.debug_str)
 .debug_str     0x00000000      0x1c5 .\CortexM3\ARM_GCC_493\Debug\main.o
                                0x20b (size before relaxing)
 .debug_str     0x000001c5        0xe .\CortexM3\ARM_GCC_493\Debug\draw.o
                                0x1a7 (size before relaxing)
 .debug_str     0x000001d3       0x77 .\CortexM3\ARM_GCC_493\Debug\cymetadata.o
                                0x1f1 (size before relaxing)
 .debug_str     0x0000024a      0x108 .\CortexM3\ARM_GCC_493\Debug\Cm3Start.o
                                0x2ad (size before relaxing)
 .debug_str     0x00000352      0x17b .\CortexM3\ARM_GCC_493\Debug\vga.a(cyfitter_cfg.o)
                                0x31a (size before relaxing)
 .debug_str     0x000004cd      0x127 .\CortexM3\ARM_GCC_493\Debug\vga.a(VERT.o)
                                0x2ba (size before relaxing)
 .debug_str     0x000005f4      0x13b .\CortexM3\ARM_GCC_493\Debug\vga.a(HORIZ.o)
                                0x2e5 (size before relaxing)
 .debug_str     0x0000072f       0x8d .\CortexM3\ARM_GCC_493\Debug\vga.a(DMA_dma.o)
                                0x20e (size before relaxing)
 .debug_str     0x000007bc      0x11c .\CortexM3\ARM_GCC_493\Debug\vga.a(NEWLINE.o)
                                0x2bd (size before relaxing)
 .debug_str     0x000008d8      0x112 .\CortexM3\ARM_GCC_493\Debug\vga.a(VSYNC.o)
                                0x2bc (size before relaxing)
 .debug_str     0x000009ea      0x112 .\CortexM3\ARM_GCC_493\Debug\vga.a(HSYNC.o)
                                0x2bc (size before relaxing)
 .debug_str     0x00000afc      0x27c .\CortexM3\ARM_GCC_493\Debug\vga.a(UART.o)
                                0x41e (size before relaxing)
 .debug_str     0x00000d78      0x1b2 .\CortexM3\ARM_GCC_493\Debug\vga.a(UART_IntClock.o)
                                0x33d (size before relaxing)
 .debug_str     0x00000f2a      0x351 .\CortexM3\ARM_GCC_493\Debug\vga.a(CyDmac.o)
                                0x518 (size before relaxing)
 .debug_str     0x0000127b      0x605 .\CortexM3\ARM_GCC_493\Debug\vga.a(CyLib.o)
                                0x813 (size before relaxing)
 .debug_str     0x00001880      0x371 .\CortexM3\ARM_GCC_493\Debug\vga.a(cyPm.o)
                                0x522 (size before relaxing)
 .debug_str     0x00001bf1      0x137 .\CortexM3\ARM_GCC_493\Debug\vga.a(CyFlash.o)
                                0x2e8 (size before relaxing)
 .debug_str     0x00001d28       0xfe .\CortexM3\ARM_GCC_493\Debug\vga.a(CySpc.o)
                                0x2c4 (size before relaxing)

.debug_loc
 *(.debug_loc)

.debug_macinfo
 *(.debug_macinfo)

.debug_ranges   0x00000000      0x858
 *(.debug_ranges)
 .debug_ranges  0x00000000       0x20 .\CortexM3\ARM_GCC_493\Debug\main.o
 .debug_ranges  0x00000020       0x10 .\CortexM3\ARM_GCC_493\Debug\draw.o
 .debug_ranges  0x00000030       0x30 .\CortexM3\ARM_GCC_493\Debug\Cm3Start.o
 .debug_ranges  0x00000060       0x50 .\CortexM3\ARM_GCC_493\Debug\vga.a(cyfitter_cfg.o)
 .debug_ranges  0x000000b0       0x70 .\CortexM3\ARM_GCC_493\Debug\vga.a(VERT.o)
 .debug_ranges  0x00000120       0x80 .\CortexM3\ARM_GCC_493\Debug\vga.a(HORIZ.o)
 .debug_ranges  0x000001a0       0x18 .\CortexM3\ARM_GCC_493\Debug\vga.a(DMA_dma.o)
 .debug_ranges  0x000001b8       0x70 .\CortexM3\ARM_GCC_493\Debug\vga.a(NEWLINE.o)
 .debug_ranges  0x00000228       0x70 .\CortexM3\ARM_GCC_493\Debug\vga.a(VSYNC.o)
 .debug_ranges  0x00000298       0x70 .\CortexM3\ARM_GCC_493\Debug\vga.a(HSYNC.o)
 .debug_ranges  0x00000308       0xe0 .\CortexM3\ARM_GCC_493\Debug\vga.a(UART.o)
 .debug_ranges  0x000003e8       0x60 .\CortexM3\ARM_GCC_493\Debug\vga.a(UART_IntClock.o)
 .debug_ranges  0x00000448       0xc8 .\CortexM3\ARM_GCC_493\Debug\vga.a(CyDmac.o)
 .debug_ranges  0x00000510      0x208 .\CortexM3\ARM_GCC_493\Debug\vga.a(CyLib.o)
 .debug_ranges  0x00000718       0x80 .\CortexM3\ARM_GCC_493\Debug\vga.a(cyPm.o)
 .debug_ranges  0x00000798       0x68 .\CortexM3\ARM_GCC_493\Debug\vga.a(CyFlash.o)
 .debug_ranges  0x00000800       0x58 .\CortexM3\ARM_GCC_493\Debug\vga.a(CySpc.o)

.comment        0x00000000       0x70
 .comment       0x00000000       0x70 .\CortexM3\ARM_GCC_493\Debug\main.o
                                 0x71 (size before relaxing)
 .comment       0x00000000       0x71 .\CortexM3\ARM_GCC_493\Debug\draw.o
 .comment       0x00000000       0x71 .\CortexM3\ARM_GCC_493\Debug\cymetadata.o
 .comment       0x00000000       0x71 .\CortexM3\ARM_GCC_493\Debug\Cm3Start.o
 .comment       0x00000000       0x71 .\CortexM3\ARM_GCC_493\Debug\vga.a(cyfitter_cfg.o)
 .comment       0x00000000       0x71 .\CortexM3\ARM_GCC_493\Debug\vga.a(VERT.o)
 .comment       0x00000000       0x71 .\CortexM3\ARM_GCC_493\Debug\vga.a(HORIZ.o)
 .comment       0x00000000       0x71 .\CortexM3\ARM_GCC_493\Debug\vga.a(DMA_dma.o)
 .comment       0x00000000       0x71 .\CortexM3\ARM_GCC_493\Debug\vga.a(NEWLINE.o)
 .comment       0x00000000       0x71 .\CortexM3\ARM_GCC_493\Debug\vga.a(VSYNC.o)
 .comment       0x00000000       0x71 .\CortexM3\ARM_GCC_493\Debug\vga.a(HSYNC.o)
 .comment       0x00000000       0x71 .\CortexM3\ARM_GCC_493\Debug\vga.a(UART.o)
 .comment       0x00000000       0x71 .\CortexM3\ARM_GCC_493\Debug\vga.a(UART_IntClock.o)
 .comment       0x00000000       0x71 .\CortexM3\ARM_GCC_493\Debug\vga.a(CyDmac.o)
 .comment       0x00000000       0x71 .\CortexM3\ARM_GCC_493\Debug\vga.a(CyLib.o)
 .comment       0x00000000       0x71 .\CortexM3\ARM_GCC_493\Debug\vga.a(cyPm.o)
 .comment       0x00000000       0x71 .\CortexM3\ARM_GCC_493\Debug\vga.a(CyFlash.o)
 .comment       0x00000000       0x71 .\CortexM3\ARM_GCC_493\Debug\vga.a(CySpc.o)

.debug_weaknames
 *(.debug_weaknames)

.debug_funcnames
 *(.debug_funcnames)

.debug_typenames
 *(.debug_typenames)

.debug_varnames
 *(.debug_varnames)

.note.gnu.arm.ident
 *(.note.gnu.arm.ident)

.ARM.attributes
                0x00000000       0x29
 *(.ARM.attributes)
 .ARM.attributes
                0x00000000       0x1d c:/program files (x86)/cypress/psoc creator/3.3/psoc creator/import/gnu/arm/4.9.3/bin/../lib/gcc/arm-none-eabi/4.9.3/armv7-m/crti.o
 .ARM.attributes
                0x0000001d       0x2d c:/program files (x86)/cypress/psoc creator/3.3/psoc creator/import/gnu/arm/4.9.3/bin/../lib/gcc/arm-none-eabi/4.9.3/armv7-m/crtbegin.o
 .ARM.attributes
                0x0000004a       0x1b c:/program files (x86)/cypress/psoc creator/3.3/psoc creator/import/gnu/arm/4.9.3/bin/../lib/gcc/arm-none-eabi/4.9.3/../../../../arm-none-eabi/lib/armv7-m/crt0.o
 .ARM.attributes
                0x00000065       0x33 .\CortexM3\ARM_GCC_493\Debug\main.o
 .ARM.attributes
                0x00000098       0x33 .\CortexM3\ARM_GCC_493\Debug\draw.o
 .ARM.attributes
                0x000000cb       0x33 .\CortexM3\ARM_GCC_493\Debug\cymetadata.o
 .ARM.attributes
                0x000000fe       0x33 .\CortexM3\ARM_GCC_493\Debug\Cm3Start.o
 .ARM.attributes
                0x00000131       0x33 .\CortexM3\ARM_GCC_493\Debug\vga.a(cyfitter_cfg.o)
 .ARM.attributes
                0x00000164       0x33 .\CortexM3\ARM_GCC_493\Debug\vga.a(VERT.o)
 .ARM.attributes
                0x00000197       0x33 .\CortexM3\ARM_GCC_493\Debug\vga.a(HORIZ.o)
 .ARM.attributes
                0x000001ca       0x33 .\CortexM3\ARM_GCC_493\Debug\vga.a(DMA_dma.o)
 .ARM.attributes
                0x000001fd       0x33 .\CortexM3\ARM_GCC_493\Debug\vga.a(NEWLINE.o)
 .ARM.attributes
                0x00000230       0x33 .\CortexM3\ARM_GCC_493\Debug\vga.a(VSYNC.o)
 .ARM.attributes
                0x00000263       0x33 .\CortexM3\ARM_GCC_493\Debug\vga.a(HSYNC.o)
 .ARM.attributes
                0x00000296       0x33 .\CortexM3\ARM_GCC_493\Debug\vga.a(UART.o)
 .ARM.attributes
                0x000002c9       0x33 .\CortexM3\ARM_GCC_493\Debug\vga.a(UART_IntClock.o)
 .ARM.attributes
                0x000002fc       0x21 .\CortexM3\ARM_GCC_493\Debug\vga.a(CyBootAsmGnu.o)
 .ARM.attributes
                0x0000031d       0x33 .\CortexM3\ARM_GCC_493\Debug\vga.a(CyDmac.o)
 .ARM.attributes
                0x00000350       0x33 .\CortexM3\ARM_GCC_493\Debug\vga.a(CyLib.o)
 .ARM.attributes
                0x00000383       0x33 .\CortexM3\ARM_GCC_493\Debug\vga.a(cyPm.o)
 .ARM.attributes
                0x000003b6       0x33 .\CortexM3\ARM_GCC_493\Debug\vga.a(CyFlash.o)
 .ARM.attributes
                0x000003e9       0x33 .\CortexM3\ARM_GCC_493\Debug\vga.a(CySpc.o)
 .ARM.attributes
                0x0000041c       0x2d c:/program files (x86)/cypress/psoc creator/3.3/psoc creator/import/gnu/arm/4.9.3/bin/../lib/gcc/arm-none-eabi/4.9.3/../../../../arm-none-eabi/lib/armv7-m\libg_nano.a(lib_a-exit.o)
 .ARM.attributes
                0x00000449       0x2d c:/program files (x86)/cypress/psoc creator/3.3/psoc creator/import/gnu/arm/4.9.3/bin/../lib/gcc/arm-none-eabi/4.9.3/../../../../arm-none-eabi/lib/armv7-m\libg_nano.a(lib_a-impure.o)
 .ARM.attributes
                0x00000476       0x2d c:/program files (x86)/cypress/psoc creator/3.3/psoc creator/import/gnu/arm/4.9.3/bin/../lib/gcc/arm-none-eabi/4.9.3/../../../../arm-none-eabi/lib/armv7-m\libg_nano.a(lib_a-init.o)
 .ARM.attributes
                0x000004a3       0x2d c:/program files (x86)/cypress/psoc creator/3.3/psoc creator/import/gnu/arm/4.9.3/bin/../lib/gcc/arm-none-eabi/4.9.3/../../../../arm-none-eabi/lib/armv7-m\libg_nano.a(lib_a-memcpy.o)
 .ARM.attributes
                0x000004d0       0x2d c:/program files (x86)/cypress/psoc creator/3.3/psoc creator/import/gnu/arm/4.9.3/bin/../lib/gcc/arm-none-eabi/4.9.3/../../../../arm-none-eabi/lib/armv7-m\libg_nano.a(lib_a-memset.o)
 .ARM.attributes
                0x000004fd       0x2d c:/program files (x86)/cypress/psoc creator/3.3/psoc creator/import/gnu/arm/4.9.3/bin/../lib/gcc/arm-none-eabi/4.9.3/armv7-m/crtend.o
 .ARM.attributes
                0x0000052a       0x1d c:/program files (x86)/cypress/psoc creator/3.3/psoc creator/import/gnu/arm/4.9.3/bin/../lib/gcc/arm-none-eabi/4.9.3/armv7-m/crtn.o

/DISCARD/
 *(.note.GNU-stack)
OUTPUT(.\CortexM3\ARM_GCC_493\Debug\vga.elf elf32-littlearm)
