Archive member included because of file (symbol)

.\CortexM3\ARM_GCC_493\Debug\vga.a(cyfitter_cfg.o)
                              .\CortexM3\ARM_GCC_493\Debug\Cm3Start.o (cyfitter_cfg)
.\CortexM3\ARM_GCC_493\Debug\vga.a(VERT.o)
                              .\CortexM3\ARM_GCC_493\Debug\main.o (VERT_Start)
.\CortexM3\ARM_GCC_493\Debug\vga.a(HORIZ.o)
                              .\CortexM3\ARM_GCC_493\Debug\main.o (HORIZ_Start)
.\CortexM3\ARM_GCC_493\Debug\vga.a(DMA_dma.o)
                              .\CortexM3\ARM_GCC_493\Debug\main.o (DMA_DmaInitialize)
.\CortexM3\ARM_GCC_493\Debug\vga.a(NEWLINE.o)
                              .\CortexM3\ARM_GCC_493\Debug\main.o (NEWLINE_SetPriority)
.\CortexM3\ARM_GCC_493\Debug\vga.a(VSYNC.o)
                              .\CortexM3\ARM_GCC_493\Debug\main.o (VSYNC_Start)
.\CortexM3\ARM_GCC_493\Debug\vga.a(HSYNC.o)
                              .\CortexM3\ARM_GCC_493\Debug\main.o (HSYNC_Start)
.\CortexM3\ARM_GCC_493\Debug\vga.a(CyBootAsmGnu.o)
                              .\CortexM3\ARM_GCC_493\Debug\vga.a(cyfitter_cfg.o) (CyDelayCycles)
.\CortexM3\ARM_GCC_493\Debug\vga.a(CyDmac.o)
                              .\CortexM3\ARM_GCC_493\Debug\Cm3Start.o (CyDmacConfigure)
.\CortexM3\ARM_GCC_493\Debug\vga.a(CyLib.o)
                              .\CortexM3\ARM_GCC_493\Debug\Cm3Start.o (CyResetStatus)
.\CortexM3\ARM_GCC_493\Debug\vga.a(cyPm.o)
                              .\CortexM3\ARM_GCC_493\Debug\vga.a(CyLib.o) (CyPmReadStatus)
.\CortexM3\ARM_GCC_493\Debug\vga.a(UART_1.o)
                              .\CortexM3\ARM_GCC_493\Debug\main.o (UART_1_Start)
.\CortexM3\ARM_GCC_493\Debug\vga.a(Timer_1.o)
                              .\CortexM3\ARM_GCC_493\Debug\main.o (Timer_1_Start)
.\CortexM3\ARM_GCC_493\Debug\vga.a(ISR_1.o)
                              .\CortexM3\ARM_GCC_493\Debug\main.o (ISR_1_SetPriority)
.\CortexM3\ARM_GCC_493\Debug\vga.a(UART_1_IntClock.o)
                              .\CortexM3\ARM_GCC_493\Debug\vga.a(UART_1.o) (UART_1_IntClock_Start)
.\CortexM3\ARM_GCC_493\Debug\vga.a(CyFlash.o)
                              .\CortexM3\ARM_GCC_493\Debug\vga.a(cyPm.o) (CyFlash_SetWaitCycles)
.\CortexM3\ARM_GCC_493\Debug\vga.a(CySpc.o)
                              .\CortexM3\ARM_GCC_493\Debug\vga.a(CyFlash.o) (CySpcStart)
c:/program files (x86)/cypress/psoc creator/3.3/psoc creator/import/gnu/arm/4.9.3/bin/../lib/gcc/arm-none-eabi/4.9.3/../../../../arm-none-eabi/lib/armv7-m\libg_nano.a(lib_a-exit.o)
                              c:/program files (x86)/cypress/psoc creator/3.3/psoc creator/import/gnu/arm/4.9.3/bin/../lib/gcc/arm-none-eabi/4.9.3/../../../../arm-none-eabi/lib/armv7-m/crt0.o (exit)
c:/program files (x86)/cypress/psoc creator/3.3/psoc creator/import/gnu/arm/4.9.3/bin/../lib/gcc/arm-none-eabi/4.9.3/../../../../arm-none-eabi/lib/armv7-m\libg_nano.a(lib_a-impure.o)
                              c:/program files (x86)/cypress/psoc creator/3.3/psoc creator/import/gnu/arm/4.9.3/bin/../lib/gcc/arm-none-eabi/4.9.3/../../../../arm-none-eabi/lib/armv7-m\libg_nano.a(lib_a-exit.o) (_global_impure_ptr)
c:/program files (x86)/cypress/psoc creator/3.3/psoc creator/import/gnu/arm/4.9.3/bin/../lib/gcc/arm-none-eabi/4.9.3/../../../../arm-none-eabi/lib/armv7-m\libg_nano.a(lib_a-init.o)
                              c:/program files (x86)/cypress/psoc creator/3.3/psoc creator/import/gnu/arm/4.9.3/bin/../lib/gcc/arm-none-eabi/4.9.3/../../../../arm-none-eabi/lib/armv7-m/crt0.o (__libc_init_array)
c:/program files (x86)/cypress/psoc creator/3.3/psoc creator/import/gnu/arm/4.9.3/bin/../lib/gcc/arm-none-eabi/4.9.3/../../../../arm-none-eabi/lib/armv7-m\libg_nano.a(lib_a-memcpy.o)
                              .\CortexM3\ARM_GCC_493\Debug\main.o (memcpy)
c:/program files (x86)/cypress/psoc creator/3.3/psoc creator/import/gnu/arm/4.9.3/bin/../lib/gcc/arm-none-eabi/4.9.3/../../../../arm-none-eabi/lib/armv7-m\libg_nano.a(lib_a-memset.o)
                              c:/program files (x86)/cypress/psoc creator/3.3/psoc creator/import/gnu/arm/4.9.3/bin/../lib/gcc/arm-none-eabi/4.9.3/../../../../arm-none-eabi/lib/armv7-m/crt0.o (memset)

Allocating common symbols
Common symbol       size              file

dma_chan            0x1               .\CortexM3\ARM_GCC_493\Debug\main.o
dma_td              0x1               .\CortexM3\ARM_GCC_493\Debug\main.o
buf                 0x3000            .\CortexM3\ARM_GCC_493\Debug\main.o
dieTemperature      0x2               .\CortexM3\ARM_GCC_493\Debug\vga.a(CyFlash.o)

Discarded input sections

 .text          0x00000000        0x0 c:/program files (x86)/cypress/psoc creator/3.3/psoc creator/import/gnu/arm/4.9.3/bin/../lib/gcc/arm-none-eabi/4.9.3/armv7-m/crti.o
 .data          0x00000000        0x0 c:/program files (x86)/cypress/psoc creator/3.3/psoc creator/import/gnu/arm/4.9.3/bin/../lib/gcc/arm-none-eabi/4.9.3/armv7-m/crti.o
 .bss           0x00000000        0x0 c:/program files (x86)/cypress/psoc creator/3.3/psoc creator/import/gnu/arm/4.9.3/bin/../lib/gcc/arm-none-eabi/4.9.3/armv7-m/crti.o
 .data          0x00000000        0x4 c:/program files (x86)/cypress/psoc creator/3.3/psoc creator/import/gnu/arm/4.9.3/bin/../lib/gcc/arm-none-eabi/4.9.3/armv7-m/crtbegin.o
 .text          0x00000000       0x74 c:/program files (x86)/cypress/psoc creator/3.3/psoc creator/import/gnu/arm/4.9.3/bin/../lib/gcc/arm-none-eabi/4.9.3/../../../../arm-none-eabi/lib/armv7-m/crt0.o
 .data          0x00000000        0x0 c:/program files (x86)/cypress/psoc creator/3.3/psoc creator/import/gnu/arm/4.9.3/bin/../lib/gcc/arm-none-eabi/4.9.3/../../../../arm-none-eabi/lib/armv7-m/crt0.o
 .bss           0x00000000        0x0 c:/program files (x86)/cypress/psoc creator/3.3/psoc creator/import/gnu/arm/4.9.3/bin/../lib/gcc/arm-none-eabi/4.9.3/../../../../arm-none-eabi/lib/armv7-m/crt0.o
 .ARM.extab     0x00000000        0x0 c:/program files (x86)/cypress/psoc creator/3.3/psoc creator/import/gnu/arm/4.9.3/bin/../lib/gcc/arm-none-eabi/4.9.3/../../../../arm-none-eabi/lib/armv7-m/crt0.o
 .ARM.exidx     0x00000000        0x8 c:/program files (x86)/cypress/psoc creator/3.3/psoc creator/import/gnu/arm/4.9.3/bin/../lib/gcc/arm-none-eabi/4.9.3/../../../../arm-none-eabi/lib/armv7-m/crt0.o
 .text          0x00000000        0x0 .\CortexM3\ARM_GCC_493\Debug\main.o
 .text.startscreen
                0x00000000       0x6c .\CortexM3\ARM_GCC_493\Debug\main.o
 .text          0x00000000        0x0 .\CortexM3\ARM_GCC_493\Debug\draw.o
 .data          0x00000000        0x0 .\CortexM3\ARM_GCC_493\Debug\draw.o
 .bss           0x00000000        0x0 .\CortexM3\ARM_GCC_493\Debug\draw.o
 .text.test     0x00000000       0x1c .\CortexM3\ARM_GCC_493\Debug\draw.o
 .text          0x00000000        0x0 .\CortexM3\ARM_GCC_493\Debug\cymetadata.o
 .data          0x00000000        0x0 .\CortexM3\ARM_GCC_493\Debug\cymetadata.o
 .bss           0x00000000        0x0 .\CortexM3\ARM_GCC_493\Debug\cymetadata.o
 .text          0x00000000        0x0 .\CortexM3\ARM_GCC_493\Debug\Cm3Start.o
 .data          0x00000000        0x0 .\CortexM3\ARM_GCC_493\Debug\Cm3Start.o
 .bss           0x00000000        0x0 .\CortexM3\ARM_GCC_493\Debug\Cm3Start.o
 .text._exit    0x00000000       0x28 .\CortexM3\ARM_GCC_493\Debug\Cm3Start.o
 .text          0x00000000        0x0 .\CortexM3\ARM_GCC_493\Debug\vga.a(cyfitter_cfg.o)
 .data          0x00000000        0x0 .\CortexM3\ARM_GCC_493\Debug\vga.a(cyfitter_cfg.o)
 .text.CYCONFIGCPYCODE
                0x00000000       0x1c .\CortexM3\ARM_GCC_493\Debug\vga.a(cyfitter_cfg.o)
 .text.SetAnalogRoutingPumps
                0x00000000       0x28 .\CortexM3\ARM_GCC_493\Debug\vga.a(cyfitter_cfg.o)
 .text          0x00000000        0x0 .\CortexM3\ARM_GCC_493\Debug\vga.a(VERT.o)
 .data          0x00000000        0x0 .\CortexM3\ARM_GCC_493\Debug\vga.a(VERT.o)
 .text.VERT_Stop
                0x00000000       0x20 .\CortexM3\ARM_GCC_493\Debug\vga.a(VERT.o)
 .text.VERT_ReadControlRegister
                0x00000000       0x20 .\CortexM3\ARM_GCC_493\Debug\vga.a(VERT.o)
 .text.VERT_WriteControlRegister
                0x00000000       0x20 .\CortexM3\ARM_GCC_493\Debug\vga.a(VERT.o)
 .text.VERT_ReadCapture
                0x00000000       0x18 .\CortexM3\ARM_GCC_493\Debug\vga.a(VERT.o)
 .text.VERT_ReadCompare
                0x00000000       0x18 .\CortexM3\ARM_GCC_493\Debug\vga.a(VERT.o)
 .text.VERT_ReadPeriod
                0x00000000       0x18 .\CortexM3\ARM_GCC_493\Debug\vga.a(VERT.o)
 .text          0x00000000        0x0 .\CortexM3\ARM_GCC_493\Debug\vga.a(HORIZ.o)
 .data          0x00000000        0x0 .\CortexM3\ARM_GCC_493\Debug\vga.a(HORIZ.o)
 .text.HORIZ_Stop
                0x00000000       0x20 .\CortexM3\ARM_GCC_493\Debug\vga.a(HORIZ.o)
 .text.HORIZ_ReadCounter
                0x00000000       0x20 .\CortexM3\ARM_GCC_493\Debug\vga.a(HORIZ.o)
 .text.HORIZ_ReadControlRegister
                0x00000000       0x20 .\CortexM3\ARM_GCC_493\Debug\vga.a(HORIZ.o)
 .text.HORIZ_WriteControlRegister
                0x00000000       0x20 .\CortexM3\ARM_GCC_493\Debug\vga.a(HORIZ.o)
 .text.HORIZ_ReadCapture
                0x00000000       0x18 .\CortexM3\ARM_GCC_493\Debug\vga.a(HORIZ.o)
 .text.HORIZ_ReadCompare1
                0x00000000       0x18 .\CortexM3\ARM_GCC_493\Debug\vga.a(HORIZ.o)
 .text.HORIZ_ReadCompare2
                0x00000000       0x18 .\CortexM3\ARM_GCC_493\Debug\vga.a(HORIZ.o)
 .text.HORIZ_ReadPeriod
                0x00000000       0x18 .\CortexM3\ARM_GCC_493\Debug\vga.a(HORIZ.o)
 .text          0x00000000        0x0 .\CortexM3\ARM_GCC_493\Debug\vga.a(DMA_dma.o)
 .bss           0x00000000        0x0 .\CortexM3\ARM_GCC_493\Debug\vga.a(DMA_dma.o)
 .text.DMA_DmaRelease
                0x00000000       0x14 .\CortexM3\ARM_GCC_493\Debug\vga.a(DMA_dma.o)
 .text          0x00000000        0x0 .\CortexM3\ARM_GCC_493\Debug\vga.a(NEWLINE.o)
 .data          0x00000000        0x0 .\CortexM3\ARM_GCC_493\Debug\vga.a(NEWLINE.o)
 .bss           0x00000000        0x0 .\CortexM3\ARM_GCC_493\Debug\vga.a(NEWLINE.o)
 .text.NEWLINE_Start
                0x00000000       0x20 .\CortexM3\ARM_GCC_493\Debug\vga.a(NEWLINE.o)
 .text.NEWLINE_Stop
                0x00000000       0x14 .\CortexM3\ARM_GCC_493\Debug\vga.a(NEWLINE.o)
 .text.NEWLINE_Interrupt
                0x00000000        0xc .\CortexM3\ARM_GCC_493\Debug\vga.a(NEWLINE.o)
 .text.NEWLINE_GetVector
                0x00000000       0x20 .\CortexM3\ARM_GCC_493\Debug\vga.a(NEWLINE.o)
 .text.NEWLINE_GetPriority
                0x00000000       0x24 .\CortexM3\ARM_GCC_493\Debug\vga.a(NEWLINE.o)
 .text.NEWLINE_GetState
                0x00000000       0x20 .\CortexM3\ARM_GCC_493\Debug\vga.a(NEWLINE.o)
 .text.NEWLINE_SetPending
                0x00000000       0x18 .\CortexM3\ARM_GCC_493\Debug\vga.a(NEWLINE.o)
 .text.NEWLINE_ClearPending
                0x00000000       0x18 .\CortexM3\ARM_GCC_493\Debug\vga.a(NEWLINE.o)
 .text          0x00000000        0x0 .\CortexM3\ARM_GCC_493\Debug\vga.a(VSYNC.o)
 .data          0x00000000        0x0 .\CortexM3\ARM_GCC_493\Debug\vga.a(VSYNC.o)
 .text.VSYNC_Stop
                0x00000000       0x20 .\CortexM3\ARM_GCC_493\Debug\vga.a(VSYNC.o)
 .text.VSYNC_ReadCounter
                0x00000000       0x20 .\CortexM3\ARM_GCC_493\Debug\vga.a(VSYNC.o)
 .text.VSYNC_ReadControlRegister
                0x00000000       0x20 .\CortexM3\ARM_GCC_493\Debug\vga.a(VSYNC.o)
 .text.VSYNC_WriteControlRegister
                0x00000000       0x20 .\CortexM3\ARM_GCC_493\Debug\vga.a(VSYNC.o)
 .text.VSYNC_ReadCapture
                0x00000000       0x18 .\CortexM3\ARM_GCC_493\Debug\vga.a(VSYNC.o)
 .text.VSYNC_ReadCompare
                0x00000000       0x18 .\CortexM3\ARM_GCC_493\Debug\vga.a(VSYNC.o)
 .text.VSYNC_ReadPeriod
                0x00000000       0x18 .\CortexM3\ARM_GCC_493\Debug\vga.a(VSYNC.o)
 .text          0x00000000        0x0 .\CortexM3\ARM_GCC_493\Debug\vga.a(HSYNC.o)
 .data          0x00000000        0x0 .\CortexM3\ARM_GCC_493\Debug\vga.a(HSYNC.o)
 .text.HSYNC_Stop
                0x00000000       0x20 .\CortexM3\ARM_GCC_493\Debug\vga.a(HSYNC.o)
 .text.HSYNC_ReadCounter
                0x00000000       0x20 .\CortexM3\ARM_GCC_493\Debug\vga.a(HSYNC.o)
 .text.HSYNC_ReadControlRegister
                0x00000000       0x20 .\CortexM3\ARM_GCC_493\Debug\vga.a(HSYNC.o)
 .text.HSYNC_WriteControlRegister
                0x00000000       0x20 .\CortexM3\ARM_GCC_493\Debug\vga.a(HSYNC.o)
 .text.HSYNC_ReadCapture
                0x00000000       0x18 .\CortexM3\ARM_GCC_493\Debug\vga.a(HSYNC.o)
 .text.HSYNC_ReadCompare
                0x00000000       0x18 .\CortexM3\ARM_GCC_493\Debug\vga.a(HSYNC.o)
 .text.HSYNC_ReadPeriod
                0x00000000       0x18 .\CortexM3\ARM_GCC_493\Debug\vga.a(HSYNC.o)
 .data          0x00000000        0x0 .\CortexM3\ARM_GCC_493\Debug\vga.a(CyBootAsmGnu.o)
 .bss           0x00000000        0x0 .\CortexM3\ARM_GCC_493\Debug\vga.a(CyBootAsmGnu.o)
 .text          0x00000000        0x0 .\CortexM3\ARM_GCC_493\Debug\vga.a(CyDmac.o)
 .bss           0x00000000        0x0 .\CortexM3\ARM_GCC_493\Debug\vga.a(CyDmac.o)
 .text.CyDmacError
                0x00000000       0x20 .\CortexM3\ARM_GCC_493\Debug\vga.a(CyDmac.o)
 .text.CyDmacClearError
                0x00000000       0x24 .\CortexM3\ARM_GCC_493\Debug\vga.a(CyDmac.o)
 .text.CyDmacErrorAddress
                0x00000000       0x18 .\CortexM3\ARM_GCC_493\Debug\vga.a(CyDmac.o)
 .text.CyDmaChAlloc
                0x00000000       0x64 .\CortexM3\ARM_GCC_493\Debug\vga.a(CyDmac.o)
 .text.CyDmaChFree
                0x00000000       0x4c .\CortexM3\ARM_GCC_493\Debug\vga.a(CyDmac.o)
 .text.CyDmaClearPendingDrq
                0x00000000       0x64 .\CortexM3\ARM_GCC_493\Debug\vga.a(CyDmac.o)
 .text.CyDmaChSetRequest
                0x00000000       0x58 .\CortexM3\ARM_GCC_493\Debug\vga.a(CyDmac.o)
 .text.CyDmaChGetRequest
                0x00000000       0x38 .\CortexM3\ARM_GCC_493\Debug\vga.a(CyDmac.o)
 .text.CyDmaChStatus
                0x00000000       0x60 .\CortexM3\ARM_GCC_493\Debug\vga.a(CyDmac.o)
 .text.CyDmaTdFree
                0x00000000       0x54 .\CortexM3\ARM_GCC_493\Debug\vga.a(CyDmac.o)
 .text.CyDmaTdFreeCount
                0x00000000       0x1c .\CortexM3\ARM_GCC_493\Debug\vga.a(CyDmac.o)
 .text.CyDmaTdGetConfiguration
                0x00000000       0x88 .\CortexM3\ARM_GCC_493\Debug\vga.a(CyDmac.o)
 .text.CyDmaTdGetAddress
                0x00000000       0x6c .\CortexM3\ARM_GCC_493\Debug\vga.a(CyDmac.o)
 .text.CyDmaChRoundRobin
                0x00000000       0x70 .\CortexM3\ARM_GCC_493\Debug\vga.a(CyDmac.o)
 .text          0x00000000        0x0 .\CortexM3\ARM_GCC_493\Debug\vga.a(CyLib.o)
 .data          0x00000000       0x10 .\CortexM3\ARM_GCC_493\Debug\vga.a(CyLib.o)
 .bss           0x00000000        0x0 .\CortexM3\ARM_GCC_493\Debug\vga.a(CyLib.o)
 .text.CyPLL_OUT_Start
                0x00000000       0xb0 .\CortexM3\ARM_GCC_493\Debug\vga.a(CyLib.o)
 .text.CyPLL_OUT_Stop
                0x00000000       0x20 .\CortexM3\ARM_GCC_493\Debug\vga.a(CyLib.o)
 .text.CyPLL_OUT_SetPQ
                0x00000000       0x90 .\CortexM3\ARM_GCC_493\Debug\vga.a(CyLib.o)
 .text.CyPLL_OUT_SetSource
                0x00000000       0x54 .\CortexM3\ARM_GCC_493\Debug\vga.a(CyLib.o)
 .text.CyIMO_Start
                0x00000000       0x94 .\CortexM3\ARM_GCC_493\Debug\vga.a(CyLib.o)
 .text.CyIMO_Stop
                0x00000000       0x34 .\CortexM3\ARM_GCC_493\Debug\vga.a(CyLib.o)
 .text.CyUSB_PowerOnCheck
                0x00000000       0x60 .\CortexM3\ARM_GCC_493\Debug\vga.a(CyLib.o)
 .text.CyIMO_SetTrimValue
                0x00000000      0x108 .\CortexM3\ARM_GCC_493\Debug\vga.a(CyLib.o)
 .text.CyIMO_SetFreq
                0x00000000      0x1ac .\CortexM3\ARM_GCC_493\Debug\vga.a(CyLib.o)
 .text.CyIMO_SetSource
                0x00000000       0x8c .\CortexM3\ARM_GCC_493\Debug\vga.a(CyLib.o)
 .text.CyIMO_EnableDoubler
                0x00000000       0x20 .\CortexM3\ARM_GCC_493\Debug\vga.a(CyLib.o)
 .text.CyIMO_DisableDoubler
                0x00000000       0x20 .\CortexM3\ARM_GCC_493\Debug\vga.a(CyLib.o)
 .text.CyMasterClk_SetSource
                0x00000000       0x34 .\CortexM3\ARM_GCC_493\Debug\vga.a(CyLib.o)
 .text.CyMasterClk_SetDivider
                0x00000000       0x20 .\CortexM3\ARM_GCC_493\Debug\vga.a(CyLib.o)
 .text.CyBusClk_Internal_SetDivider
                0x00000000       0x78 .\CortexM3\ARM_GCC_493\Debug\vga.a(CyLib.o)
 .text.CyBusClk_SetDivider
                0x00000000       0xb4 .\CortexM3\ARM_GCC_493\Debug\vga.a(CyLib.o)
 .text.CyUsbClk_SetSource
                0x00000000       0x34 .\CortexM3\ARM_GCC_493\Debug\vga.a(CyLib.o)
 .text.CyILO_Start1K
                0x00000000       0x20 .\CortexM3\ARM_GCC_493\Debug\vga.a(CyLib.o)
 .text.CyILO_Stop1K
                0x00000000       0x20 .\CortexM3\ARM_GCC_493\Debug\vga.a(CyLib.o)
 .text.CyILO_Start100K
                0x00000000       0x20 .\CortexM3\ARM_GCC_493\Debug\vga.a(CyLib.o)
 .text.CyILO_Stop100K
                0x00000000       0x20 .\CortexM3\ARM_GCC_493\Debug\vga.a(CyLib.o)
 .text.CyILO_Enable33K
                0x00000000       0x20 .\CortexM3\ARM_GCC_493\Debug\vga.a(CyLib.o)
 .text.CyILO_Disable33K
                0x00000000       0x20 .\CortexM3\ARM_GCC_493\Debug\vga.a(CyLib.o)
 .text.CyILO_SetSource
                0x00000000       0x38 .\CortexM3\ARM_GCC_493\Debug\vga.a(CyLib.o)
 .text.CyILO_SetPowerMode
                0x00000000       0x4c .\CortexM3\ARM_GCC_493\Debug\vga.a(CyLib.o)
 .text.CyXTAL_32KHZ_Start
                0x00000000       0x84 .\CortexM3\ARM_GCC_493\Debug\vga.a(CyLib.o)
 .text.CyXTAL_32KHZ_Stop
                0x00000000       0x50 .\CortexM3\ARM_GCC_493\Debug\vga.a(CyLib.o)
 .text.CyXTAL_32KHZ_ReadStatus
                0x00000000       0x20 .\CortexM3\ARM_GCC_493\Debug\vga.a(CyLib.o)
 .text.CyXTAL_32KHZ_SetPowerMode
                0x00000000       0xb4 .\CortexM3\ARM_GCC_493\Debug\vga.a(CyLib.o)
 .text.CyXTAL_Start
                0x00000000       0xd0 .\CortexM3\ARM_GCC_493\Debug\vga.a(CyLib.o)
 .text.CyXTAL_Stop
                0x00000000       0x20 .\CortexM3\ARM_GCC_493\Debug\vga.a(CyLib.o)
 .text.CyXTAL_EnableErrStatus
                0x00000000       0x20 .\CortexM3\ARM_GCC_493\Debug\vga.a(CyLib.o)
 .text.CyXTAL_DisableErrStatus
                0x00000000       0x20 .\CortexM3\ARM_GCC_493\Debug\vga.a(CyLib.o)
 .text.CyXTAL_ReadStatus
                0x00000000       0x28 .\CortexM3\ARM_GCC_493\Debug\vga.a(CyLib.o)
 .text.CyXTAL_EnableFaultRecovery
                0x00000000       0x20 .\CortexM3\ARM_GCC_493\Debug\vga.a(CyLib.o)
 .text.CyXTAL_DisableFaultRecovery
                0x00000000       0x20 .\CortexM3\ARM_GCC_493\Debug\vga.a(CyLib.o)
 .text.CyXTAL_SetStartup
                0x00000000       0x34 .\CortexM3\ARM_GCC_493\Debug\vga.a(CyLib.o)
 .text.CyXTAL_SetFbVoltage
                0x00000000       0x34 .\CortexM3\ARM_GCC_493\Debug\vga.a(CyLib.o)
 .text.CyXTAL_SetWdVoltage
                0x00000000       0x38 .\CortexM3\ARM_GCC_493\Debug\vga.a(CyLib.o)
 .text.CyHalt   0x00000000       0x18 .\CortexM3\ARM_GCC_493\Debug\vga.a(CyLib.o)
 .text.CySoftwareReset
                0x00000000       0x20 .\CortexM3\ARM_GCC_493\Debug\vga.a(CyLib.o)
 .text.CyDelay  0x00000000       0x44 .\CortexM3\ARM_GCC_493\Debug\vga.a(CyLib.o)
 .text.CyDelayUs
                0x00000000       0x24 .\CortexM3\ARM_GCC_493\Debug\vga.a(CyLib.o)
 .text.CyDelayFreq
                0x00000000       0x7c .\CortexM3\ARM_GCC_493\Debug\vga.a(CyLib.o)
 .text.CyWdtStart
                0x00000000       0x8c .\CortexM3\ARM_GCC_493\Debug\vga.a(CyLib.o)
 .text.CyWdtClear
                0x00000000       0x18 .\CortexM3\ARM_GCC_493\Debug\vga.a(CyLib.o)
 .text.CyVdLvDigitEnable
                0x00000000       0xb4 .\CortexM3\ARM_GCC_493\Debug\vga.a(CyLib.o)
 .text.CyVdLvAnalogEnable
                0x00000000       0xb0 .\CortexM3\ARM_GCC_493\Debug\vga.a(CyLib.o)
 .text.CyVdLvDigitDisable
                0x00000000       0x48 .\CortexM3\ARM_GCC_493\Debug\vga.a(CyLib.o)
 .text.CyVdLvAnalogDisable
                0x00000000       0x48 .\CortexM3\ARM_GCC_493\Debug\vga.a(CyLib.o)
 .text.CyVdHvAnalogEnable
                0x00000000       0x5c .\CortexM3\ARM_GCC_493\Debug\vga.a(CyLib.o)
 .text.CyVdHvAnalogDisable
                0x00000000       0x20 .\CortexM3\ARM_GCC_493\Debug\vga.a(CyLib.o)
 .text.CyVdStickyStatus
                0x00000000       0x38 .\CortexM3\ARM_GCC_493\Debug\vga.a(CyLib.o)
 .text.CyVdRealTimeStatus
                0x00000000       0x2c .\CortexM3\ARM_GCC_493\Debug\vga.a(CyLib.o)
 .text.CyDisableInts
                0x00000000       0x34 .\CortexM3\ARM_GCC_493\Debug\vga.a(CyLib.o)
 .text.CyEnableInts
                0x00000000       0x28 .\CortexM3\ARM_GCC_493\Debug\vga.a(CyLib.o)
 .text.CyFlushCache
                0x00000000       0x70 .\CortexM3\ARM_GCC_493\Debug\vga.a(CyLib.o)
 .text.CyIntSetSysVector
                0x00000000       0x4c .\CortexM3\ARM_GCC_493\Debug\vga.a(CyLib.o)
 .text.CyIntGetSysVector
                0x00000000       0x38 .\CortexM3\ARM_GCC_493\Debug\vga.a(CyLib.o)
 .text.CyIntSetVector
                0x00000000       0x50 .\CortexM3\ARM_GCC_493\Debug\vga.a(CyLib.o)
 .text.CyIntGetVector
                0x00000000       0x38 .\CortexM3\ARM_GCC_493\Debug\vga.a(CyLib.o)
 .text.CyIntSetPriority
                0x00000000       0x44 .\CortexM3\ARM_GCC_493\Debug\vga.a(CyLib.o)
 .text.CyIntGetPriority
                0x00000000       0x38 .\CortexM3\ARM_GCC_493\Debug\vga.a(CyLib.o)
 .text.CyIntGetState
                0x00000000       0x44 .\CortexM3\ARM_GCC_493\Debug\vga.a(CyLib.o)
 .text          0x00000000        0x0 .\CortexM3\ARM_GCC_493\Debug\vga.a(cyPm.o)
 .data          0x00000000        0x0 .\CortexM3\ARM_GCC_493\Debug\vga.a(cyPm.o)
 .bss           0x00000000       0x44 .\CortexM3\ARM_GCC_493\Debug\vga.a(cyPm.o)
 .rodata        0x00000000       0x10 .\CortexM3\ARM_GCC_493\Debug\vga.a(cyPm.o)
 .text.CyPmSaveClocks
                0x00000000      0x23c .\CortexM3\ARM_GCC_493\Debug\vga.a(cyPm.o)
 .text.CyPmRestoreClocks
                0x00000000      0x2c4 .\CortexM3\ARM_GCC_493\Debug\vga.a(cyPm.o)
 .text.CyPmAltAct
                0x00000000       0xb8 .\CortexM3\ARM_GCC_493\Debug\vga.a(cyPm.o)
 .text.CyPmSleep
                0x00000000      0x170 .\CortexM3\ARM_GCC_493\Debug\vga.a(cyPm.o)
 .text.CyPmHibernate
                0x00000000      0x140 .\CortexM3\ARM_GCC_493\Debug\vga.a(cyPm.o)
 .text.CyPmReadStatus
                0x00000000       0x58 .\CortexM3\ARM_GCC_493\Debug\vga.a(cyPm.o)
 .text.CyPmHibSaveSet
                0x00000000       0xd4 .\CortexM3\ARM_GCC_493\Debug\vga.a(cyPm.o)
 .text.CyPmHibRestore
                0x00000000       0x68 .\CortexM3\ARM_GCC_493\Debug\vga.a(cyPm.o)
 .text.CyPmCtwSetInterval
                0x00000000       0x90 .\CortexM3\ARM_GCC_493\Debug\vga.a(cyPm.o)
 .text.CyPmOppsSet
                0x00000000       0x40 .\CortexM3\ARM_GCC_493\Debug\vga.a(cyPm.o)
 .text.CyPmFtwSetInterval
                0x00000000       0x90 .\CortexM3\ARM_GCC_493\Debug\vga.a(cyPm.o)
 .text.CyPmHibSlpSaveSet
                0x00000000      0x280 .\CortexM3\ARM_GCC_493\Debug\vga.a(cyPm.o)
 .text.CyPmHibSlpRestore
                0x00000000      0x188 .\CortexM3\ARM_GCC_493\Debug\vga.a(cyPm.o)
 .text.CyPmHviLviSaveDisable
                0x00000000       0xd4 .\CortexM3\ARM_GCC_493\Debug\vga.a(cyPm.o)
 .text.CyPmHviLviRestore
                0x00000000       0x54 .\CortexM3\ARM_GCC_493\Debug\vga.a(cyPm.o)
 .text          0x00000000        0x0 .\CortexM3\ARM_GCC_493\Debug\vga.a(UART_1.o)
 .data          0x00000000        0x0 .\CortexM3\ARM_GCC_493\Debug\vga.a(UART_1.o)
 .text.UART_1_Stop
                0x00000000       0x5c .\CortexM3\ARM_GCC_493\Debug\vga.a(UART_1.o)
 .text.UART_1_ReadControlRegister
                0x00000000       0x10 .\CortexM3\ARM_GCC_493\Debug\vga.a(UART_1.o)
 .text.UART_1_WriteControlRegister
                0x00000000       0x14 .\CortexM3\ARM_GCC_493\Debug\vga.a(UART_1.o)
 .text.UART_1_SetRxInterruptMode
                0x00000000       0x20 .\CortexM3\ARM_GCC_493\Debug\vga.a(UART_1.o)
 .text.UART_1_ReadRxData
                0x00000000       0x20 .\CortexM3\ARM_GCC_493\Debug\vga.a(UART_1.o)
 .text.UART_1_ReadRxStatus
                0x00000000       0x24 .\CortexM3\ARM_GCC_493\Debug\vga.a(UART_1.o)
 .text.UART_1_GetByte
                0x00000000       0x24 .\CortexM3\ARM_GCC_493\Debug\vga.a(UART_1.o)
 .text.UART_1_ClearRxBuffer
                0x00000000       0x40 .\CortexM3\ARM_GCC_493\Debug\vga.a(UART_1.o)
 .text.UART_1_SetRxAddressMode
                0x00000000       0x14 .\CortexM3\ARM_GCC_493\Debug\vga.a(UART_1.o)
 .text.UART_1_SetRxAddress1
                0x00000000       0x20 .\CortexM3\ARM_GCC_493\Debug\vga.a(UART_1.o)
 .text.UART_1_SetRxAddress2
                0x00000000       0x20 .\CortexM3\ARM_GCC_493\Debug\vga.a(UART_1.o)
 .text.UART_1_SetTxInterruptMode
                0x00000000       0x20 .\CortexM3\ARM_GCC_493\Debug\vga.a(UART_1.o)
 .text.UART_1_WriteTxData
                0x00000000       0x2c .\CortexM3\ARM_GCC_493\Debug\vga.a(UART_1.o)
 .text.UART_1_ReadTxStatus
                0x00000000       0x18 .\CortexM3\ARM_GCC_493\Debug\vga.a(UART_1.o)
 .text.UART_1_PutChar
                0x00000000       0x34 .\CortexM3\ARM_GCC_493\Debug\vga.a(UART_1.o)
 .text.UART_1_PutString
                0x00000000       0x40 .\CortexM3\ARM_GCC_493\Debug\vga.a(UART_1.o)
 .text.UART_1_PutArray
                0x00000000       0x40 .\CortexM3\ARM_GCC_493\Debug\vga.a(UART_1.o)
 .text.UART_1_PutCRLF
                0x00000000       0x30 .\CortexM3\ARM_GCC_493\Debug\vga.a(UART_1.o)
 .text.UART_1_GetTxBufferSize
                0x00000000       0x44 .\CortexM3\ARM_GCC_493\Debug\vga.a(UART_1.o)
 .text.UART_1_ClearTxBuffer
                0x00000000       0x40 .\CortexM3\ARM_GCC_493\Debug\vga.a(UART_1.o)
 .text.UART_1_SendBreak
                0x00000000       0x9c .\CortexM3\ARM_GCC_493\Debug\vga.a(UART_1.o)
 .text.UART_1_SetTxAddressMode
                0x00000000       0x14 .\CortexM3\ARM_GCC_493\Debug\vga.a(UART_1.o)
 .text          0x00000000        0x0 .\CortexM3\ARM_GCC_493\Debug\vga.a(Timer_1.o)
 .data          0x00000000        0x0 .\CortexM3\ARM_GCC_493\Debug\vga.a(Timer_1.o)
 .text.Timer_1_Stop
                0x00000000       0x48 .\CortexM3\ARM_GCC_493\Debug\vga.a(Timer_1.o)
 .text.Timer_1_SoftwareCapture
                0x00000000       0x14 .\CortexM3\ARM_GCC_493\Debug\vga.a(Timer_1.o)
 .text.Timer_1_ReadStatusRegister
                0x00000000       0x18 .\CortexM3\ARM_GCC_493\Debug\vga.a(Timer_1.o)
 .text.Timer_1_ReadControlRegister
                0x00000000       0x18 .\CortexM3\ARM_GCC_493\Debug\vga.a(Timer_1.o)
 .text.Timer_1_WriteControlRegister
                0x00000000       0x20 .\CortexM3\ARM_GCC_493\Debug\vga.a(Timer_1.o)
 .text.Timer_1_ReadPeriod
                0x00000000       0x1c .\CortexM3\ARM_GCC_493\Debug\vga.a(Timer_1.o)
 .text.Timer_1_ReadCapture
                0x00000000       0x1c .\CortexM3\ARM_GCC_493\Debug\vga.a(Timer_1.o)
 .text.Timer_1_ReadCounter
                0x00000000       0x24 .\CortexM3\ARM_GCC_493\Debug\vga.a(Timer_1.o)
 .text          0x00000000        0x0 .\CortexM3\ARM_GCC_493\Debug\vga.a(ISR_1.o)
 .data          0x00000000        0x0 .\CortexM3\ARM_GCC_493\Debug\vga.a(ISR_1.o)
 .bss           0x00000000        0x0 .\CortexM3\ARM_GCC_493\Debug\vga.a(ISR_1.o)
 .text.ISR_1_Start
                0x00000000       0x20 .\CortexM3\ARM_GCC_493\Debug\vga.a(ISR_1.o)
 .text.ISR_1_Stop
                0x00000000       0x14 .\CortexM3\ARM_GCC_493\Debug\vga.a(ISR_1.o)
 .text.ISR_1_Interrupt
                0x00000000        0xc .\CortexM3\ARM_GCC_493\Debug\vga.a(ISR_1.o)
 .text.ISR_1_GetVector
                0x00000000       0x24 .\CortexM3\ARM_GCC_493\Debug\vga.a(ISR_1.o)
 .text.ISR_1_GetPriority
                0x00000000       0x24 .\CortexM3\ARM_GCC_493\Debug\vga.a(ISR_1.o)
 .text.ISR_1_GetState
                0x00000000       0x24 .\CortexM3\ARM_GCC_493\Debug\vga.a(ISR_1.o)
 .text.ISR_1_SetPending
                0x00000000       0x18 .\CortexM3\ARM_GCC_493\Debug\vga.a(ISR_1.o)
 .text.ISR_1_ClearPending
                0x00000000       0x18 .\CortexM3\ARM_GCC_493\Debug\vga.a(ISR_1.o)
 .text          0x00000000        0x0 .\CortexM3\ARM_GCC_493\Debug\vga.a(UART_1_IntClock.o)
 .data          0x00000000        0x0 .\CortexM3\ARM_GCC_493\Debug\vga.a(UART_1_IntClock.o)
 .bss           0x00000000        0x0 .\CortexM3\ARM_GCC_493\Debug\vga.a(UART_1_IntClock.o)
 .text.UART_1_IntClock_Stop
                0x00000000       0x34 .\CortexM3\ARM_GCC_493\Debug\vga.a(UART_1_IntClock.o)
 .text.UART_1_IntClock_StopBlock
                0x00000000       0xb0 .\CortexM3\ARM_GCC_493\Debug\vga.a(UART_1_IntClock.o)
 .text.UART_1_IntClock_StandbyPower
                0x00000000       0x40 .\CortexM3\ARM_GCC_493\Debug\vga.a(UART_1_IntClock.o)
 .text.UART_1_IntClock_SetDividerRegister
                0x00000000      0x160 .\CortexM3\ARM_GCC_493\Debug\vga.a(UART_1_IntClock.o)
 .text.UART_1_IntClock_GetDividerRegister
                0x00000000       0x18 .\CortexM3\ARM_GCC_493\Debug\vga.a(UART_1_IntClock.o)
 .text.UART_1_IntClock_SetModeRegister
                0x00000000       0x34 .\CortexM3\ARM_GCC_493\Debug\vga.a(UART_1_IntClock.o)
 .text.UART_1_IntClock_ClearModeRegister
                0x00000000       0x34 .\CortexM3\ARM_GCC_493\Debug\vga.a(UART_1_IntClock.o)
 .text.UART_1_IntClock_GetModeRegister
                0x00000000       0x20 .\CortexM3\ARM_GCC_493\Debug\vga.a(UART_1_IntClock.o)
 .text.UART_1_IntClock_SetSourceRegister
                0x00000000       0xbc .\CortexM3\ARM_GCC_493\Debug\vga.a(UART_1_IntClock.o)
 .text.UART_1_IntClock_GetSourceRegister
                0x00000000       0x20 .\CortexM3\ARM_GCC_493\Debug\vga.a(UART_1_IntClock.o)
 .text          0x00000000        0x0 .\CortexM3\ARM_GCC_493\Debug\vga.a(CyFlash.o)
 .data          0x00000000        0x0 .\CortexM3\ARM_GCC_493\Debug\vga.a(CyFlash.o)
 .bss           0x00000000        0x4 .\CortexM3\ARM_GCC_493\Debug\vga.a(CyFlash.o)
 .text.CyFlash_Start
                0x00000000       0x34 .\CortexM3\ARM_GCC_493\Debug\vga.a(CyFlash.o)
 .text.CyFlash_Stop
                0x00000000       0x34 .\CortexM3\ARM_GCC_493\Debug\vga.a(CyFlash.o)
 .text.CySetTempInt
                0x00000000       0x7c .\CortexM3\ARM_GCC_493\Debug\vga.a(CyFlash.o)
 .text.CySetTemp
                0x00000000       0x24 .\CortexM3\ARM_GCC_493\Debug\vga.a(CyFlash.o)
 .text.CySetFlashEEBuffer
                0x00000000       0x44 .\CortexM3\ARM_GCC_493\Debug\vga.a(CyFlash.o)
 .text.CyWriteRowData
                0x00000000       0x9c .\CortexM3\ARM_GCC_493\Debug\vga.a(CyFlash.o)
 .text.CyWriteRowFull
                0x00000000       0xec .\CortexM3\ARM_GCC_493\Debug\vga.a(CyFlash.o)
 .text.CyFlash_SetWaitCycles
                0x00000000       0x90 .\CortexM3\ARM_GCC_493\Debug\vga.a(CyFlash.o)
 .text.CyEEPROM_Start
                0x00000000       0x34 .\CortexM3\ARM_GCC_493\Debug\vga.a(CyFlash.o)
 .text.CyEEPROM_Stop
                0x00000000       0x34 .\CortexM3\ARM_GCC_493\Debug\vga.a(CyFlash.o)
 .text.CyEEPROM_ReadReserve
                0x00000000       0x30 .\CortexM3\ARM_GCC_493\Debug\vga.a(CyFlash.o)
 .text.CyEEPROM_ReadRelease
                0x00000000       0x1c .\CortexM3\ARM_GCC_493\Debug\vga.a(CyFlash.o)
 COMMON         0x00000000        0x2 .\CortexM3\ARM_GCC_493\Debug\vga.a(CyFlash.o)
 .text          0x00000000        0x0 .\CortexM3\ARM_GCC_493\Debug\vga.a(CySpc.o)
 .data          0x00000000        0x0 .\CortexM3\ARM_GCC_493\Debug\vga.a(CySpc.o)
 .bss           0x00000000        0x8 .\CortexM3\ARM_GCC_493\Debug\vga.a(CySpc.o)
 .text.CySpcStart
                0x00000000       0x44 .\CortexM3\ARM_GCC_493\Debug\vga.a(CySpc.o)
 .text.CySpcStop
                0x00000000       0x44 .\CortexM3\ARM_GCC_493\Debug\vga.a(CySpc.o)
 .text.CySpcReadData
                0x00000000       0x58 .\CortexM3\ARM_GCC_493\Debug\vga.a(CySpc.o)
 .text.CySpcLoadMultiByte
                0x00000000       0xd4 .\CortexM3\ARM_GCC_493\Debug\vga.a(CySpc.o)
 .text.CySpcLoadRow
                0x00000000       0x8c .\CortexM3\ARM_GCC_493\Debug\vga.a(CySpc.o)
 .text.CySpcWriteRow
                0x00000000       0x98 .\CortexM3\ARM_GCC_493\Debug\vga.a(CySpc.o)
 .text.CySpcEraseSector
                0x00000000       0x70 .\CortexM3\ARM_GCC_493\Debug\vga.a(CySpc.o)
 .text.CySpcGetTemp
                0x00000000       0x64 .\CortexM3\ARM_GCC_493\Debug\vga.a(CySpc.o)
 .text.CySpcLock
                0x00000000       0x68 .\CortexM3\ARM_GCC_493\Debug\vga.a(CySpc.o)
 .text.CySpcUnlock
                0x00000000       0x50 .\CortexM3\ARM_GCC_493\Debug\vga.a(CySpc.o)
 .text          0x00000000        0x0 c:/program files (x86)/cypress/psoc creator/3.3/psoc creator/import/gnu/arm/4.9.3/bin/../lib/gcc/arm-none-eabi/4.9.3/../../../../arm-none-eabi/lib/armv7-m\libg_nano.a(lib_a-exit.o)
 .data          0x00000000        0x0 c:/program files (x86)/cypress/psoc creator/3.3/psoc creator/import/gnu/arm/4.9.3/bin/../lib/gcc/arm-none-eabi/4.9.3/../../../../arm-none-eabi/lib/armv7-m\libg_nano.a(lib_a-exit.o)
 .bss           0x00000000        0x0 c:/program files (x86)/cypress/psoc creator/3.3/psoc creator/import/gnu/arm/4.9.3/bin/../lib/gcc/arm-none-eabi/4.9.3/../../../../arm-none-eabi/lib/armv7-m\libg_nano.a(lib_a-exit.o)
 .text.exit     0x00000000       0x28 c:/program files (x86)/cypress/psoc creator/3.3/psoc creator/import/gnu/arm/4.9.3/bin/../lib/gcc/arm-none-eabi/4.9.3/../../../../arm-none-eabi/lib/armv7-m\libg_nano.a(lib_a-exit.o)
 .text          0x00000000        0x0 c:/program files (x86)/cypress/psoc creator/3.3/psoc creator/import/gnu/arm/4.9.3/bin/../lib/gcc/arm-none-eabi/4.9.3/../../../../arm-none-eabi/lib/armv7-m\libg_nano.a(lib_a-impure.o)
 .data          0x00000000        0x0 c:/program files (x86)/cypress/psoc creator/3.3/psoc creator/import/gnu/arm/4.9.3/bin/../lib/gcc/arm-none-eabi/4.9.3/../../../../arm-none-eabi/lib/armv7-m\libg_nano.a(lib_a-impure.o)
 .bss           0x00000000        0x0 c:/program files (x86)/cypress/psoc creator/3.3/psoc creator/import/gnu/arm/4.9.3/bin/../lib/gcc/arm-none-eabi/4.9.3/../../../../arm-none-eabi/lib/armv7-m\libg_nano.a(lib_a-impure.o)
 .data.impure_data
                0x00000000       0x60 c:/program files (x86)/cypress/psoc creator/3.3/psoc creator/import/gnu/arm/4.9.3/bin/../lib/gcc/arm-none-eabi/4.9.3/../../../../arm-none-eabi/lib/armv7-m\libg_nano.a(lib_a-impure.o)
 .data._impure_ptr
                0x00000000        0x4 c:/program files (x86)/cypress/psoc creator/3.3/psoc creator/import/gnu/arm/4.9.3/bin/../lib/gcc/arm-none-eabi/4.9.3/../../../../arm-none-eabi/lib/armv7-m\libg_nano.a(lib_a-impure.o)
 .rodata.str1.1
                0x00000000        0x2 c:/program files (x86)/cypress/psoc creator/3.3/psoc creator/import/gnu/arm/4.9.3/bin/../lib/gcc/arm-none-eabi/4.9.3/../../../../arm-none-eabi/lib/armv7-m\libg_nano.a(lib_a-impure.o)
 .rodata._global_impure_ptr
                0x00000000        0x4 c:/program files (x86)/cypress/psoc creator/3.3/psoc creator/import/gnu/arm/4.9.3/bin/../lib/gcc/arm-none-eabi/4.9.3/../../../../arm-none-eabi/lib/armv7-m\libg_nano.a(lib_a-impure.o)
 .text          0x00000000        0x0 c:/program files (x86)/cypress/psoc creator/3.3/psoc creator/import/gnu/arm/4.9.3/bin/../lib/gcc/arm-none-eabi/4.9.3/../../../../arm-none-eabi/lib/armv7-m\libg_nano.a(lib_a-init.o)
 .data          0x00000000        0x0 c:/program files (x86)/cypress/psoc creator/3.3/psoc creator/import/gnu/arm/4.9.3/bin/../lib/gcc/arm-none-eabi/4.9.3/../../../../arm-none-eabi/lib/armv7-m\libg_nano.a(lib_a-init.o)
 .bss           0x00000000        0x0 c:/program files (x86)/cypress/psoc creator/3.3/psoc creator/import/gnu/arm/4.9.3/bin/../lib/gcc/arm-none-eabi/4.9.3/../../../../arm-none-eabi/lib/armv7-m\libg_nano.a(lib_a-init.o)
 .text          0x00000000        0x0 c:/program files (x86)/cypress/psoc creator/3.3/psoc creator/import/gnu/arm/4.9.3/bin/../lib/gcc/arm-none-eabi/4.9.3/../../../../arm-none-eabi/lib/armv7-m\libg_nano.a(lib_a-memcpy.o)
 .data          0x00000000        0x0 c:/program files (x86)/cypress/psoc creator/3.3/psoc creator/import/gnu/arm/4.9.3/bin/../lib/gcc/arm-none-eabi/4.9.3/../../../../arm-none-eabi/lib/armv7-m\libg_nano.a(lib_a-memcpy.o)
 .bss           0x00000000        0x0 c:/program files (x86)/cypress/psoc creator/3.3/psoc creator/import/gnu/arm/4.9.3/bin/../lib/gcc/arm-none-eabi/4.9.3/../../../../arm-none-eabi/lib/armv7-m\libg_nano.a(lib_a-memcpy.o)
 .text          0x00000000        0x0 c:/program files (x86)/cypress/psoc creator/3.3/psoc creator/import/gnu/arm/4.9.3/bin/../lib/gcc/arm-none-eabi/4.9.3/../../../../arm-none-eabi/lib/armv7-m\libg_nano.a(lib_a-memset.o)
 .data          0x00000000        0x0 c:/program files (x86)/cypress/psoc creator/3.3/psoc creator/import/gnu/arm/4.9.3/bin/../lib/gcc/arm-none-eabi/4.9.3/../../../../arm-none-eabi/lib/armv7-m\libg_nano.a(lib_a-memset.o)
 .bss           0x00000000        0x0 c:/program files (x86)/cypress/psoc creator/3.3/psoc creator/import/gnu/arm/4.9.3/bin/../lib/gcc/arm-none-eabi/4.9.3/../../../../arm-none-eabi/lib/armv7-m\libg_nano.a(lib_a-memset.o)
 .text          0x00000000        0x0 c:/program files (x86)/cypress/psoc creator/3.3/psoc creator/import/gnu/arm/4.9.3/bin/../lib/gcc/arm-none-eabi/4.9.3/armv7-m/crtend.o
 .data          0x00000000        0x0 c:/program files (x86)/cypress/psoc creator/3.3/psoc creator/import/gnu/arm/4.9.3/bin/../lib/gcc/arm-none-eabi/4.9.3/armv7-m/crtend.o
 .bss           0x00000000        0x0 c:/program files (x86)/cypress/psoc creator/3.3/psoc creator/import/gnu/arm/4.9.3/bin/../lib/gcc/arm-none-eabi/4.9.3/armv7-m/crtend.o
 .text          0x00000000        0x0 c:/program files (x86)/cypress/psoc creator/3.3/psoc creator/import/gnu/arm/4.9.3/bin/../lib/gcc/arm-none-eabi/4.9.3/armv7-m/crtn.o
 .data          0x00000000        0x0 c:/program files (x86)/cypress/psoc creator/3.3/psoc creator/import/gnu/arm/4.9.3/bin/../lib/gcc/arm-none-eabi/4.9.3/armv7-m/crtn.o
 .bss           0x00000000        0x0 c:/program files (x86)/cypress/psoc creator/3.3/psoc creator/import/gnu/arm/4.9.3/bin/../lib/gcc/arm-none-eabi/4.9.3/armv7-m/crtn.o

Memory Configuration

Name             Origin             Length             Attributes
rom              0x00000000         0x00040000         xr
ram              0x1fff8000         0x00008000         xrw
vram             0x20000000         0x00008000         xrw
*default*        0x00000000         0xffffffff

Linker script and memory map

LOAD c:/program files (x86)/cypress/psoc creator/3.3/psoc creator/import/gnu/arm/4.9.3/bin/../lib/gcc/arm-none-eabi/4.9.3/armv7-m/crti.o
LOAD c:/program files (x86)/cypress/psoc creator/3.3/psoc creator/import/gnu/arm/4.9.3/bin/../lib/gcc/arm-none-eabi/4.9.3/armv7-m/crtbegin.o
LOAD c:/program files (x86)/cypress/psoc creator/3.3/psoc creator/import/gnu/arm/4.9.3/bin/../lib/gcc/arm-none-eabi/4.9.3/../../../../arm-none-eabi/lib/armv7-m/crt0.o
START GROUP
LOAD .\CortexM3\ARM_GCC_493\Debug\main.o
LOAD .\CortexM3\ARM_GCC_493\Debug\draw.o
LOAD .\CortexM3\ARM_GCC_493\Debug\cymetadata.o
LOAD .\CortexM3\ARM_GCC_493\Debug\Cm3Start.o
LOAD .\CortexM3\ARM_GCC_493\Debug\vga.a
LOAD C:\Program Files (x86)\Cypress\PSoC Creator\3.3\PSoC Creator\psoc\content\cycomponentlibrary\CyComponentLibrary.cylib\CortexM3\ARM_GCC_493\Debug\CyComponentLibrary.a
END GROUP
START GROUP
LOAD c:/program files (x86)/cypress/psoc creator/3.3/psoc creator/import/gnu/arm/4.9.3/bin/../lib/gcc/arm-none-eabi/4.9.3/armv7-m\libgcc.a
LOAD c:/program files (x86)/cypress/psoc creator/3.3/psoc creator/import/gnu/arm/4.9.3/bin/../lib/gcc/arm-none-eabi/4.9.3/../../../../arm-none-eabi/lib/armv7-m\libg_nano.a
LOAD c:/program files (x86)/cypress/psoc creator/3.3/psoc creator/import/gnu/arm/4.9.3/bin/../lib/gcc/arm-none-eabi/4.9.3/../../../../arm-none-eabi/lib/armv7-m\libc_nano.a
END GROUP
START GROUP
LOAD c:/program files (x86)/cypress/psoc creator/3.3/psoc creator/import/gnu/arm/4.9.3/bin/../lib/gcc/arm-none-eabi/4.9.3/armv7-m\libgcc.a
LOAD c:/program files (x86)/cypress/psoc creator/3.3/psoc creator/import/gnu/arm/4.9.3/bin/../lib/gcc/arm-none-eabi/4.9.3/../../../../arm-none-eabi/lib/armv7-m\libc_nano.a
END GROUP
LOAD c:/program files (x86)/cypress/psoc creator/3.3/psoc creator/import/gnu/arm/4.9.3/bin/../lib/gcc/arm-none-eabi/4.9.3/armv7-m/crtend.o
LOAD c:/program files (x86)/cypress/psoc creator/3.3/psoc creator/import/gnu/arm/4.9.3/bin/../lib/gcc/arm-none-eabi/4.9.3/armv7-m/crtn.o
START GROUP
LOAD c:/program files (x86)/cypress/psoc creator/3.3/psoc creator/import/gnu/arm/4.9.3/bin/../lib/gcc/arm-none-eabi/4.9.3/armv7-m\libgcc.a
LOAD c:/program files (x86)/cypress/psoc creator/3.3/psoc creator/import/gnu/arm/4.9.3/bin/../lib/gcc/arm-none-eabi/4.9.3/../../../../arm-none-eabi/lib/armv7-m\libc.a
LOAD c:/program files (x86)/cypress/psoc creator/3.3/psoc creator/import/gnu/arm/4.9.3/bin/../lib/gcc/arm-none-eabi/4.9.3/../../../../arm-none-eabi/lib/armv7-m\libnosys.a
END GROUP
                0x00000000                CY_APPL_ORIGIN = 0x0
                0x00000100                CY_FLASH_ROW_SIZE = 0x100
                0x00000020                CY_ECC_ROW_SIZE = 0x20
                0x00000000                CY_EE_IN_BTLDR = 0x0
                0x00000000                CY_APPL_LOADABLE = 0x0
                0x00000800                CY_EE_SIZE = 0x800
                0x00000001                CY_APPL_NUM = 0x1
                0x00000001                CY_APPL_MAX = 0x1
                0x00000040                CY_METADATA_SIZE = 0x40
                0x1fffb170                PROVIDE (__cy_heap_start, _end)
                0x00000001                PROVIDE (__cy_region_num, ((__cy_regions_end - __cy_regions) / 0x10))
                0x20000000                PROVIDE (__cy_stack, (ORIGIN (ram) + 0x8000))
                0x1ffff000                PROVIDE (__cy_heap_end, (__cy_stack - 0x1000))

.cybootloader   0x00000000        0x0
 *(.cybootloader)
                0x00000000                appl1_start = CY_APPL_ORIGIN?CY_APPL_ORIGIN:ALIGN (CY_FLASH_ROW_SIZE)
                0x0001ff00                appl2_start = (appl1_start + ALIGN ((((0x40000 - appl1_start) - (0x2 * CY_FLASH_ROW_SIZE)) / 0x2), CY_FLASH_ROW_SIZE))
                0x00000000                appl_start = (CY_APPL_NUM == 0x1)?appl1_start:appl2_start
                0x00000000                ecc_offset = ((appl_start / CY_FLASH_ROW_SIZE) * CY_ECC_ROW_SIZE)
                0x00000000                ee_offset = (CY_APPL_LOADABLE && ! (CY_EE_IN_BTLDR))?((CY_EE_SIZE / CY_APPL_MAX) * (CY_APPL_NUM - 0x1)):0x0
                0x00000800                ee_size = (CY_APPL_LOADABLE && ! (CY_EE_IN_BTLDR))?(CY_EE_SIZE / CY_APPL_MAX):CY_EE_SIZE
                0x00000000                PROVIDE (CY_ECC_OFFSET, ecc_offset)

.text           0x00000000     0x2052
 CREATE_OBJECT_SYMBOLS
                0x00000000                PROVIDE (__cy_interrupt_vector, RomVectors)
 *(.romvectors)
 .romvectors    0x00000000       0x10 .\CortexM3\ARM_GCC_493\Debug\Cm3Start.o
                0x00000000                RomVectors
                0x00000001                ASSERT ((. != __cy_interrupt_vector), No interrupt vector)
                0x00000001                ASSERT (CY_APPL_ORIGIN?(SIZEOF (.cybootloader) <= CY_APPL_ORIGIN):0x1, Wrong image location)
                0x00000010                PROVIDE (__cy_reset, Reset)
 *(.text.Reset)
 .text.Reset    0x00000010       0x28 .\CortexM3\ARM_GCC_493\Debug\Cm3Start.o
                0x00000010                Reset
                0x00000001                ASSERT ((. != __cy_reset), No reset code)
 *(.dma_init)
 .dma_init      0x00000038      0x228 .\CortexM3\ARM_GCC_493\Debug\vga.a(cyfitter_cfg.o)
                0x00000001                ASSERT ((((appl_start + .) <= 0x10000) || 0x0), DMA Init must be within the first 64k of flash)
 *(.text .text.* .gnu.linkonce.t.*)
 .text          0x00000260       0x5c c:/program files (x86)/cypress/psoc creator/3.3/psoc creator/import/gnu/arm/4.9.3/bin/../lib/gcc/arm-none-eabi/4.9.3/armv7-m/crtbegin.o
 .text.newline  0x000002bc       0xb0 .\CortexM3\ARM_GCC_493\Debug\main.o
                0x000002bc                newline
 .text.isr_1    0x0000036c       0x7c .\CortexM3\ARM_GCC_493\Debug\main.o
                0x0000036c                isr_1
 .text.update   0x000003e8       0x20 .\CortexM3\ARM_GCC_493\Debug\main.o
                0x000003e8                update
 .text.main     0x00000408       0xec .\CortexM3\ARM_GCC_493\Debug\main.o
                0x00000408                main
 .text.initialscreen
                0x000004f4       0x28 .\CortexM3\ARM_GCC_493\Debug\main.o
                0x000004f4                initialscreen
 .text.pgrid    0x0000051c       0xe0 .\CortexM3\ARM_GCC_493\Debug\main.o
                0x0000051c                pgrid
 .text.c_gamestate
                0x000005fc      0x258 .\CortexM3\ARM_GCC_493\Debug\main.o
                0x000005fc                c_gamestate
 .text.check_win
                0x00000854      0x278 .\CortexM3\ARM_GCC_493\Debug\main.o
                0x00000854                check_win
 .text.print_syms
                0x00000acc       0xf0 .\CortexM3\ARM_GCC_493\Debug\main.o
                0x00000acc                print_syms
 .text.pcursor  0x00000bbc       0x68 .\CortexM3\ARM_GCC_493\Debug\main.o
                0x00000bbc                pcursor
 .text.decode   0x00000c24      0x15c .\CortexM3\ARM_GCC_493\Debug\main.o
                0x00000c24                decode
 .text.IntDefaultHandler
                0x00000d80        0x8 .\CortexM3\ARM_GCC_493\Debug\Cm3Start.o
                0x00000d80                IntDefaultHandler
 .text.Start_c  0x00000d88       0x94 .\CortexM3\ARM_GCC_493\Debug\Cm3Start.o
                0x00000d88                Start_c
 .text.initialize_psoc
                0x00000e1c       0x90 .\CortexM3\ARM_GCC_493\Debug\Cm3Start.o
                0x00000e1c                initialize_psoc
 .text.CYMEMZERO
                0x00000eac       0x1c .\CortexM3\ARM_GCC_493\Debug\vga.a(cyfitter_cfg.o)
 .text.CYCONFIGCPY
                0x00000ec8       0x1c .\CortexM3\ARM_GCC_493\Debug\vga.a(cyfitter_cfg.o)
 .text.CyClockStartupError
                0x00000ee4        0xc .\CortexM3\ARM_GCC_493\Debug\vga.a(cyfitter_cfg.o)
 .text.cfg_dma_init
                0x00000ef0      0x180 .\CortexM3\ARM_GCC_493\Debug\vga.a(cyfitter_cfg.o)
 .text.ClockSetup
                0x00001070      0x174 .\CortexM3\ARM_GCC_493\Debug\vga.a(cyfitter_cfg.o)
 .text.AnalogSetDefault
                0x000011e4       0x44 .\CortexM3\ARM_GCC_493\Debug\vga.a(cyfitter_cfg.o)
 .text.cyfitter_cfg
                0x00001228       0xd4 .\CortexM3\ARM_GCC_493\Debug\vga.a(cyfitter_cfg.o)
                0x00001228                cyfitter_cfg
 .text.VERT_Start
                0x000012fc       0x20 .\CortexM3\ARM_GCC_493\Debug\vga.a(VERT.o)
                0x000012fc                VERT_Start
 .text.VERT_Init
                0x0000131c       0x68 .\CortexM3\ARM_GCC_493\Debug\vga.a(VERT.o)
                0x0000131c                VERT_Init
 .text.VERT_Enable
                0x00001384       0x20 .\CortexM3\ARM_GCC_493\Debug\vga.a(VERT.o)
                0x00001384                VERT_Enable
 .text.VERT_WriteCounter
                0x000013a4       0x20 .\CortexM3\ARM_GCC_493\Debug\vga.a(VERT.o)
                0x000013a4                VERT_WriteCounter
 .text.VERT_ReadCounter
                0x000013c4       0x20 .\CortexM3\ARM_GCC_493\Debug\vga.a(VERT.o)
                0x000013c4                VERT_ReadCounter
 .text.VERT_WritePeriod
                0x000013e4       0x20 .\CortexM3\ARM_GCC_493\Debug\vga.a(VERT.o)
                0x000013e4                VERT_WritePeriod
 .text.VERT_WriteCompare
                0x00001404       0x20 .\CortexM3\ARM_GCC_493\Debug\vga.a(VERT.o)
                0x00001404                VERT_WriteCompare
 .text.HORIZ_Start
                0x00001424       0x20 .\CortexM3\ARM_GCC_493\Debug\vga.a(HORIZ.o)
                0x00001424                HORIZ_Start
 .text.HORIZ_Init
                0x00001444       0x54 .\CortexM3\ARM_GCC_493\Debug\vga.a(HORIZ.o)
                0x00001444                HORIZ_Init
 .text.HORIZ_Enable
                0x00001498       0x20 .\CortexM3\ARM_GCC_493\Debug\vga.a(HORIZ.o)
                0x00001498                HORIZ_Enable
 .text.HORIZ_WriteCounter
                0x000014b8       0x20 .\CortexM3\ARM_GCC_493\Debug\vga.a(HORIZ.o)
                0x000014b8                HORIZ_WriteCounter
 .text.HORIZ_WritePeriod
                0x000014d8       0x20 .\CortexM3\ARM_GCC_493\Debug\vga.a(HORIZ.o)
                0x000014d8                HORIZ_WritePeriod
 .text.HORIZ_WriteCompare1
                0x000014f8       0x20 .\CortexM3\ARM_GCC_493\Debug\vga.a(HORIZ.o)
                0x000014f8                HORIZ_WriteCompare1
 .text.HORIZ_WriteCompare2
                0x00001518       0x20 .\CortexM3\ARM_GCC_493\Debug\vga.a(HORIZ.o)
                0x00001518                HORIZ_WriteCompare2
 .text.DMA_DmaInitialize
                0x00001538       0x68 .\CortexM3\ARM_GCC_493\Debug\vga.a(DMA_dma.o)
                0x00001538                DMA_DmaInitialize
 .text.NEWLINE_StartEx
                0x000015a0       0x24 .\CortexM3\ARM_GCC_493\Debug\vga.a(NEWLINE.o)
                0x000015a0                NEWLINE_StartEx
 .text.NEWLINE_SetVector
                0x000015c4       0x24 .\CortexM3\ARM_GCC_493\Debug\vga.a(NEWLINE.o)
                0x000015c4                NEWLINE_SetVector
 .text.NEWLINE_SetPriority
                0x000015e8       0x24 .\CortexM3\ARM_GCC_493\Debug\vga.a(NEWLINE.o)
                0x000015e8                NEWLINE_SetPriority
 .text.NEWLINE_Enable
                0x0000160c       0x18 .\CortexM3\ARM_GCC_493\Debug\vga.a(NEWLINE.o)
                0x0000160c                NEWLINE_Enable
 .text.NEWLINE_Disable
                0x00001624       0x18 .\CortexM3\ARM_GCC_493\Debug\vga.a(NEWLINE.o)
                0x00001624                NEWLINE_Disable
 .text.VSYNC_Start
                0x0000163c       0x20 .\CortexM3\ARM_GCC_493\Debug\vga.a(VSYNC.o)
                0x0000163c                VSYNC_Start
 .text.VSYNC_Init
                0x0000165c       0x50 .\CortexM3\ARM_GCC_493\Debug\vga.a(VSYNC.o)
                0x0000165c                VSYNC_Init
 .text.VSYNC_Enable
                0x000016ac       0x20 .\CortexM3\ARM_GCC_493\Debug\vga.a(VSYNC.o)
                0x000016ac                VSYNC_Enable
 .text.VSYNC_WriteCounter
                0x000016cc       0x20 .\CortexM3\ARM_GCC_493\Debug\vga.a(VSYNC.o)
                0x000016cc                VSYNC_WriteCounter
 .text.VSYNC_WritePeriod
                0x000016ec       0x20 .\CortexM3\ARM_GCC_493\Debug\vga.a(VSYNC.o)
                0x000016ec                VSYNC_WritePeriod
 .text.VSYNC_WriteCompare
                0x0000170c       0x20 .\CortexM3\ARM_GCC_493\Debug\vga.a(VSYNC.o)
                0x0000170c                VSYNC_WriteCompare
 .text.HSYNC_Start
                0x0000172c       0x20 .\CortexM3\ARM_GCC_493\Debug\vga.a(HSYNC.o)
                0x0000172c                HSYNC_Start
 .text.HSYNC_Init
                0x0000174c       0x50 .\CortexM3\ARM_GCC_493\Debug\vga.a(HSYNC.o)
                0x0000174c                HSYNC_Init
 .text.HSYNC_Enable
                0x0000179c       0x20 .\CortexM3\ARM_GCC_493\Debug\vga.a(HSYNC.o)
                0x0000179c                HSYNC_Enable
 .text.HSYNC_WriteCounter
                0x000017bc       0x20 .\CortexM3\ARM_GCC_493\Debug\vga.a(HSYNC.o)
                0x000017bc                HSYNC_WriteCounter
 .text.HSYNC_WritePeriod
                0x000017dc       0x20 .\CortexM3\ARM_GCC_493\Debug\vga.a(HSYNC.o)
                0x000017dc                HSYNC_WritePeriod
 .text.HSYNC_WriteCompare
                0x000017fc       0x20 .\CortexM3\ARM_GCC_493\Debug\vga.a(HSYNC.o)
                0x000017fc                HSYNC_WriteCompare
 *fill*         0x0000181c        0x4 
 .text          0x00001820       0x20 .\CortexM3\ARM_GCC_493\Debug\vga.a(CyBootAsmGnu.o)
                0x00001820                CyDelayCycles
                0x00001830                CyEnterCriticalSection
                0x00001838                CyExitCriticalSection
 .text.CyDmacConfigure
                0x00001840       0x5c .\CortexM3\ARM_GCC_493\Debug\vga.a(CyDmac.o)
                0x00001840                CyDmacConfigure
 .text.CyDmaChEnable
                0x0000189c       0x8c .\CortexM3\ARM_GCC_493\Debug\vga.a(CyDmac.o)
                0x0000189c                CyDmaChEnable
 .text.CyDmaChDisable
                0x00001928       0x64 .\CortexM3\ARM_GCC_493\Debug\vga.a(CyDmac.o)
                0x00001928                CyDmaChDisable
 .text.CyDmaChPriority
                0x0000198c       0x60 .\CortexM3\ARM_GCC_493\Debug\vga.a(CyDmac.o)
                0x0000198c                CyDmaChPriority
 .text.CyDmaChSetExtendedAddress
                0x000019ec       0x7c .\CortexM3\ARM_GCC_493\Debug\vga.a(CyDmac.o)
                0x000019ec                CyDmaChSetExtendedAddress
 .text.CyDmaChSetInitialTd
                0x00001a68       0x3c .\CortexM3\ARM_GCC_493\Debug\vga.a(CyDmac.o)
                0x00001a68                CyDmaChSetInitialTd
 .text.CyDmaChSetConfiguration
                0x00001aa4       0xa0 .\CortexM3\ARM_GCC_493\Debug\vga.a(CyDmac.o)
                0x00001aa4                CyDmaChSetConfiguration
 .text.CyDmaTdAllocate
                0x00001b44       0x5c .\CortexM3\ARM_GCC_493\Debug\vga.a(CyDmac.o)
                0x00001b44                CyDmaTdAllocate
 .text.CyDmaTdSetConfiguration
                0x00001ba0       0x80 .\CortexM3\ARM_GCC_493\Debug\vga.a(CyDmac.o)
                0x00001ba0                CyDmaTdSetConfiguration
 .text.CyDmaTdSetAddress
                0x00001c20       0x5c .\CortexM3\ARM_GCC_493\Debug\vga.a(CyDmac.o)
                0x00001c20                CyDmaTdSetAddress
 .text.UART_1_Start
                0x00001c7c       0x20 .\CortexM3\ARM_GCC_493\Debug\vga.a(UART_1.o)
                0x00001c7c                UART_1_Start
 .text.UART_1_Init
                0x00001c9c       0x40 .\CortexM3\ARM_GCC_493\Debug\vga.a(UART_1.o)
                0x00001c9c                UART_1_Init
 .text.UART_1_Enable
                0x00001cdc       0x5c .\CortexM3\ARM_GCC_493\Debug\vga.a(UART_1.o)
                0x00001cdc                UART_1_Enable
 .text.UART_1_GetChar
                0x00001d38       0x44 .\CortexM3\ARM_GCC_493\Debug\vga.a(UART_1.o)
                0x00001d38                UART_1_GetChar
 .text.UART_1_GetRxBufferSize
                0x00001d7c       0x30 .\CortexM3\ARM_GCC_493\Debug\vga.a(UART_1.o)
                0x00001d7c                UART_1_GetRxBufferSize
 .text.Timer_1_Init
                0x00001dac       0x98 .\CortexM3\ARM_GCC_493\Debug\vga.a(Timer_1.o)
                0x00001dac                Timer_1_Init
 .text.Timer_1_Enable
                0x00001e44       0x48 .\CortexM3\ARM_GCC_493\Debug\vga.a(Timer_1.o)
                0x00001e44                Timer_1_Enable
 .text.Timer_1_Start
                0x00001e8c       0x20 .\CortexM3\ARM_GCC_493\Debug\vga.a(Timer_1.o)
                0x00001e8c                Timer_1_Start
 .text.Timer_1_SetInterruptMode
                0x00001eac       0x20 .\CortexM3\ARM_GCC_493\Debug\vga.a(Timer_1.o)
                0x00001eac                Timer_1_SetInterruptMode
 .text.Timer_1_WritePeriod
                0x00001ecc       0x24 .\CortexM3\ARM_GCC_493\Debug\vga.a(Timer_1.o)
                0x00001ecc                Timer_1_WritePeriod
 .text.Timer_1_WriteCounter
                0x00001ef0       0x20 .\CortexM3\ARM_GCC_493\Debug\vga.a(Timer_1.o)
                0x00001ef0                Timer_1_WriteCounter
 .text.ISR_1_StartEx
                0x00001f10       0x24 .\CortexM3\ARM_GCC_493\Debug\vga.a(ISR_1.o)
                0x00001f10                ISR_1_StartEx
 .text.ISR_1_SetVector
                0x00001f34       0x24 .\CortexM3\ARM_GCC_493\Debug\vga.a(ISR_1.o)
                0x00001f34                ISR_1_SetVector
 .text.ISR_1_SetPriority
                0x00001f58       0x24 .\CortexM3\ARM_GCC_493\Debug\vga.a(ISR_1.o)
                0x00001f58                ISR_1_SetPriority
 .text.ISR_1_Enable
                0x00001f7c       0x18 .\CortexM3\ARM_GCC_493\Debug\vga.a(ISR_1.o)
                0x00001f7c                ISR_1_Enable
 .text.ISR_1_Disable
                0x00001f94       0x18 .\CortexM3\ARM_GCC_493\Debug\vga.a(ISR_1.o)
                0x00001f94                ISR_1_Disable
 .text.UART_1_IntClock_Start
                0x00001fac       0x34 .\CortexM3\ARM_GCC_493\Debug\vga.a(UART_1_IntClock.o)
                0x00001fac                UART_1_IntClock_Start
 .text.__libc_init_array
                0x00001fe0       0x4c c:/program files (x86)/cypress/psoc creator/3.3/psoc creator/import/gnu/arm/4.9.3/bin/../lib/gcc/arm-none-eabi/4.9.3/../../../../arm-none-eabi/lib/armv7-m\libg_nano.a(lib_a-init.o)
                0x00001fe0                __libc_init_array
 .text.memcpy   0x0000202c       0x16 c:/program files (x86)/cypress/psoc creator/3.3/psoc creator/import/gnu/arm/4.9.3/bin/../lib/gcc/arm-none-eabi/4.9.3/../../../../arm-none-eabi/lib/armv7-m\libg_nano.a(lib_a-memcpy.o)
                0x0000202c                memcpy
 .text.memset   0x00002042       0x10 c:/program files (x86)/cypress/psoc creator/3.3/psoc creator/import/gnu/arm/4.9.3/bin/../lib/gcc/arm-none-eabi/4.9.3/../../../../arm-none-eabi/lib/armv7-m\libg_nano.a(lib_a-memset.o)
                0x00002042                memset
 *(.plt)
 *(.gnu.warning)
 *(.glue_7t)
 .glue_7t       0x00000000        0x0 linker stubs
 *(.glue_7)
 .glue_7        0x00000000        0x0 linker stubs
 *(.vfp11_veneer)
 .vfp11_veneer  0x00000000        0x0 linker stubs
 *(.bootloader)
 *(.ARM.extab* .gnu.linkonce.armextab.*)
 *(.gcc_except_table)

.v4_bx          0x00002054        0x0
 .v4_bx         0x00000000        0x0 linker stubs

.iplt           0x00002054        0x0
 .iplt          0x00000000        0x0 c:/program files (x86)/cypress/psoc creator/3.3/psoc creator/import/gnu/arm/4.9.3/bin/../lib/gcc/arm-none-eabi/4.9.3/armv7-m/crtbegin.o

.eh_frame_hdr
 *(.eh_frame_hdr)

.eh_frame       0x00002054        0x4
 *(.eh_frame)
 .eh_frame      0x00002054        0x0 c:/program files (x86)/cypress/psoc creator/3.3/psoc creator/import/gnu/arm/4.9.3/bin/../lib/gcc/arm-none-eabi/4.9.3/armv7-m/crtbegin.o
 .eh_frame      0x00002054        0x4 c:/program files (x86)/cypress/psoc creator/3.3/psoc creator/import/gnu/arm/4.9.3/bin/../lib/gcc/arm-none-eabi/4.9.3/armv7-m/crtend.o
                0x00002058                PROVIDE (__exidx_start, .)

.ARM.exidx
 *(.ARM.exidx* .gnu.linkonce.armexidx.*)
                0x00002058                __exidx_end = .

.rodata         0x00002058     0x3410
 *(.rodata .rodata.* .gnu.linkonce.r.*)
 .rodata        0x00002058     0x32d8 .\CortexM3\ARM_GCC_493\Debug\main.o
                0x00002058                cx
                0x00002064                cy
                0x00002070                start_display
                0x00005070                pbts_x
                0x000051b4                pbts_y
                0x000052f8                x_x
                0x00005304                x_y
                0x00005310                circx
                0x00005318                circy
                0x00005320                cursorx
                0x00005328                cursory
 .rodata        0x00005330      0x100 .\CortexM3\ARM_GCC_493\Debug\vga.a(cyfitter_cfg.o)
                0x00005430                . = ALIGN (0x4)
 *(.init)
 .init          0x00005430        0x4 c:/program files (x86)/cypress/psoc creator/3.3/psoc creator/import/gnu/arm/4.9.3/bin/../lib/gcc/arm-none-eabi/4.9.3/armv7-m/crti.o
                0x00005430                _init
 .init          0x00005434        0x8 c:/program files (x86)/cypress/psoc creator/3.3/psoc creator/import/gnu/arm/4.9.3/bin/../lib/gcc/arm-none-eabi/4.9.3/armv7-m/crtn.o
                0x0000543c                . = ALIGN (0x4)
                0x0000543c                __preinit_array_start = .
 *(.preinit_array)
                0x0000543c                __preinit_array_end = .
                0x0000543c                . = ALIGN (0x4)
                0x0000543c                __init_array_start = .
 *(SORT(.init_array.*))
 *(.init_array)
 .init_array    0x0000543c        0x4 c:/program files (x86)/cypress/psoc creator/3.3/psoc creator/import/gnu/arm/4.9.3/bin/../lib/gcc/arm-none-eabi/4.9.3/armv7-m/crtbegin.o
 .init_array    0x00005440        0x4 .\CortexM3\ARM_GCC_493\Debug\Cm3Start.o
                0x00005444                __init_array_end = .
                0x00005444                . = ALIGN (0x4)
 *(.fini)
 .fini          0x00005444        0x4 c:/program files (x86)/cypress/psoc creator/3.3/psoc creator/import/gnu/arm/4.9.3/bin/../lib/gcc/arm-none-eabi/4.9.3/armv7-m/crti.o
                0x00005444                _fini
 .fini          0x00005448        0x8 c:/program files (x86)/cypress/psoc creator/3.3/psoc creator/import/gnu/arm/4.9.3/bin/../lib/gcc/arm-none-eabi/4.9.3/armv7-m/crtn.o
                0x00005450                . = ALIGN (0x4)
                0x00005450                __fini_array_start = .
 *(.fini_array)
 .fini_array    0x00005450        0x4 c:/program files (x86)/cypress/psoc creator/3.3/psoc creator/import/gnu/arm/4.9.3/bin/../lib/gcc/arm-none-eabi/4.9.3/armv7-m/crtbegin.o
 *(SORT(.fini_array.*))
                0x00005454                __fini_array_end = .
                0x00005454                . = ALIGN (0x4)
 *crtbegin.o(.ctors)
 *(EXCLUDE_FILE(*crtend.o) .ctors)
 *(SORT(.ctors.*))
 *crtend.o(.ctors)
                0x00005454                . = ALIGN (0x4)
 *crtbegin.o(.dtors)
 *(EXCLUDE_FILE(*crtend.o) .dtors)
 *(SORT(.dtors.*))
 *crtend.o(.dtors)
                0x00005454                . = ALIGN (0x4)
                0x00005454                __cy_regions = .
                0x00005454        0x4 LONG 0x5468 __cy_region_init_ram
                0x00005458        0x4 LONG 0x1fff8108 __cy_region_start_data
                0x0000545c        0x4 LONG 0x28 __cy_region_init_size_ram
                0x00005460        0x4 LONG 0x3040 __cy_region_zero_size_ram
                0x00005464                __cy_regions_end = .
                0x00005468                . = ALIGN (0x8)
 *fill*         0x00005464        0x4 
                0x00005468                _etext = .

.ramvectors     0x1fff8000      0x100
                0x1fff8000                __cy_region_start_ram = .
 *(.ramvectors)
 .ramvectors    0x1fff8000      0x100 .\CortexM3\ARM_GCC_493\Debug\Cm3Start.o
                0x1fff8000                CyRamVectors

.noinit         0x1fff8100        0x5
 *(.noinit)
 .noinit        0x1fff8100        0x4 .\CortexM3\ARM_GCC_493\Debug\Cm3Start.o
 .noinit        0x1fff8104        0x1 .\CortexM3\ARM_GCC_493\Debug\vga.a(CyLib.o)
                0x1fff8104                CyResetStatus

.data           0x1fff8108       0x28 load address 0x00005468
                0x1fff8108                __cy_region_start_data = .
 *(.jcr)
 .jcr           0x1fff8108        0x0 c:/program files (x86)/cypress/psoc creator/3.3/psoc creator/import/gnu/arm/4.9.3/bin/../lib/gcc/arm-none-eabi/4.9.3/armv7-m/crtbegin.o
 .jcr           0x1fff8108        0x4 c:/program files (x86)/cypress/psoc creator/3.3/psoc creator/import/gnu/arm/4.9.3/bin/../lib/gcc/arm-none-eabi/4.9.3/armv7-m/crtend.o
 *(.got.plt)
 *(.got)
 *(.shdata)
 *(.data .data.* .gnu.linkonce.d.*)
 .data          0x1fff810c       0x14 .\CortexM3\ARM_GCC_493\Debug\main.o
                0x1fff810c                cursor_x_pos
                0x1fff810d                cursor_y_pos
                0x1fff810e                t_counter
                0x1fff8110                game_state
                0x1fff811c                flag
 .data          0x1fff8120        0x1 .\CortexM3\ARM_GCC_493\Debug\vga.a(DMA_dma.o)
                0x1fff8120                DMA_DmaHandle
 *fill*         0x1fff8121        0x3 
 .data          0x1fff8124        0x8 .\CortexM3\ARM_GCC_493\Debug\vga.a(CyDmac.o)
                0x1fff8130                . = ALIGN (0x8)
 *fill*         0x1fff812c        0x4 
 *(.ram)
                0x1fff8130                _edata = .

.igot.plt       0x1fff8130        0x0 load address 0x00005490
 .igot.plt      0x00000000        0x0 c:/program files (x86)/cypress/psoc creator/3.3/psoc creator/import/gnu/arm/4.9.3/bin/../lib/gcc/arm-none-eabi/4.9.3/armv7-m/crtbegin.o

.bss            0x1fff8130     0x3040 load address 0x00005490
                0x1fff8130                PROVIDE (__bss_start__, .)
 *(.shbss)
 *(.bss .bss.* .gnu.linkonce.b.*)
 .bss           0x1fff8130       0x1c c:/program files (x86)/cypress/psoc creator/3.3/psoc creator/import/gnu/arm/4.9.3/bin/../lib/gcc/arm-none-eabi/4.9.3/armv7-m/crtbegin.o
 .bss           0x1fff814c        0x5 .\CortexM3\ARM_GCC_493\Debug\main.o
                0x1fff814c                cursor_x_velo
                0x1fff814d                cursor_y_velo
                0x1fff814e                bpress
                0x1fff814f                turn
                0x1fff8150                winner
 *fill*         0x1fff8151        0x7 
 .bss           0x1fff8158        0x8 .\CortexM3\ARM_GCC_493\Debug\vga.a(cyfitter_cfg.o)
 .bss           0x1fff8160        0x1 .\CortexM3\ARM_GCC_493\Debug\vga.a(VERT.o)
                0x1fff8160                VERT_initVar
 .bss           0x1fff8161        0x1 .\CortexM3\ARM_GCC_493\Debug\vga.a(HORIZ.o)
                0x1fff8161                HORIZ_initVar
 .bss           0x1fff8162        0x1 .\CortexM3\ARM_GCC_493\Debug\vga.a(VSYNC.o)
                0x1fff8162                VSYNC_initVar
 .bss           0x1fff8163        0x1 .\CortexM3\ARM_GCC_493\Debug\vga.a(HSYNC.o)
                0x1fff8163                HSYNC_initVar
 .bss           0x1fff8164        0x2 .\CortexM3\ARM_GCC_493\Debug\vga.a(UART_1.o)
                0x1fff8164                UART_1_initVar
 .bss           0x1fff8166        0x1 .\CortexM3\ARM_GCC_493\Debug\vga.a(Timer_1.o)
                0x1fff8166                Timer_1_initVar
 *(COMMON)
 *fill*         0x1fff8167        0x1 
 COMMON         0x1fff8168     0x3004 .\CortexM3\ARM_GCC_493\Debug\main.o
                0x1fff8168                dma_chan
                0x1fff8169                dma_td
                0x1fff816c                buf
                0x1fffb170                . = ALIGN (0x8)
 *fill*         0x1fffb16c        0x4 
 *(.ram.b)
                0x1fffb170                _end = .
                0x1fffb170                __end = .
                0x1fffb170                PROVIDE (end, .)
                0x1fffb170                PROVIDE (__bss_end__, .)

.vram           0x20000000     0x3000 load address 0x00005490
 *(.vram)
 .vram          0x20000000     0x3000 .\CortexM3\ARM_GCC_493\Debug\main.o
                0x20000000                vbuf
                0x00005468                __cy_region_init_ram = LOADADDR (.data)
                0x00000028                __cy_region_init_size_ram = (_edata - ADDR (.data))
                0x00003040                __cy_region_zero_size_ram = (_end - _edata)

.heap           0x1fffb170        0x0
                0x1fffb170                . = _end
                0x1fffb170                __cy_heap_limit = .

.stack          0x1ffff000     0x1000
                0x1ffff000                __cy_stack_limit = .
                0x20000000                . = (. + 0x1000)
 *fill*         0x1ffff000     0x1000 
                0x00000001                ASSERT ((__cy_stack_limit >= __cy_heap_limit), region RAM overflowed with stack)

.cyloadermeta
 *(.cyloadermeta)

.cyloadablemeta
 *(.cyloadablemeta)

.cyconfigecc    0x80000000     0x10a0
 *(.cyconfigecc)
 .cyconfigecc   0x80000000     0x10a0 .\CortexM3\ARM_GCC_493\Debug\cymetadata.o
                0x80000000                cy_meta_configecc

.cycustnvl      0x90000000        0x4
 *(.cycustnvl)
 .cycustnvl     0x90000000        0x4 .\CortexM3\ARM_GCC_493\Debug\cymetadata.o
                0x90000000                cy_meta_custnvl

.cywolatch      0x90100000        0x4
 *(.cywolatch)
 .cywolatch     0x90100000        0x4 .\CortexM3\ARM_GCC_493\Debug\cymetadata.o
                0x90100000                cy_meta_wonvl

.cyeeprom       0x90200000        0x0
 *(.cyeeprom)
                0x00000001                ASSERT ((. <= ((0x90200000 + ee_offset) + ee_size)), .cyeeprom data will not fit in EEPROM)

.cyflashprotect
                0x90400000      0x100
 *(.cyflashprotect)
 .cyflashprotect
                0x90400000      0x100 .\CortexM3\ARM_GCC_493\Debug\cymetadata.o
                0x90400000                cy_meta_flashprotect

.cymeta         0x90500000        0xc
 *(.cymeta)
 .cymeta        0x90500000        0xc .\CortexM3\ARM_GCC_493\Debug\cymetadata.o
                0x90500000                cy_metadata

.rel.dyn        0x00008490        0x0 load address 0x9050000c
 .rel.iplt      0x00000000        0x0 c:/program files (x86)/cypress/psoc creator/3.3/psoc creator/import/gnu/arm/4.9.3/bin/../lib/gcc/arm-none-eabi/4.9.3/armv7-m/crtbegin.o

.stab
 *(.stab)

.stabstr
 *(.stabstr)

.debug
 *(.debug)

.line
 *(.line)

.debug_srcinfo
 *(.debug_srcinfo)

.debug_sfnames
 *(.debug_sfnames)

.debug_aranges  0x00000000      0xaf0
 *(.debug_aranges)
 .debug_aranges
                0x00000000       0x78 .\CortexM3\ARM_GCC_493\Debug\main.o
 .debug_aranges
                0x00000078       0x20 .\CortexM3\ARM_GCC_493\Debug\draw.o
 .debug_aranges
                0x00000098       0x18 .\CortexM3\ARM_GCC_493\Debug\cymetadata.o
 .debug_aranges
                0x000000b0       0x40 .\CortexM3\ARM_GCC_493\Debug\Cm3Start.o
 .debug_aranges
                0x000000f0       0x60 .\CortexM3\ARM_GCC_493\Debug\vga.a(cyfitter_cfg.o)
 .debug_aranges
                0x00000150       0x80 .\CortexM3\ARM_GCC_493\Debug\vga.a(VERT.o)
 .debug_aranges
                0x000001d0       0x90 .\CortexM3\ARM_GCC_493\Debug\vga.a(HORIZ.o)
 .debug_aranges
                0x00000260       0x28 .\CortexM3\ARM_GCC_493\Debug\vga.a(DMA_dma.o)
 .debug_aranges
                0x00000288       0x80 .\CortexM3\ARM_GCC_493\Debug\vga.a(NEWLINE.o)
 .debug_aranges
                0x00000308       0x80 .\CortexM3\ARM_GCC_493\Debug\vga.a(VSYNC.o)
 .debug_aranges
                0x00000388       0x80 .\CortexM3\ARM_GCC_493\Debug\vga.a(HSYNC.o)
 .debug_aranges
                0x00000408       0x20 .\CortexM3\ARM_GCC_493\Debug\vga.a(CyBootAsmGnu.o)
 .debug_aranges
                0x00000428       0xd8 .\CortexM3\ARM_GCC_493\Debug\vga.a(CyDmac.o)
 .debug_aranges
                0x00000500      0x218 .\CortexM3\ARM_GCC_493\Debug\vga.a(CyLib.o)
 .debug_aranges
                0x00000718       0x90 .\CortexM3\ARM_GCC_493\Debug\vga.a(cyPm.o)
 .debug_aranges
                0x000007a8       0xf0 .\CortexM3\ARM_GCC_493\Debug\vga.a(UART_1.o)
 .debug_aranges
                0x00000898       0x88 .\CortexM3\ARM_GCC_493\Debug\vga.a(Timer_1.o)
 .debug_aranges
                0x00000920       0x80 .\CortexM3\ARM_GCC_493\Debug\vga.a(ISR_1.o)
 .debug_aranges
                0x000009a0       0x70 .\CortexM3\ARM_GCC_493\Debug\vga.a(UART_1_IntClock.o)
 .debug_aranges
                0x00000a10       0x78 .\CortexM3\ARM_GCC_493\Debug\vga.a(CyFlash.o)
 .debug_aranges
                0x00000a88       0x68 .\CortexM3\ARM_GCC_493\Debug\vga.a(CySpc.o)

.debug_pubnames
 *(.debug_pubnames)

.debug_info     0x00000000     0x46ca
 *(.debug_info .gnu.linkonce.wi.*)
 .debug_info    0x00000000      0x577 .\CortexM3\ARM_GCC_493\Debug\main.o
 .debug_info    0x00000577       0xec .\CortexM3\ARM_GCC_493\Debug\draw.o
 .debug_info    0x00000663      0x13e .\CortexM3\ARM_GCC_493\Debug\cymetadata.o
 .debug_info    0x000007a1      0x2bc .\CortexM3\ARM_GCC_493\Debug\Cm3Start.o
 .debug_info    0x00000a5d      0x3b3 .\CortexM3\ARM_GCC_493\Debug\vga.a(cyfitter_cfg.o)
 .debug_info    0x00000e10      0x240 .\CortexM3\ARM_GCC_493\Debug\vga.a(VERT.o)
 .debug_info    0x00001050      0x261 .\CortexM3\ARM_GCC_493\Debug\vga.a(HORIZ.o)
 .debug_info    0x000012b1      0x112 .\CortexM3\ARM_GCC_493\Debug\vga.a(DMA_dma.o)
 .debug_info    0x000013c3      0x236 .\CortexM3\ARM_GCC_493\Debug\vga.a(NEWLINE.o)
 .debug_info    0x000015f9      0x225 .\CortexM3\ARM_GCC_493\Debug\vga.a(VSYNC.o)
 .debug_info    0x0000181e      0x225 .\CortexM3\ARM_GCC_493\Debug\vga.a(HSYNC.o)
 .debug_info    0x00001a43       0x97 .\CortexM3\ARM_GCC_493\Debug\vga.a(CyBootAsmGnu.o)
 .debug_info    0x00001ada      0x8ae .\CortexM3\ARM_GCC_493\Debug\vga.a(CyDmac.o)
 .debug_info    0x00002388      0xb90 .\CortexM3\ARM_GCC_493\Debug\vga.a(CyLib.o)
 .debug_info    0x00002f18      0x534 .\CortexM3\ARM_GCC_493\Debug\vga.a(cyPm.o)
 .debug_info    0x0000344c      0x4ff .\CortexM3\ARM_GCC_493\Debug\vga.a(UART_1.o)
 .debug_info    0x0000394b      0x23a .\CortexM3\ARM_GCC_493\Debug\vga.a(Timer_1.o)
 .debug_info    0x00003b85      0x236 .\CortexM3\ARM_GCC_493\Debug\vga.a(ISR_1.o)
 .debug_info    0x00003dbb      0x259 .\CortexM3\ARM_GCC_493\Debug\vga.a(UART_1_IntClock.o)
 .debug_info    0x00004014      0x314 .\CortexM3\ARM_GCC_493\Debug\vga.a(CyFlash.o)
 .debug_info    0x00004328      0x3a2 .\CortexM3\ARM_GCC_493\Debug\vga.a(CySpc.o)

.debug_abbrev   0x00000000     0x18d5
 *(.debug_abbrev)
 .debug_abbrev  0x00000000      0x1c8 .\CortexM3\ARM_GCC_493\Debug\main.o
 .debug_abbrev  0x000001c8       0x88 .\CortexM3\ARM_GCC_493\Debug\draw.o
 .debug_abbrev  0x00000250       0x77 .\CortexM3\ARM_GCC_493\Debug\cymetadata.o
 .debug_abbrev  0x000002c7      0x173 .\CortexM3\ARM_GCC_493\Debug\Cm3Start.o
 .debug_abbrev  0x0000043a      0x176 .\CortexM3\ARM_GCC_493\Debug\vga.a(cyfitter_cfg.o)
 .debug_abbrev  0x000005b0      0x116 .\CortexM3\ARM_GCC_493\Debug\vga.a(VERT.o)
 .debug_abbrev  0x000006c6      0x116 .\CortexM3\ARM_GCC_493\Debug\vga.a(HORIZ.o)
 .debug_abbrev  0x000007dc       0x8b .\CortexM3\ARM_GCC_493\Debug\vga.a(DMA_dma.o)
 .debug_abbrev  0x00000867      0x17f .\CortexM3\ARM_GCC_493\Debug\vga.a(NEWLINE.o)
 .debug_abbrev  0x000009e6      0x116 .\CortexM3\ARM_GCC_493\Debug\vga.a(VSYNC.o)
 .debug_abbrev  0x00000afc      0x116 .\CortexM3\ARM_GCC_493\Debug\vga.a(HSYNC.o)
 .debug_abbrev  0x00000c12       0x14 .\CortexM3\ARM_GCC_493\Debug\vga.a(CyBootAsmGnu.o)
 .debug_abbrev  0x00000c26      0x187 .\CortexM3\ARM_GCC_493\Debug\vga.a(CyDmac.o)
 .debug_abbrev  0x00000dad      0x205 .\CortexM3\ARM_GCC_493\Debug\vga.a(CyLib.o)
 .debug_abbrev  0x00000fb2      0x16e .\CortexM3\ARM_GCC_493\Debug\vga.a(cyPm.o)
 .debug_abbrev  0x00001120      0x163 .\CortexM3\ARM_GCC_493\Debug\vga.a(UART_1.o)
 .debug_abbrev  0x00001283       0xe9 .\CortexM3\ARM_GCC_493\Debug\vga.a(Timer_1.o)
 .debug_abbrev  0x0000136c      0x17f .\CortexM3\ARM_GCC_493\Debug\vga.a(ISR_1.o)
 .debug_abbrev  0x000014eb      0x11d .\CortexM3\ARM_GCC_493\Debug\vga.a(UART_1_IntClock.o)
 .debug_abbrev  0x00001608      0x170 .\CortexM3\ARM_GCC_493\Debug\vga.a(CyFlash.o)
 .debug_abbrev  0x00001778      0x15d .\CortexM3\ARM_GCC_493\Debug\vga.a(CySpc.o)

.debug_line     0x00000000     0x2a4e
 *(.debug_line)
 .debug_line    0x00000000      0x55f .\CortexM3\ARM_GCC_493\Debug\main.o
 .debug_line    0x0000055f      0x163 .\CortexM3\ARM_GCC_493\Debug\draw.o
 .debug_line    0x000006c2       0x53 .\CortexM3\ARM_GCC_493\Debug\cymetadata.o
 .debug_line    0x00000715      0x1a8 .\CortexM3\ARM_GCC_493\Debug\Cm3Start.o
 .debug_line    0x000008bd      0x238 .\CortexM3\ARM_GCC_493\Debug\vga.a(cyfitter_cfg.o)
 .debug_line    0x00000af5      0x14b .\CortexM3\ARM_GCC_493\Debug\vga.a(VERT.o)
 .debug_line    0x00000c40      0x16c .\CortexM3\ARM_GCC_493\Debug\vga.a(HORIZ.o)
 .debug_line    0x00000dac       0x8f .\CortexM3\ARM_GCC_493\Debug\vga.a(DMA_dma.o)
 .debug_line    0x00000e3b      0x15b .\CortexM3\ARM_GCC_493\Debug\vga.a(NEWLINE.o)
 .debug_line    0x00000f96      0x149 .\CortexM3\ARM_GCC_493\Debug\vga.a(VSYNC.o)
 .debug_line    0x000010df      0x149 .\CortexM3\ARM_GCC_493\Debug\vga.a(HSYNC.o)
 .debug_line    0x00001228       0x68 .\CortexM3\ARM_GCC_493\Debug\vga.a(CyBootAsmGnu.o)
 .debug_line    0x00001290      0x2b7 .\CortexM3\ARM_GCC_493\Debug\vga.a(CyDmac.o)
 .debug_line    0x00001547      0x709 .\CortexM3\ARM_GCC_493\Debug\vga.a(CyLib.o)
 .debug_line    0x00001c50      0x344 .\CortexM3\ARM_GCC_493\Debug\vga.a(cyPm.o)
 .debug_line    0x00001f94      0x2e6 .\CortexM3\ARM_GCC_493\Debug\vga.a(UART_1.o)
 .debug_line    0x0000227a      0x161 .\CortexM3\ARM_GCC_493\Debug\vga.a(Timer_1.o)
 .debug_line    0x000023db      0x169 .\CortexM3\ARM_GCC_493\Debug\vga.a(ISR_1.o)
 .debug_line    0x00002544      0x1c3 .\CortexM3\ARM_GCC_493\Debug\vga.a(UART_1_IntClock.o)
 .debug_line    0x00002707      0x199 .\CortexM3\ARM_GCC_493\Debug\vga.a(CyFlash.o)
 .debug_line    0x000028a0      0x1ae .\CortexM3\ARM_GCC_493\Debug\vga.a(CySpc.o)

.debug_frame    0x00000000     0x2bdc
 *(.debug_frame)
 .debug_frame   0x00000000      0x1d4 .\CortexM3\ARM_GCC_493\Debug\main.o
 .debug_frame   0x000001d4       0x2c .\CortexM3\ARM_GCC_493\Debug\draw.o
 .debug_frame   0x00000200       0xac .\CortexM3\ARM_GCC_493\Debug\Cm3Start.o
 .debug_frame   0x000002ac      0x160 .\CortexM3\ARM_GCC_493\Debug\vga.a(cyfitter_cfg.o)
 .debug_frame   0x0000040c      0x1f4 .\CortexM3\ARM_GCC_493\Debug\vga.a(VERT.o)
 .debug_frame   0x00000600      0x240 .\CortexM3\ARM_GCC_493\Debug\vga.a(HORIZ.o)
 .debug_frame   0x00000840       0x58 .\CortexM3\ARM_GCC_493\Debug\vga.a(DMA_dma.o)
 .debug_frame   0x00000898      0x1e8 .\CortexM3\ARM_GCC_493\Debug\vga.a(NEWLINE.o)
 .debug_frame   0x00000a80      0x1f4 .\CortexM3\ARM_GCC_493\Debug\vga.a(VSYNC.o)
 .debug_frame   0x00000c74      0x1f4 .\CortexM3\ARM_GCC_493\Debug\vga.a(HSYNC.o)
 .debug_frame   0x00000e68      0x3d0 .\CortexM3\ARM_GCC_493\Debug\vga.a(CyDmac.o)
 .debug_frame   0x00001238      0x9a8 .\CortexM3\ARM_GCC_493\Debug\vga.a(CyLib.o)
 .debug_frame   0x00001be0      0x218 .\CortexM3\ARM_GCC_493\Debug\vga.a(cyPm.o)
 .debug_frame   0x00001df8      0x42c .\CortexM3\ARM_GCC_493\Debug\vga.a(UART_1.o)
 .debug_frame   0x00002224      0x208 .\CortexM3\ARM_GCC_493\Debug\vga.a(Timer_1.o)
 .debug_frame   0x0000242c      0x1e8 .\CortexM3\ARM_GCC_493\Debug\vga.a(ISR_1.o)
 .debug_frame   0x00002614      0x1b4 .\CortexM3\ARM_GCC_493\Debug\vga.a(UART_1_IntClock.o)
 .debug_frame   0x000027c8      0x1d0 .\CortexM3\ARM_GCC_493\Debug\vga.a(CyFlash.o)
 .debug_frame   0x00002998      0x1a8 .\CortexM3\ARM_GCC_493\Debug\vga.a(CySpc.o)
 .debug_frame   0x00002b40       0x28 c:/program files (x86)/cypress/psoc creator/3.3/psoc creator/import/gnu/arm/4.9.3/bin/../lib/gcc/arm-none-eabi/4.9.3/../../../../arm-none-eabi/lib/armv7-m\libg_nano.a(lib_a-exit.o)
 .debug_frame   0x00002b68       0x2c c:/program files (x86)/cypress/psoc creator/3.3/psoc creator/import/gnu/arm/4.9.3/bin/../lib/gcc/arm-none-eabi/4.9.3/../../../../arm-none-eabi/lib/armv7-m\libg_nano.a(lib_a-init.o)
 .debug_frame   0x00002b94       0x28 c:/program files (x86)/cypress/psoc creator/3.3/psoc creator/import/gnu/arm/4.9.3/bin/../lib/gcc/arm-none-eabi/4.9.3/../../../../arm-none-eabi/lib/armv7-m\libg_nano.a(lib_a-memcpy.o)
 .debug_frame   0x00002bbc       0x20 c:/program files (x86)/cypress/psoc creator/3.3/psoc creator/import/gnu/arm/4.9.3/bin/../lib/gcc/arm-none-eabi/4.9.3/../../../../arm-none-eabi/lib/armv7-m\libg_nano.a(lib_a-memset.o)

.debug_str      0x00000000     0x2212
 *(.debug_str)
 .debug_str     0x00000000      0x2cc .\CortexM3\ARM_GCC_493\Debug\main.o
                                0x317 (size before relaxing)
 .debug_str     0x000002cc       0x55 .\CortexM3\ARM_GCC_493\Debug\draw.o
                                0x1a7 (size before relaxing)
 .debug_str     0x00000321       0x77 .\CortexM3\ARM_GCC_493\Debug\cymetadata.o
                                0x1f1 (size before relaxing)
 .debug_str     0x00000398      0x108 .\CortexM3\ARM_GCC_493\Debug\Cm3Start.o
                                0x2ad (size before relaxing)
 .debug_str     0x000004a0      0x17b .\CortexM3\ARM_GCC_493\Debug\vga.a(cyfitter_cfg.o)
                                0x31a (size before relaxing)
 .debug_str     0x0000061b      0x126 .\CortexM3\ARM_GCC_493\Debug\vga.a(VERT.o)
                                0x2ba (size before relaxing)
 .debug_str     0x00000741      0x13b .\CortexM3\ARM_GCC_493\Debug\vga.a(HORIZ.o)
                                0x2e5 (size before relaxing)
 .debug_str     0x0000087c       0x8d .\CortexM3\ARM_GCC_493\Debug\vga.a(DMA_dma.o)
                                0x20e (size before relaxing)
 .debug_str     0x00000909      0x11c .\CortexM3\ARM_GCC_493\Debug\vga.a(NEWLINE.o)
                                0x2bd (size before relaxing)
 .debug_str     0x00000a25      0x112 .\CortexM3\ARM_GCC_493\Debug\vga.a(VSYNC.o)
                                0x2bc (size before relaxing)
 .debug_str     0x00000b37      0x112 .\CortexM3\ARM_GCC_493\Debug\vga.a(HSYNC.o)
                                0x2bc (size before relaxing)
 .debug_str     0x00000c49      0x351 .\CortexM3\ARM_GCC_493\Debug\vga.a(CyDmac.o)
                                0x518 (size before relaxing)
 .debug_str     0x00000f9a      0x605 .\CortexM3\ARM_GCC_493\Debug\vga.a(CyLib.o)
                                0x813 (size before relaxing)
 .debug_str     0x0000159f      0x371 .\CortexM3\ARM_GCC_493\Debug\vga.a(cyPm.o)
                                0x522 (size before relaxing)
 .debug_str     0x00001910      0x2b4 .\CortexM3\ARM_GCC_493\Debug\vga.a(UART_1.o)
                                0x456 (size before relaxing)
 .debug_str     0x00001bc4      0x16d .\CortexM3\ARM_GCC_493\Debug\vga.a(Timer_1.o)
                                0x310 (size before relaxing)
 .debug_str     0x00001d31       0xe8 .\CortexM3\ARM_GCC_493\Debug\vga.a(ISR_1.o)
                                0x2a1 (size before relaxing)
 .debug_str     0x00001e19      0x1c4 .\CortexM3\ARM_GCC_493\Debug\vga.a(UART_1_IntClock.o)
                                0x355 (size before relaxing)
 .debug_str     0x00001fdd      0x137 .\CortexM3\ARM_GCC_493\Debug\vga.a(CyFlash.o)
                                0x2e8 (size before relaxing)
 .debug_str     0x00002114       0xfe .\CortexM3\ARM_GCC_493\Debug\vga.a(CySpc.o)
                                0x2c4 (size before relaxing)

.debug_loc
 *(.debug_loc)

.debug_macinfo
 *(.debug_macinfo)

.debug_ranges   0x00000000      0x988
 *(.debug_ranges)
 .debug_ranges  0x00000000       0x68 .\CortexM3\ARM_GCC_493\Debug\main.o
 .debug_ranges  0x00000068       0x10 .\CortexM3\ARM_GCC_493\Debug\draw.o
 .debug_ranges  0x00000078       0x30 .\CortexM3\ARM_GCC_493\Debug\Cm3Start.o
 .debug_ranges  0x000000a8       0x50 .\CortexM3\ARM_GCC_493\Debug\vga.a(cyfitter_cfg.o)
 .debug_ranges  0x000000f8       0x70 .\CortexM3\ARM_GCC_493\Debug\vga.a(VERT.o)
 .debug_ranges  0x00000168       0x80 .\CortexM3\ARM_GCC_493\Debug\vga.a(HORIZ.o)
 .debug_ranges  0x000001e8       0x18 .\CortexM3\ARM_GCC_493\Debug\vga.a(DMA_dma.o)
 .debug_ranges  0x00000200       0x70 .\CortexM3\ARM_GCC_493\Debug\vga.a(NEWLINE.o)
 .debug_ranges  0x00000270       0x70 .\CortexM3\ARM_GCC_493\Debug\vga.a(VSYNC.o)
 .debug_ranges  0x000002e0       0x70 .\CortexM3\ARM_GCC_493\Debug\vga.a(HSYNC.o)
 .debug_ranges  0x00000350       0xc8 .\CortexM3\ARM_GCC_493\Debug\vga.a(CyDmac.o)
 .debug_ranges  0x00000418      0x208 .\CortexM3\ARM_GCC_493\Debug\vga.a(CyLib.o)
 .debug_ranges  0x00000620       0x80 .\CortexM3\ARM_GCC_493\Debug\vga.a(cyPm.o)
 .debug_ranges  0x000006a0       0xe0 .\CortexM3\ARM_GCC_493\Debug\vga.a(UART_1.o)
 .debug_ranges  0x00000780       0x78 .\CortexM3\ARM_GCC_493\Debug\vga.a(Timer_1.o)
 .debug_ranges  0x000007f8       0x70 .\CortexM3\ARM_GCC_493\Debug\vga.a(ISR_1.o)
 .debug_ranges  0x00000868       0x60 .\CortexM3\ARM_GCC_493\Debug\vga.a(UART_1_IntClock.o)
 .debug_ranges  0x000008c8       0x68 .\CortexM3\ARM_GCC_493\Debug\vga.a(CyFlash.o)
 .debug_ranges  0x00000930       0x58 .\CortexM3\ARM_GCC_493\Debug\vga.a(CySpc.o)

.comment        0x00000000       0x70
 .comment       0x00000000       0x70 .\CortexM3\ARM_GCC_493\Debug\main.o
                                 0x71 (size before relaxing)
 .comment       0x00000000       0x71 .\CortexM3\ARM_GCC_493\Debug\draw.o
 .comment       0x00000000       0x71 .\CortexM3\ARM_GCC_493\Debug\cymetadata.o
 .comment       0x00000000       0x71 .\CortexM3\ARM_GCC_493\Debug\Cm3Start.o
 .comment       0x00000000       0x71 .\CortexM3\ARM_GCC_493\Debug\vga.a(cyfitter_cfg.o)
 .comment       0x00000000       0x71 .\CortexM3\ARM_GCC_493\Debug\vga.a(VERT.o)
 .comment       0x00000000       0x71 .\CortexM3\ARM_GCC_493\Debug\vga.a(HORIZ.o)
 .comment       0x00000000       0x71 .\CortexM3\ARM_GCC_493\Debug\vga.a(DMA_dma.o)
 .comment       0x00000000       0x71 .\CortexM3\ARM_GCC_493\Debug\vga.a(NEWLINE.o)
 .comment       0x00000000       0x71 .\CortexM3\ARM_GCC_493\Debug\vga.a(VSYNC.o)
 .comment       0x00000000       0x71 .\CortexM3\ARM_GCC_493\Debug\vga.a(HSYNC.o)
 .comment       0x00000000       0x71 .\CortexM3\ARM_GCC_493\Debug\vga.a(CyDmac.o)
 .comment       0x00000000       0x71 .\CortexM3\ARM_GCC_493\Debug\vga.a(CyLib.o)
 .comment       0x00000000       0x71 .\CortexM3\ARM_GCC_493\Debug\vga.a(cyPm.o)
 .comment       0x00000000       0x71 .\CortexM3\ARM_GCC_493\Debug\vga.a(UART_1.o)
 .comment       0x00000000       0x71 .\CortexM3\ARM_GCC_493\Debug\vga.a(Timer_1.o)
 .comment       0x00000000       0x71 .\CortexM3\ARM_GCC_493\Debug\vga.a(ISR_1.o)
 .comment       0x00000000       0x71 .\CortexM3\ARM_GCC_493\Debug\vga.a(UART_1_IntClock.o)
 .comment       0x00000000       0x71 .\CortexM3\ARM_GCC_493\Debug\vga.a(CyFlash.o)
 .comment       0x00000000       0x71 .\CortexM3\ARM_GCC_493\Debug\vga.a(CySpc.o)

.debug_weaknames
 *(.debug_weaknames)

.debug_funcnames
 *(.debug_funcnames)

.debug_typenames
 *(.debug_typenames)

.debug_varnames
 *(.debug_varnames)

.note.gnu.arm.ident
 *(.note.gnu.arm.ident)

.ARM.attributes
                0x00000000       0x29
 *(.ARM.attributes)
 .ARM.attributes
                0x00000000       0x1d c:/program files (x86)/cypress/psoc creator/3.3/psoc creator/import/gnu/arm/4.9.3/bin/../lib/gcc/arm-none-eabi/4.9.3/armv7-m/crti.o
 .ARM.attributes
                0x0000001d       0x2d c:/program files (x86)/cypress/psoc creator/3.3/psoc creator/import/gnu/arm/4.9.3/bin/../lib/gcc/arm-none-eabi/4.9.3/armv7-m/crtbegin.o
 .ARM.attributes
                0x0000004a       0x1b c:/program files (x86)/cypress/psoc creator/3.3/psoc creator/import/gnu/arm/4.9.3/bin/../lib/gcc/arm-none-eabi/4.9.3/../../../../arm-none-eabi/lib/armv7-m/crt0.o
 .ARM.attributes
                0x00000065       0x33 .\CortexM3\ARM_GCC_493\Debug\main.o
 .ARM.attributes
                0x00000098       0x33 .\CortexM3\ARM_GCC_493\Debug\draw.o
 .ARM.attributes
                0x000000cb       0x33 .\CortexM3\ARM_GCC_493\Debug\cymetadata.o
 .ARM.attributes
                0x000000fe       0x33 .\CortexM3\ARM_GCC_493\Debug\Cm3Start.o
 .ARM.attributes
                0x00000131       0x33 .\CortexM3\ARM_GCC_493\Debug\vga.a(cyfitter_cfg.o)
 .ARM.attributes
                0x00000164       0x33 .\CortexM3\ARM_GCC_493\Debug\vga.a(VERT.o)
 .ARM.attributes
                0x00000197       0x33 .\CortexM3\ARM_GCC_493\Debug\vga.a(HORIZ.o)
 .ARM.attributes
                0x000001ca       0x33 .\CortexM3\ARM_GCC_493\Debug\vga.a(DMA_dma.o)
 .ARM.attributes
                0x000001fd       0x33 .\CortexM3\ARM_GCC_493\Debug\vga.a(NEWLINE.o)
 .ARM.attributes
                0x00000230       0x33 .\CortexM3\ARM_GCC_493\Debug\vga.a(VSYNC.o)
 .ARM.attributes
                0x00000263       0x33 .\CortexM3\ARM_GCC_493\Debug\vga.a(HSYNC.o)
 .ARM.attributes
                0x00000296       0x21 .\CortexM3\ARM_GCC_493\Debug\vga.a(CyBootAsmGnu.o)
 .ARM.attributes
                0x000002b7       0x33 .\CortexM3\ARM_GCC_493\Debug\vga.a(CyDmac.o)
 .ARM.attributes
                0x000002ea       0x33 .\CortexM3\ARM_GCC_493\Debug\vga.a(CyLib.o)
 .ARM.attributes
                0x0000031d       0x33 .\CortexM3\ARM_GCC_493\Debug\vga.a(cyPm.o)
 .ARM.attributes
                0x00000350       0x33 .\CortexM3\ARM_GCC_493\Debug\vga.a(UART_1.o)
 .ARM.attributes
                0x00000383       0x33 .\CortexM3\ARM_GCC_493\Debug\vga.a(Timer_1.o)
 .ARM.attributes
                0x000003b6       0x33 .\CortexM3\ARM_GCC_493\Debug\vga.a(ISR_1.o)
 .ARM.attributes
                0x000003e9       0x33 .\CortexM3\ARM_GCC_493\Debug\vga.a(UART_1_IntClock.o)
 .ARM.attributes
                0x0000041c       0x33 .\CortexM3\ARM_GCC_493\Debug\vga.a(CyFlash.o)
 .ARM.attributes
                0x0000044f       0x33 .\CortexM3\ARM_GCC_493\Debug\vga.a(CySpc.o)
 .ARM.attributes
                0x00000482       0x2d c:/program files (x86)/cypress/psoc creator/3.3/psoc creator/import/gnu/arm/4.9.3/bin/../lib/gcc/arm-none-eabi/4.9.3/../../../../arm-none-eabi/lib/armv7-m\libg_nano.a(lib_a-exit.o)
 .ARM.attributes
                0x000004af       0x2d c:/program files (x86)/cypress/psoc creator/3.3/psoc creator/import/gnu/arm/4.9.3/bin/../lib/gcc/arm-none-eabi/4.9.3/../../../../arm-none-eabi/lib/armv7-m\libg_nano.a(lib_a-impure.o)
 .ARM.attributes
                0x000004dc       0x2d c:/program files (x86)/cypress/psoc creator/3.3/psoc creator/import/gnu/arm/4.9.3/bin/../lib/gcc/arm-none-eabi/4.9.3/../../../../arm-none-eabi/lib/armv7-m\libg_nano.a(lib_a-init.o)
 .ARM.attributes
                0x00000509       0x2d c:/program files (x86)/cypress/psoc creator/3.3/psoc creator/import/gnu/arm/4.9.3/bin/../lib/gcc/arm-none-eabi/4.9.3/../../../../arm-none-eabi/lib/armv7-m\libg_nano.a(lib_a-memcpy.o)
 .ARM.attributes
                0x00000536       0x2d c:/program files (x86)/cypress/psoc creator/3.3/psoc creator/import/gnu/arm/4.9.3/bin/../lib/gcc/arm-none-eabi/4.9.3/../../../../arm-none-eabi/lib/armv7-m\libg_nano.a(lib_a-memset.o)
 .ARM.attributes
                0x00000563       0x2d c:/program files (x86)/cypress/psoc creator/3.3/psoc creator/import/gnu/arm/4.9.3/bin/../lib/gcc/arm-none-eabi/4.9.3/armv7-m/crtend.o
 .ARM.attributes
                0x00000590       0x1d c:/program files (x86)/cypress/psoc creator/3.3/psoc creator/import/gnu/arm/4.9.3/bin/../lib/gcc/arm-none-eabi/4.9.3/armv7-m/crtn.o

/DISCARD/
 *(.note.GNU-stack)
OUTPUT(.\CortexM3\ARM_GCC_493\Debug\vga.elf elf32-littlearm)
