Archive member included because of file (symbol)

.\CortexM3\ARM_GCC_493\Debug\Echo.a(cyfitter_cfg.o)
                              .\CortexM3\ARM_GCC_493\Debug\Cm3Start.o (cyfitter_cfg)
.\CortexM3\ARM_GCC_493\Debug\Echo.a(UART_1.o)
                              .\CortexM3\ARM_GCC_493\Debug\main.o (UART_1_Init)
.\CortexM3\ARM_GCC_493\Debug\Echo.a(UART_1_IntClock.o)
                              .\CortexM3\ARM_GCC_493\Debug\Echo.a(UART_1.o) (UART_1_IntClock_Start)
.\CortexM3\ARM_GCC_493\Debug\Echo.a(CyBootAsmGnu.o)
                              .\CortexM3\ARM_GCC_493\Debug\Echo.a(cyfitter_cfg.o) (CyDelayCycles)
.\CortexM3\ARM_GCC_493\Debug\Echo.a(CyLib.o)
                              .\CortexM3\ARM_GCC_493\Debug\Cm3Start.o (CyHalt)
.\CortexM3\ARM_GCC_493\Debug\Echo.a(cyPm.o)
                              .\CortexM3\ARM_GCC_493\Debug\Echo.a(CyLib.o) (CyPmReadStatus)
.\CortexM3\ARM_GCC_493\Debug\Echo.a(ADC_SAR_1.o)
                              .\CortexM3\ARM_GCC_493\Debug\main.o (ADC_SAR_1_Start)
.\CortexM3\ARM_GCC_493\Debug\Echo.a(ADC_SAR_1_INT.o)
                              .\CortexM3\ARM_GCC_493\Debug\Echo.a(ADC_SAR_1.o) (ADC_SAR_1_ISR)
.\CortexM3\ARM_GCC_493\Debug\Echo.a(ADC_SAR_2.o)
                              .\CortexM3\ARM_GCC_493\Debug\main.o (ADC_SAR_2_Start)
.\CortexM3\ARM_GCC_493\Debug\Echo.a(ADC_SAR_2_INT.o)
                              .\CortexM3\ARM_GCC_493\Debug\Echo.a(ADC_SAR_2.o) (ADC_SAR_2_ISR)
.\CortexM3\ARM_GCC_493\Debug\Echo.a(B1.o)
                              .\CortexM3\ARM_GCC_493\Debug\main.o (B1_Read)
.\CortexM3\ARM_GCC_493\Debug\Echo.a(B2.o)
                              .\CortexM3\ARM_GCC_493\Debug\main.o (B2_Read)
.\CortexM3\ARM_GCC_493\Debug\Echo.a(B3.o)
                              .\CortexM3\ARM_GCC_493\Debug\main.o (B3_Read)
.\CortexM3\ARM_GCC_493\Debug\Echo.a(B4.o)
                              .\CortexM3\ARM_GCC_493\Debug\main.o (B4_Read)
.\CortexM3\ARM_GCC_493\Debug\Echo.a(ADC_SAR_1_theACLK.o)
                              .\CortexM3\ARM_GCC_493\Debug\Echo.a(ADC_SAR_1.o) (ADC_SAR_1_theACLK_SetModeRegister)
.\CortexM3\ARM_GCC_493\Debug\Echo.a(ADC_SAR_2_theACLK.o)
                              .\CortexM3\ARM_GCC_493\Debug\Echo.a(ADC_SAR_2.o) (ADC_SAR_2_theACLK_SetModeRegister)
.\CortexM3\ARM_GCC_493\Debug\Echo.a(CyFlash.o)
                              .\CortexM3\ARM_GCC_493\Debug\Echo.a(cyPm.o) (CyFlash_SetWaitCycles)
.\CortexM3\ARM_GCC_493\Debug\Echo.a(CySpc.o)
                              .\CortexM3\ARM_GCC_493\Debug\Echo.a(CyFlash.o) (CySpcStart)
c:/program files (x86)/cypress/psoc creator/3.3/psoc creator/import/gnu/arm/4.9.3/bin/../lib/gcc/arm-none-eabi/4.9.3/armv7-m\libgcc.a(_arm_addsubsf3.o)
                              .\CortexM3\ARM_GCC_493\Debug\Echo.a(ADC_SAR_1.o) (__aeabi_i2f)
c:/program files (x86)/cypress/psoc creator/3.3/psoc creator/import/gnu/arm/4.9.3/bin/../lib/gcc/arm-none-eabi/4.9.3/armv7-m\libgcc.a(_arm_muldivsf3.o)
                              .\CortexM3\ARM_GCC_493\Debug\Echo.a(ADC_SAR_1.o) (__aeabi_fmul)
c:/program files (x86)/cypress/psoc creator/3.3/psoc creator/import/gnu/arm/4.9.3/bin/../lib/gcc/arm-none-eabi/4.9.3/armv7-m\libgcc.a(_aeabi_ldivmod.o)
                              .\CortexM3\ARM_GCC_493\Debug\Echo.a(ADC_SAR_1.o) (__aeabi_ldivmod)
c:/program files (x86)/cypress/psoc creator/3.3/psoc creator/import/gnu/arm/4.9.3/bin/../lib/gcc/arm-none-eabi/4.9.3/armv7-m\libgcc.a(bpabi.o)
                              c:/program files (x86)/cypress/psoc creator/3.3/psoc creator/import/gnu/arm/4.9.3/bin/../lib/gcc/arm-none-eabi/4.9.3/armv7-m\libgcc.a(_aeabi_ldivmod.o) (__gnu_ldivmod_helper)
c:/program files (x86)/cypress/psoc creator/3.3/psoc creator/import/gnu/arm/4.9.3/bin/../lib/gcc/arm-none-eabi/4.9.3/armv7-m\libgcc.a(_dvmd_tls.o)
                              c:/program files (x86)/cypress/psoc creator/3.3/psoc creator/import/gnu/arm/4.9.3/bin/../lib/gcc/arm-none-eabi/4.9.3/armv7-m\libgcc.a(_aeabi_ldivmod.o) (__aeabi_ldiv0)
c:/program files (x86)/cypress/psoc creator/3.3/psoc creator/import/gnu/arm/4.9.3/bin/../lib/gcc/arm-none-eabi/4.9.3/armv7-m\libgcc.a(_divdi3.o)
                              c:/program files (x86)/cypress/psoc creator/3.3/psoc creator/import/gnu/arm/4.9.3/bin/../lib/gcc/arm-none-eabi/4.9.3/armv7-m\libgcc.a(bpabi.o) (__divdi3)
c:/program files (x86)/cypress/psoc creator/3.3/psoc creator/import/gnu/arm/4.9.3/bin/../lib/gcc/arm-none-eabi/4.9.3/armv7-m\libgcc.a(_udivdi3.o)
                              c:/program files (x86)/cypress/psoc creator/3.3/psoc creator/import/gnu/arm/4.9.3/bin/../lib/gcc/arm-none-eabi/4.9.3/armv7-m\libgcc.a(bpabi.o) (__udivdi3)
c:/program files (x86)/cypress/psoc creator/3.3/psoc creator/import/gnu/arm/4.9.3/bin/../lib/gcc/arm-none-eabi/4.9.3/../../../../arm-none-eabi/lib/armv7-m\libg_nano.a(lib_a-errno.o)
                              .\CortexM3\ARM_GCC_493\Debug\Cm3Start.o (__errno)
[...]
Memory Configuration

Name             Origin             Length             Attributes
rom              0x00000000         0x00040000         xr
ram              0x1fff8000         0x00010000         xrw
*default*        0x00000000         0xffffffff

Linker script and memory map

LOAD c:/program files (x86)/cypress/psoc creator/3.3/psoc creator/import/gnu/arm/4.9.3/bin/../lib/gcc/arm-none-eabi/4.9.3/armv7-m/crti.o
LOAD c:/program files (x86)/cypress/psoc creator/3.3/psoc creator/import/gnu/arm/4.9.3/bin/../lib/gcc/arm-none-eabi/4.9.3/armv7-m/crtbegin.o
LOAD c:/program files (x86)/cypress/psoc creator/3.3/psoc creator/import/gnu/arm/4.9.3/bin/../lib/gcc/arm-none-eabi/4.9.3/../../../../arm-none-eabi/lib/armv7-m/crt0.o
START GROUP
LOAD .\CortexM3\ARM_GCC_493\Debug\main.o
LOAD .\CortexM3\ARM_GCC_493\Debug\cymetadata.o
LOAD .\CortexM3\ARM_GCC_493\Debug\Cm3Start.o
LOAD .\CortexM3\ARM_GCC_493\Debug\Echo.a
LOAD C:\Program Files (x86)\Cypress\PSoC Creator\3.3\PSoC Creator\psoc\content\cycomponentlibrary\CyComponentLibrary.cylib\CortexM3\ARM_GCC_493\Debug\CyComponentLibrary.a
END GROUP
START GROUP
LOAD c:/program files (x86)/cypress/psoc creator/3.3/psoc creator/import/gnu/arm/4.9.3/bin/../lib/gcc/arm-none-eabi/4.9.3/armv7-m\libgcc.a
LOAD c:/program files (x86)/cypress/psoc creator/3.3/psoc creator/import/gnu/arm/4.9.3/bin/../lib/gcc/arm-none-eabi/4.9.3/../../../../arm-none-eabi/lib/armv7-m\libg_nano.a
LOAD c:/program files (x86)/cypress/psoc creator/3.3/psoc creator/import/gnu/arm/4.9.3/bin/../lib/gcc/arm-none-eabi/4.9.3/../../../../arm-none-eabi/lib/armv7-m\libc_nano.a
END GROUP
START GROUP
LOAD c:/program files (x86)/cypress/psoc creator/3.3/psoc creator/import/gnu/arm/4.9.3/bin/../lib/gcc/arm-none-eabi/4.9.3/armv7-m\libgcc.a
LOAD c:/program files (x86)/cypress/psoc creator/3.3/psoc creator/import/gnu/arm/4.9.3/bin/../lib/gcc/arm-none-eabi/4.9.3/../../../../arm-none-eabi/lib/armv7-m\libc_nano.a
END GROUP
LOAD c:/program files (x86)/cypress/psoc creator/3.3/psoc creator/import/gnu/arm/4.9.3/bin/../lib/gcc/arm-none-eabi/4.9.3/armv7-m/crtend.o
LOAD c:/program files (x86)/cypress/psoc creator/3.3/psoc creator/import/gnu/arm/4.9.3/bin/../lib/gcc/arm-none-eabi/4.9.3/armv7-m/crtn.o
START GROUP
LOAD c:/program files (x86)/cypress/psoc creator/3.3/psoc creator/import/gnu/arm/4.9.3/bin/../lib/gcc/arm-none-eabi/4.9.3/armv7-m\libgcc.a
LOAD c:/program files (x86)/cypress/psoc creator/3.3/psoc creator/import/gnu/arm/4.9.3/bin/../lib/gcc/arm-none-eabi/4.9.3/../../../../arm-none-eabi/lib/armv7-m\libc.a
LOAD c:/program files (x86)/cypress/psoc creator/3.3/psoc creator/import/gnu/arm/4.9.3/bin/../lib/gcc/arm-none-eabi/4.9.3/../../../../arm-none-eabi/lib/armv7-m\libnosys.a
END GROUP
                0x00000000                CY_APPL_ORIGIN = 0x0
                0x00000100                CY_FLASH_ROW_SIZE = 0x100
                0x00000020                CY_ECC_ROW_SIZE = 0x20
                0x00000000                CY_EE_IN_BTLDR = 0x0
                0x00000000                CY_APPL_LOADABLE = 0x0
                0x00000800                CY_EE_SIZE = 0x800
                0x00000001                CY_APPL_NUM = 0x1
                0x00000001                CY_APPL_MAX = 0x1
                0x00000040                CY_METADATA_SIZE = 0x40
                0x00000000                CY_APPL_LOADABLE = 0x0
                0x00000000                CY_CHECKSUM_EXCLUDE_SIZE = ALIGN (0x0, CY_FLASH_ROW_SIZE)
                0x1fff8210                PROVIDE (__cy_heap_start, _end)
                0x00000001                PROVIDE (__cy_region_num, ((__cy_regions_end - __cy_regions) / 0x10))
                0x20008000                PROVIDE (__cy_stack, (ORIGIN (ram) + 0x10000))
                0x20007800                PROVIDE (__cy_heap_end, (__cy_stack - 0x800))

.cybootloader   0x00000000        0x0
 *(.cybootloader)
                0x00000000                appl1_start = CY_APPL_ORIGIN?CY_APPL_ORIGIN:ALIGN (CY_FLASH_ROW_SIZE)
                0x0001ff00                appl2_start = (appl1_start + ALIGN ((((0x40000 - appl1_start) - (0x2 * CY_FLASH_ROW_SIZE)) / 0x2), CY_FLASH_ROW_SIZE))
                0x00000000                appl_start = (CY_APPL_NUM == 0x1)?appl1_start:appl2_start
                0x00000000                ecc_offset = ((appl_start / CY_FLASH_ROW_SIZE) * CY_ECC_ROW_SIZE)
                0x00000000                ee_offset = (CY_APPL_LOADABLE && ! (CY_EE_IN_BTLDR))?((CY_EE_SIZE / CY_APPL_MAX) * (CY_APPL_NUM - 0x1)):0x0
                0x00000800                ee_size = (CY_APPL_LOADABLE && ! (CY_EE_IN_BTLDR))?(CY_EE_SIZE / CY_APPL_MAX):CY_EE_SIZE
                0x00000000                PROVIDE (CY_ECC_OFFSET, ecc_offset)

.text           0x00000000     0x2fb0
 CREATE_OBJECT_SYMBOLS
                0x00000000                PROVIDE (__cy_interrupt_vector, RomVectors)
 *(.romvectors)
 .romvectors    0x00000000       0x10 .\CortexM3\ARM_GCC_493\Debug\Cm3Start.o
                0x00000000                RomVectors
                0x00000001                ASSERT ((. != __cy_interrupt_vector), No interrupt vector)
                0x00000001                ASSERT (CY_APPL_ORIGIN?(SIZEOF (.cybootloader) <= CY_APPL_ORIGIN):0x1, Wrong image location)
                0x00000010                PROVIDE (__cy_reset, Reset)
 *(.text.Reset)
 .text.Reset    0x00000010       0x18 .\CortexM3\ARM_GCC_493\Debug\Cm3Start.o
                0x00000010                Reset
                0x00000001                ASSERT ((. != __cy_reset), No reset code)
 *(.dma_init)
                0x00000001                ASSERT ((((appl_start + .) <= 0x10000) || 0x1), DMA Init must be within the first 64k of flash)
 *(.text .text.* .gnu.linkonce.t.*)
 .text          0x00000028       0x5c c:/program files (x86)/cypress/psoc creator/3.3/psoc creator/import/gnu/arm/4.9.3/bin/../lib/gcc/arm-none-eabi/4.9.3/armv7-m/crtbegin.o
 .text.R_XADC   0x00000084       0x38 .\CortexM3\ARM_GCC_493\Debug\main.o
                0x00000084                R_XADC
 .text.R_YADC   0x000000bc       0x38 .\CortexM3\ARM_GCC_493\Debug\main.o
                0x000000bc                R_YADC
 .text.C_XADC   0x000000f4       0x98 .\CortexM3\ARM_GCC_493\Debug\main.o
                0x000000f4                C_XADC
 .text.C_YADC   0x0000018c       0x98 .\CortexM3\ARM_GCC_493\Debug\main.o
                0x0000018c                C_YADC
 .text.C_B      0x00000224       0x48 .\CortexM3\ARM_GCC_493\Debug\main.o
                0x00000224                C_B
 .text.main     0x0000026c       0x64 .\CortexM3\ARM_GCC_493\Debug\main.o
                0x0000026c                main
 .text.IntDefaultHandler
                0x000002d0        0x4 .\CortexM3\ARM_GCC_493\Debug\Cm3Start.o
                0x000002d0                IntDefaultHandler
 .text._sbrk    0x000002d4       0x30 .\CortexM3\ARM_GCC_493\Debug\Cm3Start.o
                0x000002d4                _sbrk
 .text.Start_c  0x00000304       0x4c .\CortexM3\ARM_GCC_493\Debug\Cm3Start.o
                0x00000304                Start_c
 .text.initialize_psoc
                0x00000350       0x74 .\CortexM3\ARM_GCC_493\Debug\Cm3Start.o
                0x00000350                initialize_psoc
 .text.CyClockStartupError
                0x000003c4        0x4 .\CortexM3\ARM_GCC_493\Debug\Echo.a(cyfitter_cfg.o)
 .text.cfg_write_bytes32
                0x000003c8       0x34 .\CortexM3\ARM_GCC_493\Debug\Echo.a(cyfitter_cfg.o)
 .text.CYMEMZERO
                0x000003fc        0xc .\CortexM3\ARM_GCC_493\Debug\Echo.a(cyfitter_cfg.o)
 .text.ClockSetup
                0x00000408       0xd4 .\CortexM3\ARM_GCC_493\Debug\Echo.a(cyfitter_cfg.o)
 .text.AnalogSetDefault
                0x000004dc       0x94 .\CortexM3\ARM_GCC_493\Debug\Echo.a(cyfitter_cfg.o)
 .text.CYCONFIGCPY
                0x00000570        0x8 .\CortexM3\ARM_GCC_493\Debug\Echo.a(cyfitter_cfg.o)
 .text.cyfitter_cfg
                0x00000578      0x110 .\CortexM3\ARM_GCC_493\Debug\Echo.a(cyfitter_cfg.o)
                0x00000578                cyfitter_cfg
 .text.UART_1_Init
                0x00000688       0x24 .\CortexM3\ARM_GCC_493\Debug\Echo.a(UART_1.o)
                0x00000688                UART_1_Init
 .text.UART_1_Enable
                0x000006ac       0x38 .\CortexM3\ARM_GCC_493\Debug\Echo.a(UART_1.o)
                0x000006ac                UART_1_Enable
 .text.UART_1_Start
                0x000006e4       0x1c .\CortexM3\ARM_GCC_493\Debug\Echo.a(UART_1.o)
                0x000006e4                UART_1_Start
 .text.UART_1_WriteTxData
                0x00000700       0x14 .\CortexM3\ARM_GCC_493\Debug\Echo.a(UART_1.o)
                0x00000700                UART_1_WriteTxData
 .text.UART_1_IntClock_Start
                0x00000714       0x1c .\CortexM3\ARM_GCC_493\Debug\Echo.a(UART_1_IntClock.o)
                0x00000714                UART_1_IntClock_Start
 .text          0x00000730       0x20 .\CortexM3\ARM_GCC_493\Debug\Echo.a(CyBootAsmGnu.o)
                0x00000730                CyDelayCycles
                0x00000740                CyEnterCriticalSection
                0x00000748                CyExitCriticalSection
 .text.CyHalt   0x00000750        0x4 .\CortexM3\ARM_GCC_493\Debug\Echo.a(CyLib.o)
                0x00000750                CyHalt
 .text.CyDelay  0x00000754       0x2c .\CortexM3\ARM_GCC_493\Debug\Echo.a(CyLib.o)
                0x00000754                CyDelay
 .text.CyDelayUs
                0x00000780       0x14 .\CortexM3\ARM_GCC_493\Debug\Echo.a(CyLib.o)
                0x00000780                CyDelayUs
 .text.CyIntSetVector
                0x00000794       0x28 .\CortexM3\ARM_GCC_493\Debug\Echo.a(CyLib.o)
                0x00000794                CyIntSetVector
 .text.CyIntSetPriority
                0x000007bc       0x30 .\CortexM3\ARM_GCC_493\Debug\Echo.a(CyLib.o)
                0x000007bc                CyIntSetPriority
 .text.ADC_SAR_1_CalcGain
                0x000007ec       0x64 .\CortexM3\ARM_GCC_493\Debug\Echo.a(ADC_SAR_1.o)
 .text.ADC_SAR_1_Enable
                0x00000850       0x94 .\CortexM3\ARM_GCC_493\Debug\Echo.a(ADC_SAR_1.o)
                0x00000850                ADC_SAR_1_Enable
 .text.ADC_SAR_1_SetResolution
                0x000008e4       0x38 .\CortexM3\ARM_GCC_493\Debug\Echo.a(ADC_SAR_1.o)
                0x000008e4                ADC_SAR_1_SetResolution
 .text.ADC_SAR_1_Init
                0x0000091c       0x3c .\CortexM3\ARM_GCC_493\Debug\Echo.a(ADC_SAR_1.o)
                0x0000091c                ADC_SAR_1_Init
 .text.ADC_SAR_1_Start
                0x00000958       0x1c .\CortexM3\ARM_GCC_493\Debug\Echo.a(ADC_SAR_1.o)
                0x00000958                ADC_SAR_1_Start
 .text.ADC_SAR_1_StartConvert
                0x00000974       0x10 .\CortexM3\ARM_GCC_493\Debug\Echo.a(ADC_SAR_1.o)
                0x00000974                ADC_SAR_1_StartConvert
 .text.ADC_SAR_1_IsEndConversion
                0x00000984       0x24 .\CortexM3\ARM_GCC_493\Debug\Echo.a(ADC_SAR_1.o)
                0x00000984                ADC_SAR_1_IsEndConversion
 .text.ADC_SAR_1_GetResult16
                0x000009a8       0x18 .\CortexM3\ARM_GCC_493\Debug\Echo.a(ADC_SAR_1.o)
                0x000009a8                ADC_SAR_1_GetResult16
 .text.ADC_SAR_1_ISR
                0x000009c0        0x4 .\CortexM3\ARM_GCC_493\Debug\Echo.a(ADC_SAR_1_INT.o)
                0x000009c0                ADC_SAR_1_ISR
 .text.ADC_SAR_2_CalcGain
                0x000009c4       0x64 .\CortexM3\ARM_GCC_493\Debug\Echo.a(ADC_SAR_2.o)
 .text.ADC_SAR_2_Enable
                0x00000a28       0x94 .\CortexM3\ARM_GCC_493\Debug\Echo.a(ADC_SAR_2.o)
                0x00000a28                ADC_SAR_2_Enable
 .text.ADC_SAR_2_SetResolution
                0x00000abc       0x38 .\CortexM3\ARM_GCC_493\Debug\Echo.a(ADC_SAR_2.o)
                0x00000abc                ADC_SAR_2_SetResolution
 .text.ADC_SAR_2_Init
                0x00000af4       0x3c .\CortexM3\ARM_GCC_493\Debug\Echo.a(ADC_SAR_2.o)
                0x00000af4                ADC_SAR_2_Init
 .text.ADC_SAR_2_Start
                0x00000b30       0x1c .\CortexM3\ARM_GCC_493\Debug\Echo.a(ADC_SAR_2.o)
                0x00000b30                ADC_SAR_2_Start
 .text.ADC_SAR_2_StartConvert
                0x00000b4c       0x10 .\CortexM3\ARM_GCC_493\Debug\Echo.a(ADC_SAR_2.o)
                0x00000b4c                ADC_SAR_2_StartConvert
 .text.ADC_SAR_2_IsEndConversion
                0x00000b5c       0x24 .\CortexM3\ARM_GCC_493\Debug\Echo.a(ADC_SAR_2.o)
                0x00000b5c                ADC_SAR_2_IsEndConversion
 .text.ADC_SAR_2_GetResult16
                0x00000b80       0x18 .\CortexM3\ARM_GCC_493\Debug\Echo.a(ADC_SAR_2.o)
                0x00000b80                ADC_SAR_2_GetResult16
 .text.ADC_SAR_2_ISR
                0x00000b98        0x4 .\CortexM3\ARM_GCC_493\Debug\Echo.a(ADC_SAR_2_INT.o)
                0x00000b98                ADC_SAR_2_ISR
 .text.B1_Read  0x00000b9c       0x10 .\CortexM3\ARM_GCC_493\Debug\Echo.a(B1.o)
                0x00000b9c                B1_Read
 .text.B2_Read  0x00000bac       0x10 .\CortexM3\ARM_GCC_493\Debug\Echo.a(B2.o)
                0x00000bac                B2_Read
 .text.B3_Read  0x00000bbc       0x10 .\CortexM3\ARM_GCC_493\Debug\Echo.a(B3.o)
                0x00000bbc                B3_Read
 .text.B4_Read  0x00000bcc        0xc .\CortexM3\ARM_GCC_493\Debug\Echo.a(B4.o)
                0x00000bcc                B4_Read
 .text.ADC_SAR_1_theACLK_SetModeRegister
                0x00000bd8       0x14 .\CortexM3\ARM_GCC_493\Debug\Echo.a(ADC_SAR_1_theACLK.o)
                0x00000bd8                ADC_SAR_1_theACLK_SetModeRegister
 .text.ADC_SAR_2_theACLK_SetModeRegister
                0x00000bec       0x14 .\CortexM3\ARM_GCC_493\Debug\Echo.a(ADC_SAR_2_theACLK.o)
                0x00000bec                ADC_SAR_2_theACLK_SetModeRegister
 .text.__errno  0x00000c00        0xc c:/program files (x86)/cypress/psoc creator/3.3/psoc creator/import/gnu/arm/4.9.3/bin/../lib/gcc/arm-none-eabi/4.9.3/../../../../arm-none-eabi/lib/armv7-m\libg_nano.a(lib_a-errno.o)
                0x00000c00                __errno
 .text.__libc_init_array
                0x00000c0c       0x4c c:/program files (x86)/cypress/psoc creator/3.3/psoc creator/import/gnu/arm/4.9.3/bin/../lib/gcc/arm-none-eabi/4.9.3/../../../../arm-none-eabi/lib/armv7-m\libg_nano.a(lib_a-init.o)
                0x00000c0c                __libc_init_array
 .text.memcpy   0x00000c58       0x16 c:/program files (x86)/cypress/psoc creator/3.3/psoc creator/import/gnu/arm/4.9.3/bin/../lib/gcc/arm-none-eabi/4.9.3/../../../../arm-none-eabi/lib/armv7-m\libg_nano.a(lib_a-memcpy.o)
                0x00000c58                memcpy
 .text.memset   0x00000c6e       0x10 c:/program files (x86)/cypress/psoc creator/3.3/psoc creator/import/gnu/arm/4.9.3/bin/../lib/gcc/arm-none-eabi/4.9.3/../../../../arm-none-eabi/lib/armv7-m\libg_nano.a(lib_a-memset.o)
                0x00000c6e                memset
 .text.__cvt    0x00000c7e       0xbc c:/program files (x86)/cypress/psoc creator/3.3/psoc creator/import/gnu/arm/4.9.3/bin/../lib/gcc/arm-none-eabi/4.9.3/../../../../arm-none-eabi/lib/armv7-m\libg_nano.a(lib_a-nano-vfprintf_float.o)
                0x00000c7e                __cvt
 .text.__exponent
                0x00000d3a       0x62 c:/program files (x86)/cypress/psoc creator/3.3/psoc creator/import/gnu/arm/4.9.3/bin/../lib/gcc/arm-none-eabi/4.9.3/../../../../arm-none-eabi/lib/armv7-m\libg_nano.a(lib_a-nano-vfprintf_float.o)
                0x00000d3a                __exponent
 .text._printf_float
                0x00000d9c      0x48c c:/program files (x86)/cypress/psoc creator/3.3/psoc creator/import/gnu/arm/4.9.3/bin/../lib/gcc/arm-none-eabi/4.9.3/../../../../arm-none-eabi/lib/armv7-m\libg_nano.a(lib_a-nano-vfprintf_float.o)
                0x00000d9c                _printf_float
 .text._printf_common
                0x00001228       0xea c:/program files (x86)/cypress/psoc creator/3.3/psoc creator/import/gnu/arm/4.9.3/bin/../lib/gcc/arm-none-eabi/4.9.3/../../../../arm-none-eabi/lib/armv7-m\libg_nano.a(lib_a-nano-vfprintf_i.o)
                0x00001228                _printf_common
 *fill*         0x00001312        0x2 
 .text.__fpclassifyd
                0x00001314       0x50 c:/program files (x86)/cypress/psoc creator/3.3/psoc creator/import/gnu/arm/4.9.3/bin/../lib/gcc/arm-none-eabi/4.9.3/../../../../arm-none-eabi/lib/armv7-m\libg_nano.a(lib_a-s_fpclassify.o)
                0x00001314                __fpclassifyd
 .text.strlen   0x00001364       0x10 c:/program files (x86)/cypress/psoc creator/3.3/psoc creator/import/gnu/arm/4.9.3/bin/../lib/gcc/arm-none-eabi/4.9.3/../../../../arm-none-eabi/lib/armv7-m\libg_nano.a(lib_a-strlen.o)
                0x00001364                strlen
 .text.quorem   0x00001374      0x114 c:/program files (x86)/cypress/psoc creator/3.3/psoc creator/import/gnu/arm/4.9.3/bin/../lib/gcc/arm-none-eabi/4.9.3/../../../../arm-none-eabi/lib/armv7-m\libg_nano.a(lib_a-dtoa.o)
 .text._dtoa_r  0x00001488      0xb78 c:/program files (x86)/cypress/psoc creator/3.3/psoc creator/import/gnu/arm/4.9.3/bin/../lib/gcc/arm-none-eabi/4.9.3/../../../../arm-none-eabi/lib/armv7-m\libg_nano.a(lib_a-dtoa.o)
                0x00001488                _dtoa_r
 .text._localeconv_r
                0x00002000        0x8 c:/program files (x86)/cypress/psoc creator/3.3/psoc creator/import/gnu/arm/4.9.3/bin/../lib/gcc/arm-none-eabi/4.9.3/../../../../arm-none-eabi/lib/armv7-m\libg_nano.a(lib_a-locale.o)
                0x00002000                _localeconv_r
 .text.malloc   0x00002008       0x10 c:/program files (x86)/cypress/psoc creator/3.3/psoc creator/import/gnu/arm/4.9.3/bin/../lib/gcc/arm-none-eabi/4.9.3/../../../../arm-none-eabi/lib/armv7-m\libg_nano.a(lib_a-malloc.o)
                0x00002008                malloc
 .text._Balloc  0x00002018       0x6a c:/program files (x86)/cypress/psoc creator/3.3/psoc creator/import/gnu/arm/4.9.3/bin/../lib/gcc/arm-none-eabi/4.9.3/../../../../arm-none-eabi/lib/armv7-m\libg_nano.a(lib_a-mprec.o)
                0x00002018                _Balloc
 .text._Bfree   0x00002082       0x2e c:/program files (x86)/cypress/psoc creator/3.3/psoc creator/import/gnu/arm/4.9.3/bin/../lib/gcc/arm-none-eabi/4.9.3/../../../../arm-none-eabi/lib/armv7-m\libg_nano.a(lib_a-mprec.o)
                0x00002082                _Bfree
 .text.__multadd
                0x000020b0       0x7c c:/program files (x86)/cypress/psoc creator/3.3/psoc creator/import/gnu/arm/4.9.3/bin/../lib/gcc/arm-none-eabi/4.9.3/../../../../arm-none-eabi/lib/armv7-m\libg_nano.a(lib_a-mprec.o)
                0x000020b0                __multadd
 .text.__hi0bits
                0x0000212c       0x40 c:/program files (x86)/cypress/psoc creator/3.3/psoc creator/import/gnu/arm/4.9.3/bin/../lib/gcc/arm-none-eabi/4.9.3/../../../../arm-none-eabi/lib/armv7-m\libg_nano.a(lib_a-mprec.o)
                0x0000212c                __hi0bits
 .text.__lo0bits
                0x0000216c       0x5a c:/program files (x86)/cypress/psoc creator/3.3/psoc creator/import/gnu/arm/4.9.3/bin/../lib/gcc/arm-none-eabi/4.9.3/../../../../arm-none-eabi/lib/armv7-m\libg_nano.a(lib_a-mprec.o)
                0x0000216c                __lo0bits
 .text.__i2b    0x000021c6       0x12 c:/program files (x86)/cypress/psoc creator/3.3/psoc creator/import/gnu/arm/4.9.3/bin/../lib/gcc/arm-none-eabi/4.9.3/../../../../arm-none-eabi/lib/armv7-m\libg_nano.a(lib_a-mprec.o)
                0x000021c6                __i2b
 .text.__multiply
                0x000021d8      0x120 c:/program files (x86)/cypress/psoc creator/3.3/psoc creator/import/gnu/arm/4.9.3/bin/../lib/gcc/arm-none-eabi/4.9.3/../../../../arm-none-eabi/lib/armv7-m\libg_nano.a(lib_a-mprec.o)
                0x000021d8                __multiply
 .text.__pow5mult
                0x000022f8       0x9c c:/program files (x86)/cypress/psoc creator/3.3/psoc creator/import/gnu/arm/4.9.3/bin/../lib/gcc/arm-none-eabi/4.9.3/../../../../arm-none-eabi/lib/armv7-m\libg_nano.a(lib_a-mprec.o)
                0x000022f8                __pow5mult
 .text.__lshift
                0x00002394       0xa6 c:/program files (x86)/cypress/psoc creator/3.3/psoc creator/import/gnu/arm/4.9.3/bin/../lib/gcc/arm-none-eabi/4.9.3/../../../../arm-none-eabi/lib/armv7-m\libg_nano.a(lib_a-mprec.o)
                0x00002394                __lshift
 .text.__mcmp   0x0000243a       0x38 c:/program files (x86)/cypress/psoc creator/3.3/psoc creator/import/gnu/arm/4.9.3/bin/../lib/gcc/arm-none-eabi/4.9.3/../../../../arm-none-eabi/lib/armv7-m\libg_nano.a(lib_a-mprec.o)
                0x0000243a                __mcmp
 .text.__mdiff  0x00002472       0xbe c:/program files (x86)/cypress/psoc creator/3.3/psoc creator/import/gnu/arm/4.9.3/bin/../lib/gcc/arm-none-eabi/4.9.3/../../../../arm-none-eabi/lib/armv7-m\libg_nano.a(lib_a-mprec.o)
                0x00002472                __mdiff
 .text.__d2b    0x00002530       0xa4 c:/program files (x86)/cypress/psoc creator/3.3/psoc creator/import/gnu/arm/4.9.3/bin/../lib/gcc/arm-none-eabi/4.9.3/../../../../arm-none-eabi/lib/armv7-m\libg_nano.a(lib_a-mprec.o)
                0x00002530                __d2b
 .text._calloc_r
                0x000025d4       0x1c c:/program files (x86)/cypress/psoc creator/3.3/psoc creator/import/gnu/arm/4.9.3/bin/../lib/gcc/arm-none-eabi/4.9.3/../../../../arm-none-eabi/lib/armv7-m\libg_nano.a(lib_a-nano-callocr.o)
                0x000025d4                _calloc_r
 .text._malloc_r
                0x000025f0       0xac c:/program files (x86)/cypress/psoc creator/3.3/psoc creator/import/gnu/arm/4.9.3/bin/../lib/gcc/arm-none-eabi/4.9.3/../../../../arm-none-eabi/lib/armv7-m\libg_nano.a(lib_a-nano-mallocr.o)
                0x000025f0                _malloc_r
 .text._sbrk_r  0x0000269c       0x20 c:/program files (x86)/cypress/psoc creator/3.3/psoc creator/import/gnu/arm/4.9.3/bin/../lib/gcc/arm-none-eabi/4.9.3/../../../../arm-none-eabi/lib/armv7-m\libg_nano.a(lib_a-sbrkr.o)
                0x0000269c                _sbrk_r
 .text          0x000026bc      0x370 c:/program files (x86)/cypress/psoc creator/3.3/psoc creator/import/gnu/arm/4.9.3/bin/../lib/gcc/arm-none-eabi/4.9.3/armv7-m\libgcc.a(_arm_addsubdf3.o)
                0x000026bc                __aeabi_drsub
                0x000026c4                __aeabi_dsub
                0x000026c4                __subdf3
                0x000026c8                __aeabi_dadd
                0x000026c8                __adddf3
                0x00002940                __floatunsidf
                0x00002940                __aeabi_ui2d
                0x00002960                __floatsidf
                0x00002960                __aeabi_i2d
                0x00002984                __aeabi_f2d
                0x00002984                __extendsfdf2
                0x000029c0                __floatundidf
                0x000029c0                __aeabi_ul2d
                0x000029d0                __floatdidf
                0x000029d0                __aeabi_l2d
 .text          0x00002a2c      0x424 c:/program files (x86)/cypress/psoc creator/3.3/psoc creator/import/gnu/arm/4.9.3/bin/../lib/gcc/arm-none-eabi/4.9.3/armv7-m\libgcc.a(_arm_muldivdf3.o)
                0x00002a2c                __aeabi_dmul
                0x00002a2c                __muldf3
                0x00002c80                __divdf3
                0x00002c80                __aeabi_ddiv
 .text          0x00002e50      0x110 c:/program files (x86)/cypress/psoc creator/3.3/psoc creator/import/gnu/arm/4.9.3/bin/../lib/gcc/arm-none-eabi/4.9.3/armv7-m\libgcc.a(_arm_cmpdf2.o)
                0x00002e50                __gtdf2
                0x00002e50                __gedf2
                0x00002e58                __ltdf2
                0x00002e58                __ledf2
                0x00002e60                __nedf2
                0x00002e60                __eqdf2
                0x00002e60                __cmpdf2
                0x00002edc                __aeabi_cdrcmple
                0x00002eec                __aeabi_cdcmpeq
                0x00002eec                __aeabi_cdcmple
                0x00002efc                __aeabi_dcmpeq
                0x00002f10                __aeabi_dcmplt
                0x00002f24                __aeabi_dcmple
                0x00002f38                __aeabi_dcmpge
                0x00002f4c                __aeabi_dcmpgt
 .text          0x00002f60       0x50 c:/program files (x86)/cypress/psoc creator/3.3/psoc creator/import/gnu/arm/4.9.3/bin/../lib/gcc/arm-none-eabi/4.9.3/armv7-m\libgcc.a(_arm_fixdfsi.o)
                0x00002f60                __aeabi_d2iz
                0x00002f60                __fixdfsi
 *(.plt)
 *(.gnu.warning)
 *(.glue_7t)
 .glue_7t       0x00000000        0x0 linker stubs
 *(.glue_7)
 .glue_7        0x00000000        0x0 linker stubs
 *(.vfp11_veneer)
 .vfp11_veneer  0x00000000        0x0 linker stubs
 *(.bootloader)
 *(.ARM.extab* .gnu.linkonce.armextab.*)
 *(.gcc_except_table)

.v4_bx          0x00002fb0        0x0
 .v4_bx         0x00000000        0x0 linker stubs

.iplt           0x00002fb0        0x0
 .iplt          0x00000000        0x0 c:/program files (x86)/cypress/psoc creator/3.3/psoc creator/import/gnu/arm/4.9.3/bin/../lib/gcc/arm-none-eabi/4.9.3/armv7-m/crtbegin.o

.eh_frame_hdr
 *(.eh_frame_hdr)

.eh_frame       0x00002fb0        0x4
 *(.eh_frame)
 .eh_frame      0x00002fb0        0x0 c:/program files (x86)/cypress/psoc creator/3.3/psoc creator/import/gnu/arm/4.9.3/bin/../lib/gcc/arm-none-eabi/4.9.3/armv7-m/crtbegin.o
 .eh_frame      0x00002fb0        0x0 c:/program files (x86)/cypress/psoc creator/3.3/psoc creator/import/gnu/arm/4.9.3/bin/../lib/gcc/arm-none-eabi/4.9.3/../../../../arm-none-eabi/lib/armv7-m\libg_nano.a(lib_a-strcmp.o)
                                 0x28 (size before relaxing)
 .eh_frame      0x00002fb0        0x4 c:/program files (x86)/cypress/psoc creator/3.3/psoc creator/import/gnu/arm/4.9.3/bin/../lib/gcc/arm-none-eabi/4.9.3/armv7-m/crtend.o
                0x00002fb4                PROVIDE (__exidx_start, .)

.ARM.exidx
 *(.ARM.exidx* .gnu.linkonce.armexidx.*)
                0x00002fb4                __exidx_end = .

.rodata         0x00002fb8      0x1a0
 *(.rodata .rodata.* .gnu.linkonce.r.*)
 .rodata        0x00002fb8       0x44 .\CortexM3\ARM_GCC_493\Debug\Echo.a(cyfitter_cfg.o)
 .rodata.str1.1
                0x00002ffc        0x2 c:/program files (x86)/cypress/psoc creator/3.3/psoc creator/import/gnu/arm/4.9.3/bin/../lib/gcc/arm-none-eabi/4.9.3/../../../../arm-none-eabi/lib/armv7-m\libg_nano.a(lib_a-impure.o)
 .rodata.str1.1
                0x00002ffe       0x12 c:/program files (x86)/cypress/psoc creator/3.3/psoc creator/import/gnu/arm/4.9.3/bin/../lib/gcc/arm-none-eabi/4.9.3/../../../../arm-none-eabi/lib/armv7-m\libg_nano.a(lib_a-nano-vfprintf_float.o)
 .rodata.str1.1
                0x00003010        0xd c:/program files (x86)/cypress/psoc creator/3.3/psoc creator/import/gnu/arm/4.9.3/bin/../lib/gcc/arm-none-eabi/4.9.3/../../../../arm-none-eabi/lib/armv7-m\libg_nano.a(lib_a-dtoa.o)
                                  0xf (size before relaxing)
 .rodata.str1.1
                0x0000301d        0x8 c:/program files (x86)/cypress/psoc creator/3.3/psoc creator/import/gnu/arm/4.9.3/bin/../lib/gcc/arm-none-eabi/4.9.3/../../../../arm-none-eabi/lib/armv7-m\libg_nano.a(lib_a-locale.o)
                                  0xb (size before relaxing)
 *fill*         0x00003025        0x3 
 .rodata.__mprec_tens
                0x00003028       0xc8 c:/program files (x86)/cypress/psoc creator/3.3/psoc creator/import/gnu/arm/4.9.3/bin/../lib/gcc/arm-none-eabi/4.9.3/../../../../arm-none-eabi/lib/armv7-m\libg_nano.a(lib_a-mprec.o)
                0x00003028                __mprec_tens
 .rodata.__mprec_bigtens
                0x000030f0       0x28 c:/program files (x86)/cypress/psoc creator/3.3/psoc creator/import/gnu/arm/4.9.3/bin/../lib/gcc/arm-none-eabi/4.9.3/../../../../arm-none-eabi/lib/armv7-m\libg_nano.a(lib_a-mprec.o)
                0x000030f0                __mprec_bigtens
 .rodata.p05.5308
                0x00003118        0xc c:/program files (x86)/cypress/psoc creator/3.3/psoc creator/import/gnu/arm/4.9.3/bin/../lib/gcc/arm-none-eabi/4.9.3/../../../../arm-none-eabi/lib/armv7-m\libg_nano.a(lib_a-mprec.o)
                0x00003124                . = ALIGN (0x4)
 *(.init)
 .init          0x00003124        0x4 c:/program files (x86)/cypress/psoc creator/3.3/psoc creator/import/gnu/arm/4.9.3/bin/../lib/gcc/arm-none-eabi/4.9.3/armv7-m/crti.o
                0x00003124                _init
 .init          0x00003128        0x8 c:/program files (x86)/cypress/psoc creator/3.3/psoc creator/import/gnu/arm/4.9.3/bin/../lib/gcc/arm-none-eabi/4.9.3/armv7-m/crtn.o
                0x00003130                . = ALIGN (0x4)
                0x00003130                __preinit_array_start = .
 *(.preinit_array)
                0x00003130                __preinit_array_end = .
                0x00003130                . = ALIGN (0x4)
                0x00003130                __init_array_start = .
 *(SORT(.init_array.*))
 *(.init_array)
 .init_array    0x00003130        0x4 c:/program files (x86)/cypress/psoc creator/3.3/psoc creator/import/gnu/arm/4.9.3/bin/../lib/gcc/arm-none-eabi/4.9.3/armv7-m/crtbegin.o
 .init_array    0x00003134        0x4 .\CortexM3\ARM_GCC_493\Debug\Cm3Start.o
                0x00003138                __init_array_end = .
                0x00003138                . = ALIGN (0x4)
 *(.fini)
 .fini          0x00003138        0x4 c:/program files (x86)/cypress/psoc creator/3.3/psoc creator/import/gnu/arm/4.9.3/bin/../lib/gcc/arm-none-eabi/4.9.3/armv7-m/crti.o
                0x00003138                _fini
 .fini          0x0000313c        0x8 c:/program files (x86)/cypress/psoc creator/3.3/psoc creator/import/gnu/arm/4.9.3/bin/../lib/gcc/arm-none-eabi/4.9.3/armv7-m/crtn.o
                0x00003144                . = ALIGN (0x4)
                0x00003144                __fini_array_start = .
 *(.fini_array)
 .fini_array    0x00003144        0x4 c:/program files (x86)/cypress/psoc creator/3.3/psoc creator/import/gnu/arm/4.9.3/bin/../lib/gcc/arm-none-eabi/4.9.3/armv7-m/crtbegin.o
 *(SORT(.fini_array.*))
                0x00003148                __fini_array_end = .
                0x00003148                . = ALIGN (0x4)
 *crtbegin.o(.ctors)
 *(EXCLUDE_FILE(*crtend.o) .ctors)
 *(SORT(.ctors.*))
 *crtend.o(.ctors)
                0x00003148                . = ALIGN (0x4)
 *crtbegin.o(.dtors)
 *(EXCLUDE_FILE(*crtend.o) .dtors)
 *(SORT(.dtors.*))
 *crtend.o(.dtors)
                0x00003148                . = ALIGN (0x4)
                0x00003148                __cy_regions = .
                0x00003148        0x4 LONG 0x3158 __cy_region_init_ram
                0x0000314c        0x4 LONG 0x1fff8108 __cy_region_start_data
                0x00003150        0x4 LONG 0xb8 __cy_region_init_size_ram
                0x00003154        0x4 LONG 0x50 __cy_region_zero_size_ram
                0x00003158                __cy_regions_end = .
                0x00003158                . = ALIGN (0x8)
                0x00003158                _etext = .

.cy_checksum_exclude
                0x00003158        0x0
 *(.cy_checksum_exclude)

.ramvectors     0x1fff8000      0x100
                0x1fff8000                __cy_region_start_ram = .
 *(.ramvectors)
 .ramvectors    0x1fff8000      0x100 .\CortexM3\ARM_GCC_493\Debug\Cm3Start.o
                0x1fff8000                CyRamVectors

.noinit         0x1fff8100        0x5
 *(.noinit)
 .noinit        0x1fff8100        0x4 .\CortexM3\ARM_GCC_493\Debug\Cm3Start.o
 .noinit        0x1fff8104        0x1 .\CortexM3\ARM_GCC_493\Debug\Echo.a(CyLib.o)
                0x1fff8104                CyResetStatus

.data           0x1fff8108       0xb8 load address 0x00003158
                0x1fff8108                __cy_region_start_data = .
 *(.jcr)
 .jcr           0x1fff8108        0x0 c:/program files (x86)/cypress/psoc creator/3.3/psoc creator/import/gnu/arm/4.9.3/bin/../lib/gcc/arm-none-eabi/4.9.3/armv7-m/crtbegin.o
 .jcr           0x1fff8108        0x4 c:/program files (x86)/cypress/psoc creator/3.3/psoc creator/import/gnu/arm/4.9.3/bin/../lib/gcc/arm-none-eabi/4.9.3/armv7-m/crtend.o
 *(.got.plt)
 *(.got)
 *(.shdata)
 *(.data .data.* .gnu.linkonce.d.*)
 .data          0x1fff810c        0x2 .\CortexM3\ARM_GCC_493\Debug\main.o
                0x1fff810c                xsend
                0x1fff810d                ysend
 *fill*         0x1fff810e        0x2 
 .data          0x1fff8110        0x4 .\CortexM3\ARM_GCC_493\Debug\Cm3Start.o
 .data          0x1fff8114       0x10 .\CortexM3\ARM_GCC_493\Debug\Echo.a(CyLib.o)
                0x1fff8114                cydelay_32k_ms
                0x1fff8118                cydelay_freq_khz
                0x1fff811c                cydelay_freq_mhz
                0x1fff8120                cydelay_freq_hz
 .data.impure_data
                0x1fff8124       0x60 c:/program files (x86)/cypress/psoc creator/3.3/psoc creator/import/gnu/arm/4.9.3/bin/../lib/gcc/arm-none-eabi/4.9.3/../../../../arm-none-eabi/lib/armv7-m\libg_nano.a(lib_a-impure.o)
 .data._impure_ptr
                0x1fff8184        0x4 c:/program files (x86)/cypress/psoc creator/3.3/psoc creator/import/gnu/arm/4.9.3/bin/../lib/gcc/arm-none-eabi/4.9.3/../../../../arm-none-eabi/lib/armv7-m\libg_nano.a(lib_a-impure.o)
                0x1fff8184                _impure_ptr
 .data.lconv    0x1fff8188       0x38 c:/program files (x86)/cypress/psoc creator/3.3/psoc creator/import/gnu/arm/4.9.3/bin/../lib/gcc/arm-none-eabi/4.9.3/../../../../arm-none-eabi/lib/armv7-m\libg_nano.a(lib_a-locale.o)
                0x1fff81c0                . = ALIGN (0x8)
 *(.ram)
                0x1fff81c0                _edata = .

.igot.plt       0x1fff81c0        0x0 load address 0x00003210
 .igot.plt      0x00000000        0x0 c:/program files (x86)/cypress/psoc creator/3.3/psoc creator/import/gnu/arm/4.9.3/bin/../lib/gcc/arm-none-eabi/4.9.3/armv7-m/crtbegin.o

.bss            0x1fff81c0       0x50 load address 0x00003210
                0x1fff81c0                PROVIDE (__bss_start__, .)
 *(.shbss)
 *(.bss .bss.* .gnu.linkonce.b.*)
 .bss           0x1fff81c0       0x1c c:/program files (x86)/cypress/psoc creator/3.3/psoc creator/import/gnu/arm/4.9.3/bin/../lib/gcc/arm-none-eabi/4.9.3/armv7-m/crtbegin.o
 .bss           0x1fff81dc        0x6 .\CortexM3\ARM_GCC_493\Debug\main.o
                0x1fff81dc                xadcResult
                0x1fff81de                yadcResult
                0x1fff81e0                bstate
 .bss           0x1fff81e2        0x2 .\CortexM3\ARM_GCC_493\Debug\Echo.a(UART_1.o)
                0x1fff81e2                UART_1_initVar
 .bss           0x1fff81e4        0x1 .\CortexM3\ARM_GCC_493\Debug\Echo.a(ADC_SAR_1.o)
                0x1fff81e4                ADC_SAR_1_initVar
 .bss           0x1fff81e5        0x1 .\CortexM3\ARM_GCC_493\Debug\Echo.a(ADC_SAR_2.o)
                0x1fff81e5                ADC_SAR_2_initVar
 *fill*         0x1fff81e6        0x2 
 .bss.__malloc_sbrk_start
                0x1fff81e8        0x4 c:/program files (x86)/cypress/psoc creator/3.3/psoc creator/import/gnu/arm/4.9.3/bin/../lib/gcc/arm-none-eabi/4.9.3/../../../../arm-none-eabi/lib/armv7-m\libg_nano.a(lib_a-nano-mallocr.o)
                0x1fff81e8                __malloc_sbrk_start
 .bss.__malloc_free_list
                0x1fff81ec        0x4 c:/program files (x86)/cypress/psoc creator/3.3/psoc creator/import/gnu/arm/4.9.3/bin/../lib/gcc/arm-none-eabi/4.9.3/../../../../arm-none-eabi/lib/armv7-m\libg_nano.a(lib_a-nano-mallocr.o)
                0x1fff81ec                __malloc_free_list
 *(COMMON)
 COMMON         0x1fff81f0        0xa .\CortexM3\ARM_GCC_493\Debug\Echo.a(ADC_SAR_1.o)
                0x1fff81f0                ADC_SAR_1_countsPerVolt
                0x1fff81f2                ADC_SAR_1_shift
                0x1fff81f4                ADC_SAR_1_countsPer10Volt
                0x1fff81f8                ADC_SAR_1_offset
 *fill*         0x1fff81fa        0x2 
 COMMON         0x1fff81fc        0xa .\CortexM3\ARM_GCC_493\Debug\Echo.a(ADC_SAR_2.o)
                0x1fff81fc                ADC_SAR_2_countsPer10Volt
                0x1fff8200                ADC_SAR_2_shift
                0x1fff8202                ADC_SAR_2_offset
                0x1fff8204                ADC_SAR_2_countsPerVolt
 *fill*         0x1fff8206        0x2 
 COMMON         0x1fff8208        0x4 c:/program files (x86)/cypress/psoc creator/3.3/psoc creator/import/gnu/arm/4.9.3/bin/../lib/gcc/arm-none-eabi/4.9.3/../../../../arm-none-eabi/lib/armv7-m\libg_nano.a(lib_a-reent.o)
                0x1fff8208                errno
                0x1fff8210                . = ALIGN (0x8)
 *fill*         0x1fff820c        0x4 
 *(.ram.b)
                0x1fff8210                _end = .
                0x1fff8210                __end = .
                0x1fff8210                PROVIDE (end, .)
                0x1fff8210                PROVIDE (__bss_end__, .)
                0x00003158                __cy_region_init_ram = LOADADDR (.data)
                0x000000b8                __cy_region_init_size_ram = (_edata - ADDR (.data))
                0x00000050                __cy_region_zero_size_ram = (_end - _edata)

.heap           0x1fff8210       0x80 load address 0x00003210
                0x1fff8210                . = _end
                0x1fff8290                . = (. + 0x80)
 *fill*         0x1fff8210       0x80 
                0x1fff8290                __cy_heap_limit = .

.stack          0x20007800      0x800
                0x20007800                __cy_stack_limit = .
                0x20008000                . = (. + 0x800)
 *fill*         0x20007800      0x800 
                0x00000001                ASSERT ((__cy_stack_limit >= __cy_heap_limit), region RAM overflowed with stack)
                0x00000000                cy_checksum_exclude_size = (CY_APPL_LOADABLE == 0x1)?SIZEOF (.cy_checksum_exclude):0x0
                0x00000001                ASSERT ((cy_checksum_exclude_size <= CY_CHECKSUM_EXCLUDE_SIZE), CY_BOOT: Section .cy_checksum_exclude size exceedes specified limit.)

.cyloadermeta
 *(.cyloadermeta)

.cyloadablemeta
 *(.cyloadablemeta)

.cyconfigecc    0x80000000      0x480
 *(.cyconfigecc)
 .cyconfigecc   0x80000000      0x480 .\CortexM3\ARM_GCC_493\Debug\cymetadata.o
                0x80000000                cy_meta_configecc

.cycustnvl      0x90000000        0x4
 *(.cycustnvl)
 .cycustnvl     0x90000000        0x4 .\CortexM3\ARM_GCC_493\Debug\cymetadata.o
                0x90000000                cy_meta_custnvl

.cywolatch      0x90100000        0x4
 *(.cywolatch)
 .cywolatch     0x90100000        0x4 .\CortexM3\ARM_GCC_493\Debug\cymetadata.o
                0x90100000                cy_meta_wonvl

.cyeeprom       0x90200000        0x0
 *(.cyeeprom)
                0x00000001                ASSERT ((. <= ((0x90200000 + ee_offset) + ee_size)), .cyeeprom data will not fit in EEPROM)

.cyflashprotect
                0x90400000      0x100
 *(.cyflashprotect)
 .cyflashprotect
                0x90400000      0x100 .\CortexM3\ARM_GCC_493\Debug\cymetadata.o
                0x90400000                cy_meta_flashprotect

.cymeta         0x90500000        0xc
 *(.cymeta)
 .cymeta        0x90500000        0xc .\CortexM3\ARM_GCC_493\Debug\cymetadata.o
                0x90500000                cy_metadata

.rel.dyn        0x00003210        0x0 load address 0x9050000c
 .rel.iplt      0x00000000        0x0 c:/program files (x86)/cypress/psoc creator/3.3/psoc creator/import/gnu/arm/4.9.3/bin/../lib/gcc/arm-none-eabi/4.9.3/armv7-m/crtbegin.o

.stab
 *(.stab)

.stabstr
 *(.stabstr)

.debug
 *(.debug)

.line
 *(.line)

.debug_srcinfo
 *(.debug_srcinfo)

.debug_sfnames
 *(.debug_sfnames)

.debug_aranges  0x00000000      0x9f8
 *(.debug_aranges)
 .debug_aranges
                0x00000000       0x48 .\CortexM3\ARM_GCC_493\Debug\main.o
 .debug_aranges
                0x00000048       0x18 .\CortexM3\ARM_GCC_493\Debug\cymetadata.o
 .debug_aranges
                0x00000060       0x48 .\CortexM3\ARM_GCC_493\Debug\Cm3Start.o
 .debug_aranges
                0x000000a8       0x58 .\CortexM3\ARM_GCC_493\Debug\Echo.a(cyfitter_cfg.o)
 .debug_aranges
                0x00000100       0xf0 .\CortexM3\ARM_GCC_493\Debug\Echo.a(UART_1.o)
 .debug_aranges
                0x000001f0       0x70 .\CortexM3\ARM_GCC_493\Debug\Echo.a(UART_1_IntClock.o)
 .debug_aranges
                0x00000260       0x20 .\CortexM3\ARM_GCC_493\Debug\Echo.a(CyBootAsmGnu.o)
 .debug_aranges
                0x00000280      0x298 .\CortexM3\ARM_GCC_493\Debug\Echo.a(CyLib.o)
 .debug_aranges
                0x00000518       0x98 .\CortexM3\ARM_GCC_493\Debug\Echo.a(cyPm.o)
 .debug_aranges
                0x000005b0       0xa8 .\CortexM3\ARM_GCC_493\Debug\Echo.a(ADC_SAR_1.o)
 .debug_aranges
                0x00000658       0x20 .\CortexM3\ARM_GCC_493\Debug\Echo.a(ADC_SAR_1_INT.o)
 .debug_aranges
                0x00000678       0xa8 .\CortexM3\ARM_GCC_493\Debug\Echo.a(ADC_SAR_2.o)
 .debug_aranges
                0x00000720       0x20 .\CortexM3\ARM_GCC_493\Debug\Echo.a(ADC_SAR_2_INT.o)
 .debug_aranges
                0x00000740       0x38 .\CortexM3\ARM_GCC_493\Debug\Echo.a(B1.o)
 .debug_aranges
                0x00000778       0x38 .\CortexM3\ARM_GCC_493\Debug\Echo.a(B2.o)
 .debug_aranges
                0x000007b0       0x38 .\CortexM3\ARM_GCC_493\Debug\Echo.a(B3.o)
 .debug_aranges
                0x000007e8       0x38 .\CortexM3\ARM_GCC_493\Debug\Echo.a(B4.o)
 .debug_aranges
                0x00000820       0x70 .\CortexM3\ARM_GCC_493\Debug\Echo.a(ADC_SAR_1_theACLK.o)
 .debug_aranges
                0x00000890       0x70 .\CortexM3\ARM_GCC_493\Debug\Echo.a(ADC_SAR_2_theACLK.o)
 .debug_aranges
                0x00000900       0x80 .\CortexM3\ARM_GCC_493\Debug\Echo.a(CyFlash.o)
 .debug_aranges
                0x00000980       0x78 .\CortexM3\ARM_GCC_493\Debug\Echo.a(CySpc.o)

.debug_pubnames
 *(.debug_pubnames)

.debug_info     0x00000000     0x56bc
 *(.debug_info .gnu.linkonce.wi.*)
 .debug_info    0x00000000      0x386 .\CortexM3\ARM_GCC_493\Debug\main.o
 .debug_info    0x00000386      0x13c .\CortexM3\ARM_GCC_493\Debug\cymetadata.o
 .debug_info    0x000004c2      0x39f .\CortexM3\ARM_GCC_493\Debug\Cm3Start.o
 .debug_info    0x00000861      0x5df .\CortexM3\ARM_GCC_493\Debug\Echo.a(cyfitter_cfg.o)
 .debug_info    0x00000e40      0x603 .\CortexM3\ARM_GCC_493\Debug\Echo.a(UART_1.o)
 .debug_info    0x00001443      0x283 .\CortexM3\ARM_GCC_493\Debug\Echo.a(UART_1_IntClock.o)
 .debug_info    0x000016c6       0xa6 .\CortexM3\ARM_GCC_493\Debug\Echo.a(CyBootAsmGnu.o)
 .debug_info    0x0000176c     0x136f .\CortexM3\ARM_GCC_493\Debug\Echo.a(CyLib.o)
 .debug_info    0x00002adb      0xa57 .\CortexM3\ARM_GCC_493\Debug\Echo.a(cyPm.o)
 .debug_info    0x00003532      0x5f8 .\CortexM3\ARM_GCC_493\Debug\Echo.a(ADC_SAR_1.o)
 .debug_info    0x00003b2a       0x92 .\CortexM3\ARM_GCC_493\Debug\Echo.a(ADC_SAR_1_INT.o)
 .debug_info    0x00003bbc      0x5f8 .\CortexM3\ARM_GCC_493\Debug\Echo.a(ADC_SAR_2.o)
 .debug_info    0x000041b4       0x92 .\CortexM3\ARM_GCC_493\Debug\Echo.a(ADC_SAR_2_INT.o)
 .debug_info    0x00004246      0x11f .\CortexM3\ARM_GCC_493\Debug\Echo.a(B1.o)
 .debug_info    0x00004365      0x11f .\CortexM3\ARM_GCC_493\Debug\Echo.a(B2.o)
 .debug_info    0x00004484      0x11f .\CortexM3\ARM_GCC_493\Debug\Echo.a(B3.o)
 .debug_info    0x000045a3      0x121 .\CortexM3\ARM_GCC_493\Debug\Echo.a(B4.o)
 .debug_info    0x000046c4      0x283 .\CortexM3\ARM_GCC_493\Debug\Echo.a(ADC_SAR_1_theACLK.o)
 .debug_info    0x00004947      0x283 .\CortexM3\ARM_GCC_493\Debug\Echo.a(ADC_SAR_2_theACLK.o)
 .debug_info    0x00004bca      0x608 .\CortexM3\ARM_GCC_493\Debug\Echo.a(CyFlash.o)
 .debug_info    0x000051d2      0x4ea .\CortexM3\ARM_GCC_493\Debug\Echo.a(CySpc.o)

.debug_abbrev   0x00000000     0x1a24
 *(.debug_abbrev)
 .debug_abbrev  0x00000000      0x16f .\CortexM3\ARM_GCC_493\Debug\main.o
 .debug_abbrev  0x0000016f       0x77 .\CortexM3\ARM_GCC_493\Debug\cymetadata.o
 .debug_abbrev  0x000001e6      0x200 .\CortexM3\ARM_GCC_493\Debug\Cm3Start.o
 .debug_abbrev  0x000003e6      0x212 .\CortexM3\ARM_GCC_493\Debug\Echo.a(cyfitter_cfg.o)
 .debug_abbrev  0x000005f8      0x1a2 .\CortexM3\ARM_GCC_493\Debug\Echo.a(UART_1.o)
 .debug_abbrev  0x0000079a      0x139 .\CortexM3\ARM_GCC_493\Debug\Echo.a(UART_1_IntClock.o)
 .debug_abbrev  0x000008d3       0x14 .\CortexM3\ARM_GCC_493\Debug\Echo.a(CyBootAsmGnu.o)
 .debug_abbrev  0x000008e7      0x296 .\CortexM3\ARM_GCC_493\Debug\Echo.a(CyLib.o)
 .debug_abbrev  0x00000b7d      0x1ed .\CortexM3\ARM_GCC_493\Debug\Echo.a(cyPm.o)
 .debug_abbrev  0x00000d6a      0x1eb .\CortexM3\ARM_GCC_493\Debug\Echo.a(ADC_SAR_1.o)
 .debug_abbrev  0x00000f55       0x42 .\CortexM3\ARM_GCC_493\Debug\Echo.a(ADC_SAR_1_INT.o)
 .debug_abbrev  0x00000f97      0x1eb .\CortexM3\ARM_GCC_493\Debug\Echo.a(ADC_SAR_2.o)
 .debug_abbrev  0x00001182       0x42 .\CortexM3\ARM_GCC_493\Debug\Echo.a(ADC_SAR_2_INT.o)
 .debug_abbrev  0x000011c4       0x90 .\CortexM3\ARM_GCC_493\Debug\Echo.a(B1.o)
 .debug_abbrev  0x00001254       0x90 .\CortexM3\ARM_GCC_493\Debug\Echo.a(B2.o)
 .debug_abbrev  0x000012e4       0x90 .\CortexM3\ARM_GCC_493\Debug\Echo.a(B3.o)
 .debug_abbrev  0x00001374       0x90 .\CortexM3\ARM_GCC_493\Debug\Echo.a(B4.o)
 .debug_abbrev  0x00001404      0x139 .\CortexM3\ARM_GCC_493\Debug\Echo.a(ADC_SAR_1_theACLK.o)
 .debug_abbrev  0x0000153d      0x139 .\CortexM3\ARM_GCC_493\Debug\Echo.a(ADC_SAR_2_theACLK.o)
 .debug_abbrev  0x00001676      0x1ed .\CortexM3\ARM_GCC_493\Debug\Echo.a(CyFlash.o)
 .debug_abbrev  0x00001863      0x1c1 .\CortexM3\ARM_GCC_493\Debug\Echo.a(CySpc.o)

.debug_line     0x00000000     0x25f0
 *(.debug_line)
 .debug_line    0x00000000      0x281 .\CortexM3\ARM_GCC_493\Debug\main.o
 .debug_line    0x00000281       0x53 .\CortexM3\ARM_GCC_493\Debug\cymetadata.o
 .debug_line    0x000002d4      0x249 .\CortexM3\ARM_GCC_493\Debug\Cm3Start.o
 .debug_line    0x0000051d      0x210 .\CortexM3\ARM_GCC_493\Debug\Echo.a(cyfitter_cfg.o)
 .debug_line    0x0000072d      0x2c2 .\CortexM3\ARM_GCC_493\Debug\Echo.a(UART_1.o)
 .debug_line    0x000009ef      0x197 .\CortexM3\ARM_GCC_493\Debug\Echo.a(UART_1_IntClock.o)
 .debug_line    0x00000b86       0x68 .\CortexM3\ARM_GCC_493\Debug\Echo.a(CyBootAsmGnu.o)
 .debug_line    0x00000bee      0x806 .\CortexM3\ARM_GCC_493\Debug\Echo.a(CyLib.o)
 .debug_line    0x000013f4      0x366 .\CortexM3\ARM_GCC_493\Debug\Echo.a(cyPm.o)
 .debug_line    0x0000175a      0x223 .\CortexM3\ARM_GCC_493\Debug\Echo.a(ADC_SAR_1.o)
 .debug_line    0x0000197d       0x58 .\CortexM3\ARM_GCC_493\Debug\Echo.a(ADC_SAR_1_INT.o)
 .debug_line    0x000019d5      0x223 .\CortexM3\ARM_GCC_493\Debug\Echo.a(ADC_SAR_2.o)
 .debug_line    0x00001bf8       0x58 .\CortexM3\ARM_GCC_493\Debug\Echo.a(ADC_SAR_2_INT.o)
 .debug_line    0x00001c50       0x91 .\CortexM3\ARM_GCC_493\Debug\Echo.a(B1.o)
 .debug_line    0x00001ce1       0x91 .\CortexM3\ARM_GCC_493\Debug\Echo.a(B2.o)
 .debug_line    0x00001d72       0x91 .\CortexM3\ARM_GCC_493\Debug\Echo.a(B3.o)
 .debug_line    0x00001e03       0x91 .\CortexM3\ARM_GCC_493\Debug\Echo.a(B4.o)
 .debug_line    0x00001e94      0x199 .\CortexM3\ARM_GCC_493\Debug\Echo.a(ADC_SAR_1_theACLK.o)
 .debug_line    0x0000202d      0x199 .\CortexM3\ARM_GCC_493\Debug\Echo.a(ADC_SAR_2_theACLK.o)
 .debug_line    0x000021c6      0x1ec .\CortexM3\ARM_GCC_493\Debug\Echo.a(CyFlash.o)
 .debug_line    0x000023b2      0x23e .\CortexM3\ARM_GCC_493\Debug\Echo.a(CySpc.o)

.debug_frame    0x00000000     0x1f5c
 *(.debug_frame)
 .debug_frame   0x00000000       0xa0 .\CortexM3\ARM_GCC_493\Debug\main.o
 .debug_frame   0x000000a0       0xac .\CortexM3\ARM_GCC_493\Debug\Cm3Start.o
 .debug_frame   0x0000014c       0xfc .\CortexM3\ARM_GCC_493\Debug\Echo.a(cyfitter_cfg.o)
 .debug_frame   0x00000248      0x250 .\CortexM3\ARM_GCC_493\Debug\Echo.a(UART_1.o)
 .debug_frame   0x00000498       0xe0 .\CortexM3\ARM_GCC_493\Debug\Echo.a(UART_1_IntClock.o)
 .debug_frame   0x00000578      0x728 .\CortexM3\ARM_GCC_493\Debug\Echo.a(CyLib.o)
 .debug_frame   0x00000ca0      0x1f8 .\CortexM3\ARM_GCC_493\Debug\Echo.a(cyPm.o)
 .debug_frame   0x00000e98      0x1a4 .\CortexM3\ARM_GCC_493\Debug\Echo.a(ADC_SAR_1.o)
 .debug_frame   0x0000103c       0x20 .\CortexM3\ARM_GCC_493\Debug\Echo.a(ADC_SAR_1_INT.o)
 .debug_frame   0x0000105c      0x1a8 .\CortexM3\ARM_GCC_493\Debug\Echo.a(ADC_SAR_2.o)
 .debug_frame   0x00001204       0x20 .\CortexM3\ARM_GCC_493\Debug\Echo.a(ADC_SAR_2_INT.o)
 .debug_frame   0x00001224       0x50 .\CortexM3\ARM_GCC_493\Debug\Echo.a(B1.o)
 .debug_frame   0x00001274       0x50 .\CortexM3\ARM_GCC_493\Debug\Echo.a(B2.o)
 .debug_frame   0x000012c4       0x50 .\CortexM3\ARM_GCC_493\Debug\Echo.a(B3.o)
 .debug_frame   0x00001314       0x50 .\CortexM3\ARM_GCC_493\Debug\Echo.a(B4.o)
 .debug_frame   0x00001364       0xe0 .\CortexM3\ARM_GCC_493\Debug\Echo.a(ADC_SAR_1_theACLK.o)
 .debug_frame   0x00001444       0xe0 .\CortexM3\ARM_GCC_493\Debug\Echo.a(ADC_SAR_2_theACLK.o)
 .debug_frame   0x00001524      0x174 .\CortexM3\ARM_GCC_493\Debug\Echo.a(CyFlash.o)
 .debug_frame   0x00001698      0x160 .\CortexM3\ARM_GCC_493\Debug\Echo.a(CySpc.o)
 .debug_frame   0x000017f8       0x28 c:/program files (x86)/cypress/psoc creator/3.3/psoc creator/import/gnu/arm/4.9.3/bin/../lib/gcc/arm-none-eabi/4.9.3/armv7-m\libgcc.a(_aeabi_ldivmod.o)
 .debug_frame   0x00001820       0x54 c:/program files (x86)/cypress/psoc creator/3.3/psoc creator/import/gnu/arm/4.9.3/bin/../lib/gcc/arm-none-eabi/4.9.3/armv7-m\libgcc.a(bpabi.o)
 .debug_frame   0x00001874       0x34 c:/program files (x86)/cypress/psoc creator/3.3/psoc creator/import/gnu/arm/4.9.3/bin/../lib/gcc/arm-none-eabi/4.9.3/armv7-m\libgcc.a(_divdi3.o)
 .debug_frame   0x000018a8       0x34 c:/program files (x86)/cypress/psoc creator/3.3/psoc creator/import/gnu/arm/4.9.3/bin/../lib/gcc/arm-none-eabi/4.9.3/armv7-m\libgcc.a(_udivdi3.o)
 .debug_frame   0x000018dc       0x20 c:/program files (x86)/cypress/psoc creator/3.3/psoc creator/import/gnu/arm/4.9.3/bin/../lib/gcc/arm-none-eabi/4.9.3/../../../../arm-none-eabi/lib/armv7-m\libg_nano.a(lib_a-errno.o)
 .debug_frame   0x000018fc       0x28 c:/program files (x86)/cypress/psoc creator/3.3/psoc creator/import/gnu/arm/4.9.3/bin/../lib/gcc/arm-none-eabi/4.9.3/../../../../arm-none-eabi/lib/armv7-m\libg_nano.a(lib_a-exit.o)
 .debug_frame   0x00001924       0x2c c:/program files (x86)/cypress/psoc creator/3.3/psoc creator/import/gnu/arm/4.9.3/bin/../lib/gcc/arm-none-eabi/4.9.3/../../../../arm-none-eabi/lib/armv7-m\libg_nano.a(lib_a-init.o)
 .debug_frame   0x00001950       0x28 c:/program files (x86)/cypress/psoc creator/3.3/psoc creator/import/gnu/arm/4.9.3/bin/../lib/gcc/arm-none-eabi/4.9.3/../../../../arm-none-eabi/lib/armv7-m\libg_nano.a(lib_a-memcpy.o)
 .debug_frame   0x00001978       0x20 c:/program files (x86)/cypress/psoc creator/3.3/psoc creator/import/gnu/arm/4.9.3/bin/../lib/gcc/arm-none-eabi/4.9.3/../../../../arm-none-eabi/lib/armv7-m\libg_nano.a(lib_a-memset.o)
 .debug_frame   0x00001998       0x8c c:/program files (x86)/cypress/psoc creator/3.3/psoc creator/import/gnu/arm/4.9.3/bin/../lib/gcc/arm-none-eabi/4.9.3/../../../../arm-none-eabi/lib/armv7-m\libg_nano.a(lib_a-nano-vfprintf_float.o)
 .debug_frame   0x00001a24       0x58 c:/program files (x86)/cypress/psoc creator/3.3/psoc creator/import/gnu/arm/4.9.3/bin/../lib/gcc/arm-none-eabi/4.9.3/../../../../arm-none-eabi/lib/armv7-m\libg_nano.a(lib_a-nano-vfprintf_i.o)
 .debug_frame   0x00001a7c       0x28 c:/program files (x86)/cypress/psoc creator/3.3/psoc creator/import/gnu/arm/4.9.3/bin/../lib/gcc/arm-none-eabi/4.9.3/../../../../arm-none-eabi/lib/armv7-m\libg_nano.a(lib_a-s_fpclassify.o)
 .debug_frame   0x00001aa4       0x20 c:/program files (x86)/cypress/psoc creator/3.3/psoc creator/import/gnu/arm/4.9.3/bin/../lib/gcc/arm-none-eabi/4.9.3/../../../../arm-none-eabi/lib/armv7-m\libg_nano.a(lib_a-strlen.o)
 .debug_frame   0x00001ac4       0x6c c:/program files (x86)/cypress/psoc creator/3.3/psoc creator/import/gnu/arm/4.9.3/bin/../lib/gcc/arm-none-eabi/4.9.3/../../../../arm-none-eabi/lib/armv7-m\libg_nano.a(lib_a-dtoa.o)
 .debug_frame   0x00001b30       0x98 c:/program files (x86)/cypress/psoc creator/3.3/psoc creator/import/gnu/arm/4.9.3/bin/../lib/gcc/arm-none-eabi/4.9.3/../../../../arm-none-eabi/lib/armv7-m\libg_nano.a(lib_a-locale.o)
 .debug_frame   0x00001bc8       0x30 c:/program files (x86)/cypress/psoc creator/3.3/psoc creator/import/gnu/arm/4.9.3/bin/../lib/gcc/arm-none-eabi/4.9.3/../../../../arm-none-eabi/lib/armv7-m\libg_nano.a(lib_a-malloc.o)
 .debug_frame   0x00001bf8       0x28 c:/program files (x86)/cypress/psoc creator/3.3/psoc creator/import/gnu/arm/4.9.3/bin/../lib/gcc/arm-none-eabi/4.9.3/../../../../arm-none-eabi/lib/armv7-m\libg_nano.a(lib_a-memchr.o)
 .debug_frame   0x00001c20      0x230 c:/program files (x86)/cypress/psoc creator/3.3/psoc creator/import/gnu/arm/4.9.3/bin/../lib/gcc/arm-none-eabi/4.9.3/../../../../arm-none-eabi/lib/armv7-m\libg_nano.a(lib_a-mprec.o)
 .debug_frame   0x00001e50       0x2c c:/program files (x86)/cypress/psoc creator/3.3/psoc creator/import/gnu/arm/4.9.3/bin/../lib/gcc/arm-none-eabi/4.9.3/../../../../arm-none-eabi/lib/armv7-m\libg_nano.a(lib_a-nano-callocr.o)
 .debug_frame   0x00001e7c       0x2c c:/program files (x86)/cypress/psoc creator/3.3/psoc creator/import/gnu/arm/4.9.3/bin/../lib/gcc/arm-none-eabi/4.9.3/../../../../arm-none-eabi/lib/armv7-m\libg_nano.a(lib_a-nano-freer.o)
 .debug_frame   0x00001ea8       0x2c c:/program files (x86)/cypress/psoc creator/3.3/psoc creator/import/gnu/arm/4.9.3/bin/../lib/gcc/arm-none-eabi/4.9.3/../../../../arm-none-eabi/lib/armv7-m\libg_nano.a(lib_a-nano-mallocr.o)
 .debug_frame   0x00001ed4       0x2c c:/program files (x86)/cypress/psoc creator/3.3/psoc creator/import/gnu/arm/4.9.3/bin/../lib/gcc/arm-none-eabi/4.9.3/../../../../arm-none-eabi/lib/armv7-m\libg_nano.a(lib_a-sbrkr.o)
 .debug_frame   0x00001f00       0x5c c:/program files (x86)/cypress/psoc creator/3.3/psoc creator/import/gnu/arm/4.9.3/bin/../lib/gcc/arm-none-eabi/4.9.3/../../../../arm-none-eabi/lib/armv7-m\libg_nano.a(lib_a-reent.o)

.debug_str      0x00000000     0x20ac
 *(.debug_str)
 .debug_str     0x00000000      0x2cf .\CortexM3\ARM_GCC_493\Debug\main.o
                                0x31d (size before relaxing)
 .debug_str     0x000002cf       0x77 .\CortexM3\ARM_GCC_493\Debug\cymetadata.o
                                0x200 (size before relaxing)
 .debug_str     0x00000346      0x165 .\CortexM3\ARM_GCC_493\Debug\Cm3Start.o
                                0x314 (size before relaxing)
 .debug_str     0x000004ab      0x18e .\CortexM3\ARM_GCC_493\Debug\Echo.a(cyfitter_cfg.o)
                                0x358 (size before relaxing)
 .debug_str     0x00000639      0x2e8 .\CortexM3\ARM_GCC_493\Debug\Echo.a(UART_1.o)
                                0x4bd (size before relaxing)
 .debug_str     0x00000921      0x199 .\CortexM3\ARM_GCC_493\Debug\Echo.a(UART_1_IntClock.o)
                                0x364 (size before relaxing)
 .debug_str     0x00000aba      0x7f9 .\CortexM3\ARM_GCC_493\Debug\Echo.a(CyLib.o)
                                0xa39 (size before relaxing)
 .debug_str     0x000012b3      0x35b .\CortexM3\ARM_GCC_493\Debug\Echo.a(cyPm.o)
                                0x731 (size before relaxing)
 .debug_str     0x0000160e      0x214 .\CortexM3\ARM_GCC_493\Debug\Echo.a(ADC_SAR_1.o)
                                0x4d4 (size before relaxing)
 .debug_str     0x00001822       0x37 .\CortexM3\ARM_GCC_493\Debug\Echo.a(ADC_SAR_1_INT.o)
                                0x1b1 (size before relaxing)
 .debug_str     0x00001859      0x1cf .\CortexM3\ARM_GCC_493\Debug\Echo.a(ADC_SAR_2.o)
                                0x4d4 (size before relaxing)
 .debug_str     0x00001a28       0x37 .\CortexM3\ARM_GCC_493\Debug\Echo.a(ADC_SAR_2_INT.o)
                                0x1b1 (size before relaxing)
 .debug_str     0x00001a5f       0x51 .\CortexM3\ARM_GCC_493\Debug\Echo.a(B1.o)
                                0x1e9 (size before relaxing)
 .debug_str     0x00001ab0       0x46 .\CortexM3\ARM_GCC_493\Debug\Echo.a(B2.o)
                                0x1e9 (size before relaxing)
 .debug_str     0x00001af6       0x46 .\CortexM3\ARM_GCC_493\Debug\Echo.a(B3.o)
                                0x1e9 (size before relaxing)
 .debug_str     0x00001b3c       0x46 .\CortexM3\ARM_GCC_493\Debug\Echo.a(B4.o)
                                0x1e9 (size before relaxing)
 .debug_str     0x00001b82      0x16f .\CortexM3\ARM_GCC_493\Debug\Echo.a(ADC_SAR_1_theACLK.o)
                                0x37c (size before relaxing)
 .debug_str     0x00001cf1      0x16f .\CortexM3\ARM_GCC_493\Debug\Echo.a(ADC_SAR_2_theACLK.o)
                                0x37c (size before relaxing)
 .debug_str     0x00001e60      0x19e .\CortexM3\ARM_GCC_493\Debug\Echo.a(CyFlash.o)
                                0x3ab (size before relaxing)
 .debug_str     0x00001ffe       0xae .\CortexM3\ARM_GCC_493\Debug\Echo.a(CySpc.o)
                                0x334 (size before relaxing)

.debug_loc      0x00000000     0x24db
 *(.debug_loc)
 .debug_loc     0x00000000      0x144 .\CortexM3\ARM_GCC_493\Debug\Cm3Start.o
 .debug_loc     0x00000144      0x280 .\CortexM3\ARM_GCC_493\Debug\Echo.a(cyfitter_cfg.o)
 .debug_loc     0x000003c4      0x258 .\CortexM3\ARM_GCC_493\Debug\Echo.a(UART_1.o)
 .debug_loc     0x0000061c      0x128 .\CortexM3\ARM_GCC_493\Debug\Echo.a(UART_1_IntClock.o)
 .debug_loc     0x00000744      0xa11 .\CortexM3\ARM_GCC_493\Debug\Echo.a(CyLib.o)
 .debug_loc     0x00001155      0x1e4 .\CortexM3\ARM_GCC_493\Debug\Echo.a(cyPm.o)
 .debug_loc     0x00001339      0x273 .\CortexM3\ARM_GCC_493\Debug\Echo.a(ADC_SAR_1.o)
 .debug_loc     0x000015ac      0x273 .\CortexM3\ARM_GCC_493\Debug\Echo.a(ADC_SAR_2.o)
 .debug_loc     0x0000181f       0x42 .\CortexM3\ARM_GCC_493\Debug\Echo.a(B1.o)
 .debug_loc     0x00001861       0x42 .\CortexM3\ARM_GCC_493\Debug\Echo.a(B2.o)
 .debug_loc     0x000018a3       0x42 .\CortexM3\ARM_GCC_493\Debug\Echo.a(B3.o)
 .debug_loc     0x000018e5       0x55 .\CortexM3\ARM_GCC_493\Debug\Echo.a(B4.o)
 .debug_loc     0x0000193a      0x12c .\CortexM3\ARM_GCC_493\Debug\Echo.a(ADC_SAR_1_theACLK.o)
 .debug_loc     0x00001a66      0x128 .\CortexM3\ARM_GCC_493\Debug\Echo.a(ADC_SAR_2_theACLK.o)
 .debug_loc     0x00001b8e      0x300 .\CortexM3\ARM_GCC_493\Debug\Echo.a(CyFlash.o)
 .debug_loc     0x00001e8e      0x64d .\CortexM3\ARM_GCC_493\Debug\Echo.a(CySpc.o)

.debug_macinfo
 *(.debug_macinfo)

.debug_ranges   0x00000000      0x890
 *(.debug_ranges)
 .debug_ranges  0x00000000       0x38 .\CortexM3\ARM_GCC_493\Debug\main.o
 .debug_ranges  0x00000038       0x38 .\CortexM3\ARM_GCC_493\Debug\Cm3Start.o
 .debug_ranges  0x00000070       0x48 .\CortexM3\ARM_GCC_493\Debug\Echo.a(cyfitter_cfg.o)
 .debug_ranges  0x000000b8       0xe0 .\CortexM3\ARM_GCC_493\Debug\Echo.a(UART_1.o)
 .debug_ranges  0x00000198       0x60 .\CortexM3\ARM_GCC_493\Debug\Echo.a(UART_1_IntClock.o)
 .debug_ranges  0x000001f8      0x288 .\CortexM3\ARM_GCC_493\Debug\Echo.a(CyLib.o)
 .debug_ranges  0x00000480       0x88 .\CortexM3\ARM_GCC_493\Debug\Echo.a(cyPm.o)
 .debug_ranges  0x00000508       0x98 .\CortexM3\ARM_GCC_493\Debug\Echo.a(ADC_SAR_1.o)
 .debug_ranges  0x000005a0       0x10 .\CortexM3\ARM_GCC_493\Debug\Echo.a(ADC_SAR_1_INT.o)
 .debug_ranges  0x000005b0       0x98 .\CortexM3\ARM_GCC_493\Debug\Echo.a(ADC_SAR_2.o)
 .debug_ranges  0x00000648       0x10 .\CortexM3\ARM_GCC_493\Debug\Echo.a(ADC_SAR_2_INT.o)
 .debug_ranges  0x00000658       0x28 .\CortexM3\ARM_GCC_493\Debug\Echo.a(B1.o)
 .debug_ranges  0x00000680       0x28 .\CortexM3\ARM_GCC_493\Debug\Echo.a(B2.o)
 .debug_ranges  0x000006a8       0x28 .\CortexM3\ARM_GCC_493\Debug\Echo.a(B3.o)
 .debug_ranges  0x000006d0       0x28 .\CortexM3\ARM_GCC_493\Debug\Echo.a(B4.o)
 .debug_ranges  0x000006f8       0x60 .\CortexM3\ARM_GCC_493\Debug\Echo.a(ADC_SAR_1_theACLK.o)
 .debug_ranges  0x00000758       0x60 .\CortexM3\ARM_GCC_493\Debug\Echo.a(ADC_SAR_2_theACLK.o)
 .debug_ranges  0x000007b8       0x70 .\CortexM3\ARM_GCC_493\Debug\Echo.a(CyFlash.o)
 .debug_ranges  0x00000828       0x68 .\CortexM3\ARM_GCC_493\Debug\Echo.a(CySpc.o)

.comment        0x00000000       0x70
 .comment       0x00000000       0x70 .\CortexM3\ARM_GCC_493\Debug\main.o
                                 0x71 (size before relaxing)
 .comment       0x00000000       0x71 .\CortexM3\ARM_GCC_493\Debug\cymetadata.o
 .comment       0x00000000       0x71 .\CortexM3\ARM_GCC_493\Debug\Cm3Start.o
 .comment       0x00000000       0x71 .\CortexM3\ARM_GCC_493\Debug\Echo.a(cyfitter_cfg.o)
 .comment       0x00000000       0x71 .\CortexM3\ARM_GCC_493\Debug\Echo.a(UART_1.o)
 .comment       0x00000000       0x71 .\CortexM3\ARM_GCC_493\Debug\Echo.a(UART_1_IntClock.o)
 .comment       0x00000000       0x71 .\CortexM3\ARM_GCC_493\Debug\Echo.a(CyLib.o)
 .comment       0x00000000       0x71 .\CortexM3\ARM_GCC_493\Debug\Echo.a(cyPm.o)
 .comment       0x00000000       0x71 .\CortexM3\ARM_GCC_493\Debug\Echo.a(ADC_SAR_1.o)
 .comment       0x00000000       0x71 .\CortexM3\ARM_GCC_493\Debug\Echo.a(ADC_SAR_1_INT.o)
 .comment       0x00000000       0x71 .\CortexM3\ARM_GCC_493\Debug\Echo.a(ADC_SAR_2.o)
 .comment       0x00000000       0x71 .\CortexM3\ARM_GCC_493\Debug\Echo.a(ADC_SAR_2_INT.o)
 .comment       0x00000000       0x71 .\CortexM3\ARM_GCC_493\Debug\Echo.a(B1.o)
 .comment       0x00000000       0x71 .\CortexM3\ARM_GCC_493\Debug\Echo.a(B2.o)
 .comment       0x00000000       0x71 .\CortexM3\ARM_GCC_493\Debug\Echo.a(B3.o)
 .comment       0x00000000       0x71 .\CortexM3\ARM_GCC_493\Debug\Echo.a(B4.o)
 .comment       0x00000000       0x71 .\CortexM3\ARM_GCC_493\Debug\Echo.a(ADC_SAR_1_theACLK.o)
 .comment       0x00000000       0x71 .\CortexM3\ARM_GCC_493\Debug\Echo.a(ADC_SAR_2_theACLK.o)
 .comment       0x00000000       0x71 .\CortexM3\ARM_GCC_493\Debug\Echo.a(CyFlash.o)
 .comment       0x00000000       0x71 .\CortexM3\ARM_GCC_493\Debug\Echo.a(CySpc.o)

.debug_weaknames
 *(.debug_weaknames)

.debug_funcnames
 *(.debug_funcnames)

.debug_typenames
 *(.debug_typenames)

.debug_varnames
 *(.debug_varnames)

.note.gnu.arm.ident
 *(.note.gnu.arm.ident)

.ARM.attributes
                0x00000000       0x29
 *(.ARM.attributes)
 .ARM.attributes
                0x00000000       0x1d c:/program files (x86)/cypress/psoc creator/3.3/psoc creator/import/gnu/arm/4.9.3/bin/../lib/gcc/arm-none-eabi/4.9.3/armv7-m/crti.o
 .ARM.attributes
                0x0000001d       0x2d c:/program files (x86)/cypress/psoc creator/3.3/psoc creator/import/gnu/arm/4.9.3/bin/../lib/gcc/arm-none-eabi/4.9.3/armv7-m/crtbegin.o
 .ARM.attributes
                0x0000004a       0x1b c:/program files (x86)/cypress/psoc creator/3.3/psoc creator/import/gnu/arm/4.9.3/bin/../lib/gcc/arm-none-eabi/4.9.3/../../../../arm-none-eabi/lib/armv7-m/crt0.o
 .ARM.attributes
                0x00000065       0x33 .\CortexM3\ARM_GCC_493\Debug\main.o
 .ARM.attributes
                0x00000098       0x33 .\CortexM3\ARM_GCC_493\Debug\cymetadata.o
 .ARM.attributes
                0x000000cb       0x33 .\CortexM3\ARM_GCC_493\Debug\Cm3Start.o
 .ARM.attributes
                0x000000fe       0x33 .\CortexM3\ARM_GCC_493\Debug\Echo.a(cyfitter_cfg.o)
 .ARM.attributes
                0x00000131       0x33 .\CortexM3\ARM_GCC_493\Debug\Echo.a(UART_1.o)
 .ARM.attributes
                0x00000164       0x33 .\CortexM3\ARM_GCC_493\Debug\Echo.a(UART_1_IntClock.o)
 .ARM.attributes
                0x00000197       0x21 .\CortexM3\ARM_GCC_493\Debug\Echo.a(CyBootAsmGnu.o)
 .ARM.attributes
                0x000001b8       0x33 .\CortexM3\ARM_GCC_493\Debug\Echo.a(CyLib.o)
 .ARM.attributes
                0x000001eb       0x33 .\CortexM3\ARM_GCC_493\Debug\Echo.a(cyPm.o)
 .ARM.attributes
                0x0000021e       0x33 .\CortexM3\ARM_GCC_493\Debug\Echo.a(ADC_SAR_1.o)
 .ARM.attributes
                0x00000251       0x33 .\CortexM3\ARM_GCC_493\Debug\Echo.a(ADC_SAR_1_INT.o)
 .ARM.attributes
                0x00000284       0x33 .\CortexM3\ARM_GCC_493\Debug\Echo.a(ADC_SAR_2.o)
 .ARM.attributes
                0x000002b7       0x33 .\CortexM3\ARM_GCC_493\Debug\Echo.a(ADC_SAR_2_INT.o)
 .ARM.attributes
                0x000002ea       0x33 .\CortexM3\ARM_GCC_493\Debug\Echo.a(B1.o)
 .ARM.attributes
                0x0000031d       0x33 .\CortexM3\ARM_GCC_493\Debug\Echo.a(B2.o)
 .ARM.attributes
                0x00000350       0x33 .\CortexM3\ARM_GCC_493\Debug\Echo.a(B3.o)
 .ARM.attributes
                0x00000383       0x33 .\CortexM3\ARM_GCC_493\Debug\Echo.a(B4.o)
 .ARM.attributes
                0x000003b6       0x33 .\CortexM3\ARM_GCC_493\Debug\Echo.a(ADC_SAR_1_theACLK.o)
 .ARM.attributes
                0x000003e9       0x33 .\CortexM3\ARM_GCC_493\Debug\Echo.a(ADC_SAR_2_theACLK.o)
 .ARM.attributes
                0x0000041c       0x33 .\CortexM3\ARM_GCC_493\Debug\Echo.a(CyFlash.o)
 .ARM.attributes
                0x0000044f       0x33 .\CortexM3\ARM_GCC_493\Debug\Echo.a(CySpc.o)
 .ARM.attributes
                0x00000482       0x1d c:/program files (x86)/cypress/psoc creator/3.3/psoc creator/import/gnu/arm/4.9.3/bin/../lib/gcc/arm-none-eabi/4.9.3/armv7-m\libgcc.a(_arm_addsubsf3.o)
 .ARM.attributes
                0x0000049f       0x1d c:/program files (x86)/cypress/psoc creator/3.3/psoc creator/import/gnu/arm/4.9.3/bin/../lib/gcc/arm-none-eabi/4.9.3/armv7-m\libgcc.a(_arm_muldivsf3.o)
 .ARM.attributes
                0x000004bc       0x1d c:/program files (x86)/cypress/psoc creator/3.3/psoc creator/import/gnu/arm/4.9.3/bin/../lib/gcc/arm-none-eabi/4.9.3/armv7-m\libgcc.a(_aeabi_ldivmod.o)
 .ARM.attributes
                0x000004d9       0x2d c:/program files (x86)/cypress/psoc creator/3.3/psoc creator/import/gnu/arm/4.9.3/bin/../lib/gcc/arm-none-eabi/4.9.3/armv7-m\libgcc.a(bpabi.o)
 .ARM.attributes
                0x00000506       0x1d c:/program files (x86)/cypress/psoc creator/3.3/psoc creator/import/gnu/arm/4.9.3/bin/../lib/gcc/arm-none-eabi/4.9.3/armv7-m\libgcc.a(_dvmd_tls.o)
 .ARM.attributes
                0x00000523       0x2d c:/program files (x86)/cypress/psoc creator/3.3/psoc creator/import/gnu/arm/4.9.3/bin/../lib/gcc/arm-none-eabi/4.9.3/armv7-m\libgcc.a(_divdi3.o)
 .ARM.attributes
                0x00000550       0x2d c:/program files (x86)/cypress/psoc creator/3.3/psoc creator/import/gnu/arm/4.9.3/bin/../lib/gcc/arm-none-eabi/4.9.3/armv7-m\libgcc.a(_udivdi3.o)
 .ARM.attributes
                0x0000057d       0x2d c:/program files (x86)/cypress/psoc creator/3.3/psoc creator/import/gnu/arm/4.9.3/bin/../lib/gcc/arm-none-eabi/4.9.3/../../../../arm-none-eabi/lib/armv7-m\libg_nano.a(lib_a-errno.o)
 .ARM.attributes
                0x000005aa       0x2d c:/program files (x86)/cypress/psoc creator/3.3/psoc creator/import/gnu/arm/4.9.3/bin/../lib/gcc/arm-none-eabi/4.9.3/../../../../arm-none-eabi/lib/armv7-m\libg_nano.a(lib_a-exit.o)
 .ARM.attributes
                0x000005d7       0x2d c:/program files (x86)/cypress/psoc creator/3.3/psoc creator/import/gnu/arm/4.9.3/bin/../lib/gcc/arm-none-eabi/4.9.3/../../../../arm-none-eabi/lib/armv7-m\libg_nano.a(lib_a-impure.o)
 .ARM.attributes
                0x00000604       0x2d c:/program files (x86)/cypress/psoc creator/3.3/psoc creator/import/gnu/arm/4.9.3/bin/../lib/gcc/arm-none-eabi/4.9.3/../../../../arm-none-eabi/lib/armv7-m\libg_nano.a(lib_a-init.o)
 .ARM.attributes
                0x00000631       0x2d c:/program files (x86)/cypress/psoc creator/3.3/psoc creator/import/gnu/arm/4.9.3/bin/../lib/gcc/arm-none-eabi/4.9.3/../../../../arm-none-eabi/lib/armv7-m\libg_nano.a(lib_a-memcpy.o)
 .ARM.attributes
                0x0000065e       0x2d c:/program files (x86)/cypress/psoc creator/3.3/psoc creator/import/gnu/arm/4.9.3/bin/../lib/gcc/arm-none-eabi/4.9.3/../../../../arm-none-eabi/lib/armv7-m\libg_nano.a(lib_a-memset.o)
 .ARM.attributes
                0x0000068b       0x2d c:/program files (x86)/cypress/psoc creator/3.3/psoc creator/import/gnu/arm/4.9.3/bin/../lib/gcc/arm-none-eabi/4.9.3/../../../../arm-none-eabi/lib/armv7-m\libg_nano.a(lib_a-nano-vfprintf_float.o)
 .ARM.attributes
                0x000006b8       0x2d c:/program files (x86)/cypress/psoc creator/3.3/psoc creator/import/gnu/arm/4.9.3/bin/../lib/gcc/arm-none-eabi/4.9.3/../../../../arm-none-eabi/lib/armv7-m\libg_nano.a(lib_a-nano-vfprintf_i.o)
 .ARM.attributes
                0x000006e5       0x2d c:/program files (x86)/cypress/psoc creator/3.3/psoc creator/import/gnu/arm/4.9.3/bin/../lib/gcc/arm-none-eabi/4.9.3/../../../../arm-none-eabi/lib/armv7-m\libg_nano.a(lib_a-s_fpclassify.o)
 .ARM.attributes
                0x00000712       0x2d c:/program files (x86)/cypress/psoc creator/3.3/psoc creator/import/gnu/arm/4.9.3/bin/../lib/gcc/arm-none-eabi/4.9.3/../../../../arm-none-eabi/lib/armv7-m\libg_nano.a(lib_a-strlen.o)
 .ARM.attributes
                0x0000073f       0x2d c:/program files (x86)/cypress/psoc creator/3.3/psoc creator/import/gnu/arm/4.9.3/bin/../lib/gcc/arm-none-eabi/4.9.3/../../../../arm-none-eabi/lib/armv7-m\libg_nano.a(lib_a-dtoa.o)
 .ARM.attributes
                0x0000076c       0x2d c:/program files (x86)/cypress/psoc creator/3.3/psoc creator/import/gnu/arm/4.9.3/bin/../lib/gcc/arm-none-eabi/4.9.3/../../../../arm-none-eabi/lib/armv7-m\libg_nano.a(lib_a-locale.o)
 .ARM.attributes
                0x00000799       0x2d c:/program files (x86)/cypress/psoc creator/3.3/psoc creator/import/gnu/arm/4.9.3/bin/../lib/gcc/arm-none-eabi/4.9.3/../../../../arm-none-eabi/lib/armv7-m\libg_nano.a(lib_a-malloc.o)
 .ARM.attributes
                0x000007c6       0x2d c:/program files (x86)/cypress/psoc creator/3.3/psoc creator/import/gnu/arm/4.9.3/bin/../lib/gcc/arm-none-eabi/4.9.3/../../../../arm-none-eabi/lib/armv7-m\libg_nano.a(lib_a-memchr.o)
 .ARM.attributes
                0x000007f3       0x2d c:/program files (x86)/cypress/psoc creator/3.3/psoc creator/import/gnu/arm/4.9.3/bin/../lib/gcc/arm-none-eabi/4.9.3/../../../../arm-none-eabi/lib/armv7-m\libg_nano.a(lib_a-mprec.o)
 .ARM.attributes
                0x00000820       0x2d c:/program files (x86)/cypress/psoc creator/3.3/psoc creator/import/gnu/arm/4.9.3/bin/../lib/gcc/arm-none-eabi/4.9.3/../../../../arm-none-eabi/lib/armv7-m\libg_nano.a(lib_a-nano-callocr.o)
 .ARM.attributes
                0x0000084d       0x2d c:/program files (x86)/cypress/psoc creator/3.3/psoc creator/import/gnu/arm/4.9.3/bin/../lib/gcc/arm-none-eabi/4.9.3/../../../../arm-none-eabi/lib/armv7-m\libg_nano.a(lib_a-nano-freer.o)
 .ARM.attributes
                0x0000087a       0x2d c:/program files (x86)/cypress/psoc creator/3.3/psoc creator/import/gnu/arm/4.9.3/bin/../lib/gcc/arm-none-eabi/4.9.3/../../../../arm-none-eabi/lib/armv7-m\libg_nano.a(lib_a-nano-mallocr.o)
 .ARM.attributes
                0x000008a7       0x2d c:/program files (x86)/cypress/psoc creator/3.3/psoc creator/import/gnu/arm/4.9.3/bin/../lib/gcc/arm-none-eabi/4.9.3/../../../../arm-none-eabi/lib/armv7-m\libg_nano.a(lib_a-sbrkr.o)
 .ARM.attributes
                0x000008d4       0x1b c:/program files (x86)/cypress/psoc creator/3.3/psoc creator/import/gnu/arm/4.9.3/bin/../lib/gcc/arm-none-eabi/4.9.3/../../../../arm-none-eabi/lib/armv7-m\libg_nano.a(lib_a-strcmp.o)
 .ARM.attributes
                0x000008ef       0x2d c:/program files (x86)/cypress/psoc creator/3.3/psoc creator/import/gnu/arm/4.9.3/bin/../lib/gcc/arm-none-eabi/4.9.3/../../../../arm-none-eabi/lib/armv7-m\libg_nano.a(lib_a-reent.o)
 .ARM.attributes
                0x0000091c       0x1d c:/program files (x86)/cypress/psoc creator/3.3/psoc creator/import/gnu/arm/4.9.3/bin/../lib/gcc/arm-none-eabi/4.9.3/armv7-m\libgcc.a(_arm_addsubdf3.o)
 .ARM.attributes
                0x00000939       0x1d c:/program files (x86)/cypress/psoc creator/3.3/psoc creator/import/gnu/arm/4.9.3/bin/../lib/gcc/arm-none-eabi/4.9.3/armv7-m\libgcc.a(_arm_muldivdf3.o)
 .ARM.attributes
                0x00000956       0x1d c:/program files (x86)/cypress/psoc creator/3.3/psoc creator/import/gnu/arm/4.9.3/bin/../lib/gcc/arm-none-eabi/4.9.3/armv7-m\libgcc.a(_arm_cmpdf2.o)
 .ARM.attributes
                0x00000973       0x1d c:/program files (x86)/cypress/psoc creator/3.3/psoc creator/import/gnu/arm/4.9.3/bin/../lib/gcc/arm-none-eabi/4.9.3/armv7-m\libgcc.a(_arm_fixdfsi.o)
 .ARM.attributes
                0x00000990       0x2d c:/program files (x86)/cypress/psoc creator/3.3/psoc creator/import/gnu/arm/4.9.3/bin/../lib/gcc/arm-none-eabi/4.9.3/armv7-m/crtend.o
 .ARM.attributes
                0x000009bd       0x1d c:/program files (x86)/cypress/psoc creator/3.3/psoc creator/import/gnu/arm/4.9.3/bin/../lib/gcc/arm-none-eabi/4.9.3/armv7-m/crtn.o

/DISCARD/
 *(.note.GNU-stack)
OUTPUT(.\CortexM3\ARM_GCC_493\Debug\Echo.elf elf32-littlearm)
